#
# There is insufficient memory for the Java Runtime Environment to continue.
# Native memory allocation (malloc) failed to allocate 726720 bytes. Error detail: Chunk::new
# Possible reasons:
#   The system is out of physical RAM or swap space
#   This process is running with CompressedOops enabled, and the Java Heap may be blocking the growth of the native heap
# Possible solutions:
#   Reduce memory load on the system
#   Increase physical memory or swap space
#   Check if swap backing store is full
#   Decrease Java heap size (-Xmx/-Xms)
#   Decrease number of Java threads
#   Decrease Java thread stack sizes (-Xss)
#   Set larger code cache with -XX:ReservedCodeCacheSize=
#   JVM is running with Unscaled Compressed Oops mode in which the Java heap is
#     placed in the first 4GB address space. The Java Heap base address is the
#     maximum limit for the native heap growth. Please use -XX:HeapBaseMinAddress
#     to set the Java Heap base and to place the Java Heap above 4GB virtual address.
# This output file may be truncated or incomplete.
#
#  Out of Memory Error (arena.cpp:168), pid=17864, tid=18240
#
# JRE version: OpenJDK Runtime Environment Temurin-21.0.10+7 (21.0.10+7) (build 21.0.10+7-LTS)
# Java VM: OpenJDK 64-Bit Server VM Temurin-21.0.10+7 (21.0.10+7-LTS, mixed mode, sharing, tiered, compressed oops, compressed class ptrs, parallel gc, windows-amd64)
# No core dump will be written. Minidumps are not enabled by default on client versions of Windows
#

---------------  S U M M A R Y ------------

Command Line: --add-modules=ALL-SYSTEM --add-opens=java.base/java.util=ALL-UNNAMED --add-opens=java.base/java.lang=ALL-UNNAMED --add-opens=java.base/sun.nio.fs=ALL-UNNAMED -Declipse.application=org.eclipse.jdt.ls.core.id1 -Dosgi.bundles.defaultStartLevel=4 -Declipse.product=org.eclipse.jdt.ls.core.product -Djava.import.generatesMetadataFilesAtProjectRoot=false -DDetectVMInstallationsJob.disabled=true -Dfile.encoding=utf8 -XX:+UseParallelGC -XX:GCTimeRatio=4 -XX:AdaptiveSizePolicyWeight=90 -Dsun.zip.disableMemoryMapping=true -Xmx2G -Xms100m -Xlog:disable -javaagent:c:\Users\HOME\.vscode\extensions\redhat.java-1.54.0-win32-x64\lombok\lombok-1.18.39-4050.jar -XX:+HeapDumpOnOutOfMemoryError -XX:HeapDumpPath=c:\Users\HOME\AppData\Roaming\Code\User\workspaceStorage\24419083ecbf71930fab6177e44796a6\redhat.java -Daether.dependencyCollector.impl=bf c:\Users\HOME\.vscode\extensions\redhat.java-1.54.0-win32-x64\server\plugins\org.eclipse.equinox.launcher_1.7.100.v20251111-0406.jar -configuration c:\Users\HOME\AppData\Roaming\Code\User\globalStorage\redhat.java\1.54.0\config_win -data c:\Users\HOME\AppData\Roaming\Code\User\workspaceStorage\24419083ecbf71930fab6177e44796a6\redhat.java\jdt_ws --pipe=\\.\pipe\lsp-4a08a05bb090f0fa44c5496ef83a4a44-sock

Host: Intel(R) Core(TM) Ultra 5 125H, 18 cores, 15G,  Windows 11 , 64 bit Build 26100 (10.0.26100.8328)
Time: Sat May 30 03:19:27 2026 elapsed time: 5302.060763 seconds (0d 1h 28m 22s)

---------------  T H R E A D  ---------------

Current thread (0x000002aba62cb330):  JavaThread "C2 CompilerThread0" daemon [_thread_in_native, id=18240, stack(0x000000f39b000000,0x000000f39b100000) (1024K)]


Current CompileTask:
C2:5302061 21414 %     4       org.eclipse.jdt.internal.core.index.DiskIndex::mergeCategory @ 66 (301 bytes)

Stack: [0x000000f39b000000,0x000000f39b100000]
Native frames: (J=compiled Java code, j=interpreted, Vv=VM code, C=native code)
V  [jvm.dll+0x6d7a39]
V  [jvm.dll+0x8b4b26]
V  [jvm.dll+0x8b70de]
V  [jvm.dll+0x8b77c3]
V  [jvm.dll+0x284346]
V  [jvm.dll+0xc66ed]
V  [jvm.dll+0xc6c31]
V  [jvm.dll+0x3bec3b]
V  [jvm.dll+0x1e3f69]
V  [jvm.dll+0x24c6b3]
V  [jvm.dll+0x24bb40]
V  [jvm.dll+0x1cb34e]
V  [jvm.dll+0x25b85d]
V  [jvm.dll+0x259dea]
V  [jvm.dll+0x3f857e]
V  [jvm.dll+0x85f59d]
V  [jvm.dll+0x6d626d]
C  [ucrtbase.dll+0x37b0]
C  [KERNEL32.DLL+0x2e957]
C  [ntdll.dll+0x427c]


---------------  P R O C E S S  ---------------

Threads class SMR info:
_java_thread_list=0x000002ab85e7ed20, length=63, elements={
0x000002aba6220420, 0x000002abff0bc200, 0x000002abff0be6e0, 0x000002abff0c2250,
0x000002abff0c4dc0, 0x000002aba62c1370, 0x000002aba62c1dd0, 0x000002aba62cb330,
0x000002aba61cd300, 0x000002abff2f43f0, 0x000002ab85036cf0, 0x000002ab85a2c2e0,
0x000002ab8588ac80, 0x000002ab8588c6c0, 0x000002ab8588b9a0, 0x000002ab8588c030,
0x000002ab8588cd50, 0x000002ab8588d3e0, 0x000002ab8588da70, 0x000002ab876a7840,
0x000002ab876a8560, 0x000002ab876a7ed0, 0x000002ab876a8bf0, 0x000002ab876aa630,
0x000002ab876a71b0, 0x000002ab876aacc0, 0x000002ab876ab350, 0x000002ab876ab9e0,
0x000002ab876ac070, 0x000002ab876ac700, 0x000002ab876a9280, 0x000002ab876ad420,
0x000002ab876acd90, 0x000002ab876adab0, 0x000002ab876ae140, 0x000002ab876ae7d0,
0x000002ab872ee320, 0x000002ab872ee9b0, 0x000002ab872ef6d0, 0x000002ab872ed600,
0x000002ab872edc90, 0x000002ab872ec250, 0x000002ab872efd60, 0x000002ab8b292400,
0x000002ab8b2965a0, 0x000002ab8b296c30, 0x000002ab8a783490, 0x000002ab8b297950,
0x000002ab8ae84fb0, 0x000002ab8b292a90, 0x000002ab8b293120, 0x000002ab8b291d70,
0x000002ab8b290330, 0x000002ab8b293e40, 0x000002ab8b2916e0, 0x000002ab8b291050,
0x000002ab8b2972c0, 0x000002ab8b295f10, 0x000002ab8ae85640, 0x000002ab8ae84920,
0x000002ab8ae84290, 0x000002ab851fefb0, 0x000002ab851fdb40
}

Java Threads: ( => current thread )
  0x000002aba6220420 JavaThread "main"                              [_thread_blocked, id=6540, stack(0x000000f39a600000,0x000000f39a700000) (1024K)]
  0x000002abff0bc200 JavaThread "Reference Handler"          daemon [_thread_blocked, id=18004, stack(0x000000f39aa00000,0x000000f39ab00000) (1024K)]
  0x000002abff0be6e0 JavaThread "Finalizer"                  daemon [_thread_blocked, id=9172, stack(0x000000f39ab00000,0x000000f39ac00000) (1024K)]
  0x000002abff0c2250 JavaThread "Signal Dispatcher"          daemon [_thread_blocked, id=18132, stack(0x000000f39ac00000,0x000000f39ad00000) (1024K)]
  0x000002abff0c4dc0 JavaThread "Attach Listener"            daemon [_thread_blocked, id=10548, stack(0x000000f39ad00000,0x000000f39ae00000) (1024K)]
  0x000002aba62c1370 JavaThread "Service Thread"             daemon [_thread_blocked, id=9980, stack(0x000000f39ae00000,0x000000f39af00000) (1024K)]
  0x000002aba62c1dd0 JavaThread "Monitor Deflation Thread"   daemon [_thread_blocked, id=18068, stack(0x000000f39af00000,0x000000f39b000000) (1024K)]
=>0x000002aba62cb330 JavaThread "C2 CompilerThread0"         daemon [_thread_in_native, id=18240, stack(0x000000f39b000000,0x000000f39b100000) (1024K)]
  0x000002aba61cd300 JavaThread "C1 CompilerThread0"         daemon [_thread_blocked, id=17912, stack(0x000000f39b100000,0x000000f39b200000) (1024K)]
  0x000002abff2f43f0 JavaThread "Common-Cleaner"             daemon [_thread_blocked, id=17956, stack(0x000000f39b500000,0x000000f39b600000) (1024K)]
  0x000002ab85036cf0 JavaThread "Notification Thread"        daemon [_thread_blocked, id=18116, stack(0x000000f39b400000,0x000000f39b500000) (1024K)]
  0x000002ab85a2c2e0 JavaThread "Active Thread: Equinox Container: ae262107-5858-4c5e-a36e-842abdebd142"        [_thread_blocked, id=6656, stack(0x000000f39c200000,0x000000f39c300000) (1024K)]
  0x000002ab8588ac80 JavaThread "Refresh Thread: Equinox Container: ae262107-5858-4c5e-a36e-842abdebd142" daemon [_thread_blocked, id=18556, stack(0x000000f39c400000,0x000000f39c500000) (1024K)]
  0x000002ab8588c6c0 JavaThread "Framework Event Dispatcher: Equinox Container: ae262107-5858-4c5e-a36e-842abdebd142" daemon [_thread_blocked, id=18592, stack(0x000000f39c100000,0x000000f39c200000) (1024K)]
  0x000002ab8588b9a0 JavaThread "Start Level: Equinox Container: ae262107-5858-4c5e-a36e-842abdebd142" daemon [_thread_blocked, id=18604, stack(0x000000f39c500000,0x000000f39c600000) (1024K)]
  0x000002ab8588c030 JavaThread "Bundle File Closer"         daemon [_thread_blocked, id=19160, stack(0x000000f39c800000,0x000000f39c900000) (1024K)]
  0x000002ab8588cd50 JavaThread "SCR Component Actor"        daemon [_thread_blocked, id=18600, stack(0x000000f39b700000,0x000000f39b800000) (1024K)]
  0x000002ab8588d3e0 JavaThread "Worker-JM"                         [_thread_blocked, id=16988, stack(0x000000f39b800000,0x000000f39b900000) (1024K)]
  0x000002ab8588da70 JavaThread "JNA Cleaner"                daemon [_thread_blocked, id=19052, stack(0x000000f39ca00000,0x000000f39cb00000) (1024K)]
  0x000002ab876a7840 JavaThread "Java indexing"              daemon [_thread_blocked, id=18832, stack(0x000000f39d000000,0x000000f39d100000) (1024K)]
  0x000002ab876a8560 JavaThread "Worker-4"                          [_thread_blocked, id=19424, stack(0x000000f39d600000,0x000000f39d700000) (1024K)]
  0x000002ab876a7ed0 JavaThread "Thread-1"                   daemon [_thread_in_native, id=14512, stack(0x000000f39d700000,0x000000f39d800000) (1024K)]
  0x000002ab876a8bf0 JavaThread "Thread-2"                   daemon [_thread_in_native, id=19440, stack(0x000000f39d800000,0x000000f39d900000) (1024K)]
  0x000002ab876aa630 JavaThread "Thread-3"                   daemon [_thread_in_native, id=18440, stack(0x000000f39d900000,0x000000f39da00000) (1024K)]
  0x000002ab876a71b0 JavaThread "Thread-4"                   daemon [_thread_in_native, id=18312, stack(0x000000f39da00000,0x000000f39db00000) (1024K)]
  0x000002ab876aacc0 JavaThread "Thread-5"                   daemon [_thread_in_native, id=19176, stack(0x000000f39db00000,0x000000f39dc00000) (1024K)]
  0x000002ab876ab350 JavaThread "Thread-6"                   daemon [_thread_in_native, id=5244, stack(0x000000f39dc00000,0x000000f39dd00000) (1024K)]
  0x000002ab876ab9e0 JavaThread "Thread-7"                   daemon [_thread_in_native, id=18012, stack(0x000000f39dd00000,0x000000f39de00000) (1024K)]
  0x000002ab876ac070 JavaThread "Thread-8"                   daemon [_thread_in_native, id=18540, stack(0x000000f39de00000,0x000000f39df00000) (1024K)]
  0x000002ab876ac700 JavaThread "Thread-9"                   daemon [_thread_in_native, id=18480, stack(0x000000f39df00000,0x000000f39e000000) (1024K)]
  0x000002ab876a9280 JavaThread "Thread-10"                  daemon [_thread_in_native, id=18476, stack(0x000000f39e000000,0x000000f39e100000) (1024K)]
  0x000002ab876ad420 JavaThread "Thread-11"                  daemon [_thread_in_native, id=18088, stack(0x000000f39e100000,0x000000f39e200000) (1024K)]
  0x000002ab876acd90 JavaThread "Thread-12"                  daemon [_thread_in_native, id=19332, stack(0x000000f39e200000,0x000000f39e300000) (1024K)]
  0x000002ab876adab0 JavaThread "Thread-13"                  daemon [_thread_in_native, id=3856, stack(0x000000f39e300000,0x000000f39e400000) (1024K)]
  0x000002ab876ae140 JavaThread "Thread-14"                  daemon [_thread_in_native, id=19320, stack(0x000000f39e400000,0x000000f39e500000) (1024K)]
  0x000002ab876ae7d0 JavaThread "Thread-15"                  daemon [_thread_in_native, id=19348, stack(0x000000f39e500000,0x000000f39e600000) (1024K)]
  0x000002ab872ee320 JavaThread "Thread-16"                  daemon [_thread_in_native, id=19436, stack(0x000000f39e600000,0x000000f39e700000) (1024K)]
  0x000002ab872ee9b0 JavaThread "Thread-17"                  daemon [_thread_in_native, id=19372, stack(0x000000f39e700000,0x000000f39e800000) (1024K)]
  0x000002ab872ef6d0 JavaThread "Thread-18"                  daemon [_thread_in_native, id=19288, stack(0x000000f39e800000,0x000000f39e900000) (1024K)]
  0x000002ab872ed600 JavaThread "Thread-19"                  daemon [_thread_blocked, id=19284, stack(0x000000f39e900000,0x000000f39ea00000) (1024K)]
  0x000002ab872edc90 JavaThread "pool-2-thread-1"                   [_thread_blocked, id=19280, stack(0x000000f39ea00000,0x000000f39eb00000) (1024K)]
  0x000002ab872ec250 JavaThread "WorkspaceEventsHandler"            [_thread_blocked, id=18256, stack(0x000000f39ef00000,0x000000f39f000000) (1024K)]
  0x000002ab872efd60 JavaThread "pool-1-thread-1"                   [_thread_blocked, id=10504, stack(0x000000f39f000000,0x000000f39f100000) (1024K)]
  0x000002ab8b292400 JavaThread "Java Debug Server"          daemon [_thread_in_native, id=18860, stack(0x000000f39cd00000,0x000000f39ce00000) (1024K)]
  0x000002ab8b2965a0 JavaThread "RxSchedulerPurge-1"         daemon [_thread_blocked, id=19324, stack(0x000000f39d100000,0x000000f39d200000) (1024K)]
  0x000002ab8b296c30 JavaThread "RxCachedWorkerPoolEvictor-1" daemon [_thread_blocked, id=19308, stack(0x000000f39eb00000,0x000000f39ec00000) (1024K)]
  0x000002ab8a783490 JavaThread "Cleaner-0"                  daemon [_thread_blocked, id=12832, stack(0x000000f39ce00000,0x000000f39cf00000) (1024K)]
  0x000002ab8b297950 JavaThread "Worker-6: Building"                [_thread_blocked, id=3408, stack(0x000000f39f300000,0x000000f39f400000) (1024K)]
  0x000002ab8ae84fb0 JavaThread "HttpClient-2-SelectorManager" daemon [_thread_in_native, id=5132, stack(0x000000f39ff00000,0x000000f3a0000000) (1024K)]
  0x000002ab8b292a90 JavaThread "ForkJoinPool.commonPool-worker-48" daemon [_thread_blocked, id=19064, stack(0x000000f39a300000,0x000000f39a400000) (1024K)]
  0x000002ab8b293120 JavaThread "ForkJoinPool.commonPool-worker-49" daemon [_thread_blocked, id=13876, stack(0x000000f39a400000,0x000000f39a500000) (1024K)]
  0x000002ab8b291d70 JavaThread "ForkJoinPool.commonPool-worker-50" daemon [_thread_blocked, id=18984, stack(0x000000f39a500000,0x000000f39a600000) (1024K)]
  0x000002ab8b290330 JavaThread "ForkJoinPool.commonPool-worker-51" daemon [_thread_blocked, id=1428, stack(0x000000f39b200000,0x000000f39b300000) (1024K)]
  0x000002ab8b293e40 JavaThread "ForkJoinPool.commonPool-worker-52" daemon [_thread_blocked, id=22136, stack(0x000000f39b300000,0x000000f39b400000) (1024K)]
  0x000002ab8b2916e0 JavaThread "ForkJoinPool.commonPool-worker-53" daemon [_thread_blocked, id=2748, stack(0x000000f39cb00000,0x000000f39cc00000) (1024K)]
  0x000002ab8b291050 JavaThread "ForkJoinPool.commonPool-worker-54" daemon [_thread_blocked, id=14744, stack(0x000000f39cc00000,0x000000f39cd00000) (1024K)]
  0x000002ab8b2972c0 JavaThread "ForkJoinPool.commonPool-worker-55" daemon [_thread_blocked, id=17124, stack(0x000000f39cf00000,0x000000f39d000000) (1024K)]
  0x000002ab8b295f10 JavaThread "ForkJoinPool.commonPool-worker-56" daemon [_thread_blocked, id=4192, stack(0x000000f39d200000,0x000000f39d300000) (1024K)]
  0x000002ab8ae85640 JavaThread "ForkJoinPool.commonPool-worker-57" daemon [_thread_blocked, id=19912, stack(0x000000f39d300000,0x000000f39d400000) (1024K)]
  0x000002ab8ae84920 JavaThread "ForkJoinPool.commonPool-worker-58" daemon [_thread_blocked, id=16820, stack(0x000000f39d400000,0x000000f39d500000) (1024K)]
  0x000002ab8ae84290 JavaThread "ForkJoinPool.commonPool-worker-59" daemon [_thread_blocked, id=16048, stack(0x000000f39d500000,0x000000f39d600000) (1024K)]
  0x000002ab851fefb0 JavaThread "C2 CompilerThread1"         daemon [_thread_blocked, id=20156, stack(0x000000f39ec00000,0x000000f39ed00000) (1024K)]
  0x000002ab851fdb40 JavaThread "C2 CompilerThread2"         daemon [_thread_blocked, id=19560, stack(0x000000f39ed00000,0x000000f39ee00000) (1024K)]
Total: 63

Other Threads:
  0x000002abff0b5c20 VMThread "VM Thread"                           [id=17936, stack(0x000000f39a900000,0x000000f39aa00000) (1024K)]
  0x000002aba60aca00 WatcherThread "VM Periodic Task Thread"        [id=17664, stack(0x000000f39a800000,0x000000f39a900000) (1024K)]
  0x000002aba623fa10 WorkerThread "GC Thread#0"                     [id=18180, stack(0x000000f39a700000,0x000000f39a800000) (1024K)]
  0x000002ab854a41a0 WorkerThread "GC Thread#1"                     [id=11524, stack(0x000000f39b900000,0x000000f39ba00000) (1024K)]
  0x000002ab854a82f0 WorkerThread "GC Thread#2"                     [id=18064, stack(0x000000f39ba00000,0x000000f39bb00000) (1024K)]
  0x000002ab854a4550 WorkerThread "GC Thread#3"                     [id=13400, stack(0x000000f39bb00000,0x000000f39bc00000) (1024K)]
  0x000002ab853bde40 WorkerThread "GC Thread#4"                     [id=18208, stack(0x000000f39bc00000,0x000000f39bd00000) (1024K)]
  0x000002ab8579cb60 WorkerThread "GC Thread#5"                     [id=18280, stack(0x000000f39bd00000,0x000000f39be00000) (1024K)]
  0x000002ab8579cf10 WorkerThread "GC Thread#6"                     [id=18056, stack(0x000000f39be00000,0x000000f39bf00000) (1024K)]
  0x000002ab85cf3640 WorkerThread "GC Thread#7"                     [id=18236, stack(0x000000f39c300000,0x000000f39c400000) (1024K)]
  0x000002ab8603c510 WorkerThread "GC Thread#8"                     [id=18908, stack(0x000000f39c000000,0x000000f39c100000) (1024K)]
  0x000002ab8603c8c0 WorkerThread "GC Thread#9"                     [id=18912, stack(0x000000f39c600000,0x000000f39c700000) (1024K)]
  0x000002ab85f70740 WorkerThread "GC Thread#10"                    [id=18916, stack(0x000000f39c700000,0x000000f39c800000) (1024K)]
  0x000002ab857fe990 WorkerThread "GC Thread#11"                    [id=18596, stack(0x000000f39b600000,0x000000f39b700000) (1024K)]
  0x000002ab85b02170 WorkerThread "GC Thread#12"                    [id=19192, stack(0x000000f39bf00000,0x000000f39c000000) (1024K)]
  0x000002ab85b028d0 WorkerThread "GC Thread#13"                    [id=19196, stack(0x000000f39c900000,0x000000f39ca00000) (1024K)]
Total: 16

Threads with active compile tasks:
C2 CompilerThread0  5302118 21414 %     4       org.eclipse.jdt.internal.core.index.DiskIndex::mergeCategory @ 66 (301 bytes)
C2 CompilerThread1  5302118 21424       4       org.eclipse.jdt.internal.core.index.DiskIndex::writeCategoryTable (252 bytes)
C2 CompilerThread2  5302119 21416   !   4       org.eclipse.jdt.internal.core.NameLookup::seekTypesInBinaryPackage (399 bytes)
Total: 3

VM state: at safepoint (normal execution)

VM Mutex/Monitor currently owned by a thread:  ([mutex/lock_event])
[0x00007ff84d98e560] Threads_lock - owner thread: 0x000002abff0b5c20
[0x00007ff84d98e660] Heap_lock - owner thread: 0x000002ab876a7840
[0x00007ff84d98eae0] PSOldGenExpand_lock - owner thread: 0x000002ab8603c510

Heap address: 0x0000000080000000, size: 2048 MB, Compressed Oops mode: 32-bit

CDS archive(s) mapped at: [0x000002abbd000000-0x000002abbdba0000-0x000002abbdba0000), size 12189696, SharedBaseAddress: 0x000002abbd000000, ArchiveRelocationMode: 1.
Compressed class space mapped at: 0x000002abbe000000-0x000002abfe000000, reserved size: 1073741824
Narrow klass base: 0x000002abbd000000, Narrow klass shift: 0, Narrow klass range: 0x100000000

GC Precious Log:
 CardTable entry size: 512
 CPUs: 18 total, 18 available
 Memory: 15931M
 Large Page Support: Disabled
 NUMA Support: Disabled
 Compressed Oops: Enabled (32-bit)
 Alignments: Space 512K, Generation 512K, Heap 2M
 Heap Min Capacity: 100M
 Heap Initial Capacity: 100M
 Heap Max Capacity: 2G
 Pre-touch: Disabled
 Parallel Workers: 14

Heap:
 PSYoungGen      total 7680K, used 7403K [0x00000000d5580000, 0x00000000d7000000, 0x0000000100000000)
  eden space 3584K, 92% used [0x00000000d5580000,0x00000000d58c11c8,0x00000000d5900000)
  from space 4096K, 99% used [0x00000000d6200000,0x00000000d65f9db0,0x00000000d6600000)
  to   space 9216K, 27% used [0x00000000d5900000,0x00000000d5b80000,0x00000000d6200000)
 ParOldGen       total 275968K, used 275960K [0x0000000080000000, 0x0000000090d80000, 0x00000000d5580000)
  object space 275968K, 99% used [0x0000000080000000,0x0000000090d7e200,0x0000000090d80000)
 Metaspace       used 91671K, committed 93312K, reserved 1179648K
  class space    used 9546K, committed 10304K, reserved 1048576K

Card table byte_map: [0x000002aba5bc0000,0x000002aba5fd0000] _byte_map_base: 0x000002aba57c0000

Marking Bits: (ParMarkBitMap*) 0x00007ff84d993450
 Begin Bits: [0x000002abb86d0000, 0x000002abba6d0000)
 End Bits:   [0x000002abba6d0000, 0x000002abbc6d0000)

Polling page: 0x000002aba40b0000

Metaspace:

Usage:
  Non-class:     80.20 MB used.
      Class:      9.32 MB used.
       Both:     89.52 MB used.

Virtual space:
  Non-class space:      128.00 MB reserved,      81.06 MB ( 63%) committed,  2 nodes.
      Class space:        1.00 GB reserved,      10.06 MB ( <1%) committed,  1 nodes.
             Both:        1.12 GB reserved,      91.12 MB (  8%) committed. 

Chunk freelists:
   Non-Class:  14.20 MB
       Class:  5.94 MB
        Both:  20.14 MB

MaxMetaspaceSize: unlimited
CompressedClassSpaceSize: 1.00 GB
Initial GC threshold: 21.00 MB
Current GC threshold: 146.56 MB
CDS: on
 - commit_granule_bytes: 65536.
 - commit_granule_words: 8192.
 - virtual_space_node_default_size: 8388608.
 - enlarge_chunks_in_place: 1.
 - use_allocation_guard: 0.


Internal statistics:

num_allocs_failed_limit: 9.
num_arena_births: 1792.
num_arena_deaths: 428.
num_vsnodes_births: 3.
num_vsnodes_deaths: 0.
num_space_committed: 1458.
num_space_uncommitted: 0.
num_chunks_returned_to_freelist: 504.
num_chunks_taken_from_freelist: 6513.
num_chunk_merges: 134.
num_chunk_splits: 3748.
num_chunks_enlarged: 2065.
num_inconsistent_stats: 0.

CodeHeap 'non-profiled nmethods': size=119168Kb used=15066Kb max_used=16702Kb free=104101Kb
 bounds [0x000002abb0fc0000, 0x000002abb2010000, 0x000002abb8420000]
CodeHeap 'profiled nmethods': size=119104Kb used=41346Kb max_used=47392Kb free=77757Kb
 bounds [0x000002aba9420000, 0x000002abac270000, 0x000002abb0870000]
CodeHeap 'non-nmethods': size=7488Kb used=1535Kb max_used=3262Kb free=5952Kb
 bounds [0x000002abb0870000, 0x000002abb0bf0000, 0x000002abb0fc0000]
CodeCache: size=245760Kb, used=57947Kb, max_used=67356Kb, free=187810Kb
 total_blobs=18182, nmethods=17322, adapters=761, full_count=0
Compilation: enabled, stopped_count=0, restarted_count=0

Compilation events (20 events):
Event: 5299.909 Thread 0x000002aba62cb330 nmethod 21395% 0x000002abb1409390 code [0x000002abb1409640, 0x000002abb140a8a8]
Event: 5299.910 Thread 0x000002aba62cb330 21414 %     4       org.eclipse.jdt.internal.core.index.DiskIndex::mergeCategory @ 66 (301 bytes)
Event: 5299.910 Thread 0x000002ab851fefb0 21407       4       org.eclipse.jdt.internal.core.ClassFile::<init> (56 bytes)
Event: 5299.924 Thread 0x000002aba61cd300 21419 %     3       org.eclipse.jdt.internal.core.util.WeakHashSet::rehash @ 38 (90 bytes)
Event: 5299.924 Thread 0x000002aba61cd300 nmethod 21419% 0x000002aba9eb0790 code [0x000002aba9eb0980, 0x000002aba9eb0de0]
Event: 5299.925 Thread 0x000002aba61cd300 21420       3       org.eclipse.jdt.internal.core.util.WeakHashSet::rehash (90 bytes)
Event: 5299.925 Thread 0x000002ab851fdb40 21416   !   4       org.eclipse.jdt.internal.core.NameLookup::seekTypesInBinaryPackage (399 bytes)
Event: 5299.925 Thread 0x000002aba61cd300 nmethod 21420 0x000002abaa341290 code [0x000002abaa341460, 0x000002abaa3417d0]
Event: 5299.926 Thread 0x000002aba61cd300 21421       3       org.eclipse.jdt.internal.core.util.WeakHashSet::addValue (99 bytes)
Event: 5299.927 Thread 0x000002aba61cd300 nmethod 21421 0x000002aba9814790 code [0x000002aba98149a0, 0x000002aba98150a8]
Event: 5299.927 Thread 0x000002ab851fefb0 nmethod 21407 0x000002abb149da10 code [0x000002abb149dc80, 0x000002abb149eaf0]
Event: 5299.928 Thread 0x000002ab851fefb0 21418       4       java.lang.ThreadLocal::set (18 bytes)
Event: 5299.935 Thread 0x000002ab851fefb0 nmethod 21418 0x000002abb1b14c90 code [0x000002abb1b14e80, 0x000002abb1b15318]
Event: 5299.935 Thread 0x000002ab851fefb0 21422       4       org.eclipse.jdt.internal.core.util.WeakHashSet::addValue (99 bytes)
Event: 5299.938 Thread 0x000002ab851fefb0 nmethod 21422 0x000002abb1408c90 code [0x000002abb1408e40, 0x000002abb1409158]
Event: 5299.938 Thread 0x000002ab851fefb0 21423 %     4       org.eclipse.jdt.internal.core.util.WeakHashSet::rehash @ 38 (90 bytes)
Event: 5299.938 Thread 0x000002aba61cd300 21425       3       org.eclipse.core.internal.events.ResourceDelta::accept (7 bytes)
Event: 5299.938 Thread 0x000002aba61cd300 nmethod 21425 0x000002abaa3ffc90 code [0x000002abaa3ffe40, 0x000002abaa3fffa0]
Event: 5299.945 Thread 0x000002ab851fefb0 nmethod 21423% 0x000002abb149cf90 code [0x000002abb149d160, 0x000002abb149d698]
Event: 5299.945 Thread 0x000002ab851fefb0 21424       4       org.eclipse.jdt.internal.core.index.DiskIndex::writeCategoryTable (252 bytes)

GC Heap History (20 events):
Event: 5299.655 GC heap after
{Heap after GC invocations=1081 (full 5):
 PSYoungGen      total 5120K, used 1222K [0x00000000d5580000, 0x00000000d5e00000, 0x0000000100000000)
  eden space 3584K, 0% used [0x00000000d5580000,0x00000000d5580000,0x00000000d5900000)
  from space 1536K, 79% used [0x00000000d5900000,0x00000000d5a31990,0x00000000d5a80000)
  to   space 2560K, 0% used [0x00000000d5b80000,0x00000000d5b80000,0x00000000d5e00000)
 ParOldGen       total 249856K, used 249582K [0x0000000080000000, 0x000000008f400000, 0x00000000d5580000)
  object space 249856K, 99% used [0x0000000080000000,0x000000008f3bb8e0,0x000000008f400000)
 Metaspace       used 91646K, committed 93312K, reserved 1179648K
  class space    used 9543K, committed 10304K, reserved 1048576K
}
Event: 5299.668 GC heap before
{Heap before GC invocations=1082 (full 5):
 PSYoungGen      total 5120K, used 4647K [0x00000000d5580000, 0x00000000d5e00000, 0x0000000100000000)
  eden space 3584K, 95% used [0x00000000d5580000,0x00000000d58d82a0,0x00000000d5900000)
  from space 1536K, 79% used [0x00000000d5900000,0x00000000d5a31990,0x00000000d5a80000)
  to   space 2560K, 0% used [0x00000000d5b80000,0x00000000d5b80000,0x00000000d5e00000)
 ParOldGen       total 249856K, used 249582K [0x0000000080000000, 0x000000008f400000, 0x00000000d5580000)
  object space 249856K, 99% used [0x0000000080000000,0x000000008f3bb8e0,0x000000008f400000)
 Metaspace       used 91646K, committed 93312K, reserved 1179648K
  class space    used 9543K, committed 10304K, reserved 1048576K
}
Event: 5299.671 GC heap after
{Heap after GC invocations=1082 (full 5):
 PSYoungGen      total 4096K, used 192K [0x00000000d5580000, 0x00000000d5c00000, 0x0000000100000000)
  eden space 3584K, 0% used [0x00000000d5580000,0x00000000d5580000,0x00000000d5900000)
  from space 512K, 37% used [0x00000000d5b80000,0x00000000d5bb0000,0x00000000d5c00000)
  to   space 1024K, 0% used [0x00000000d5a00000,0x00000000d5a00000,0x00000000d5b00000)
 ParOldGen       total 250368K, used 250050K [0x0000000080000000, 0x000000008f480000, 0x00000000d5580000)
  object space 250368K, 99% used [0x0000000080000000,0x000000008f430ae0,0x000000008f480000)
 Metaspace       used 91646K, committed 93312K, reserved 1179648K
  class space    used 9543K, committed 10304K, reserved 1048576K
}
Event: 5299.685 GC heap before
{Heap before GC invocations=1083 (full 5):
 PSYoungGen      total 4096K, used 3776K [0x00000000d5580000, 0x00000000d5c00000, 0x0000000100000000)
  eden space 3584K, 100% used [0x00000000d5580000,0x00000000d5900000,0x00000000d5900000)
  from space 512K, 37% used [0x00000000d5b80000,0x00000000d5bb0000,0x00000000d5c00000)
  to   space 1024K, 0% used [0x00000000d5a00000,0x00000000d5a00000,0x00000000d5b00000)
 ParOldGen       total 250368K, used 250050K [0x0000000080000000, 0x000000008f480000, 0x00000000d5580000)
  object space 250368K, 99% used [0x0000000080000000,0x000000008f430ae0,0x000000008f480000)
 Metaspace       used 91646K, committed 93312K, reserved 1179648K
  class space    used 9543K, committed 10304K, reserved 1048576K
}
Event: 5299.690 GC heap after
{Heap after GC invocations=1083 (full 5):
 PSYoungGen      total 4608K, used 1004K [0x00000000d5580000, 0x00000000d6200000, 0x0000000100000000)
  eden space 3584K, 0% used [0x00000000d5580000,0x00000000d5580000,0x00000000d5900000)
  from space 1024K, 98% used [0x00000000d5a00000,0x00000000d5afb090,0x00000000d5b00000)
  to   space 4608K, 0% used [0x00000000d5d80000,0x00000000d5d80000,0x00000000d6200000)
 ParOldGen       total 252928K, used 252642K [0x0000000080000000, 0x000000008f700000, 0x00000000d5580000)
  object space 252928K, 99% used [0x0000000080000000,0x000000008f6b8ae0,0x000000008f700000)
 Metaspace       used 91646K, committed 93312K, reserved 1179648K
  class space    used 9543K, committed 10304K, reserved 1048576K
}
Event: 5299.808 GC heap before
{Heap before GC invocations=1084 (full 5):
 PSYoungGen      total 4608K, used 4588K [0x00000000d5580000, 0x00000000d6200000, 0x0000000100000000)
  eden space 3584K, 99% used [0x00000000d5580000,0x00000000d58ffff8,0x00000000d5900000)
  from space 1024K, 98% used [0x00000000d5a00000,0x00000000d5afb090,0x00000000d5b00000)
  to   space 4608K, 0% used [0x00000000d5d80000,0x00000000d5d80000,0x00000000d6200000)
 ParOldGen       total 252928K, used 252642K [0x0000000080000000, 0x000000008f700000, 0x00000000d5580000)
  object space 252928K, 99% used [0x0000000080000000,0x000000008f6b8ae0,0x000000008f700000)
 Metaspace       used 91656K, committed 93312K, reserved 1179648K
  class space    used 9544K, committed 10304K, reserved 1048576K
}
Event: 5299.815 GC heap after
{Heap after GC invocations=1084 (full 5):
 PSYoungGen      total 6144K, used 2461K [0x00000000d5580000, 0x00000000d6000000, 0x0000000100000000)
  eden space 3584K, 0% used [0x00000000d5580000,0x00000000d5580000,0x00000000d5900000)
  from space 2560K, 96% used [0x00000000d5d80000,0x00000000d5fe7700,0x00000000d6000000)
  to   space 3072K, 0% used [0x00000000d5a00000,0x00000000d5a00000,0x00000000d5d00000)
 ParOldGen       total 253952K, used 253662K [0x0000000080000000, 0x000000008f800000, 0x00000000d5580000)
  object space 253952K, 99% used [0x0000000080000000,0x000000008f7b7b70,0x000000008f800000)
 Metaspace       used 91656K, committed 93312K, reserved 1179648K
  class space    used 9544K, committed 10304K, reserved 1048576K
}
Event: 5299.826 GC heap before
{Heap before GC invocations=1085 (full 5):
 PSYoungGen      total 6144K, used 6045K [0x00000000d5580000, 0x00000000d6000000, 0x0000000100000000)
  eden space 3584K, 100% used [0x00000000d5580000,0x00000000d5900000,0x00000000d5900000)
  from space 2560K, 96% used [0x00000000d5d80000,0x00000000d5fe7700,0x00000000d6000000)
  to   space 3072K, 0% used [0x00000000d5a00000,0x00000000d5a00000,0x00000000d5d00000)
 ParOldGen       total 253952K, used 253662K [0x0000000080000000, 0x000000008f800000, 0x00000000d5580000)
  object space 253952K, 99% used [0x0000000080000000,0x000000008f7b7b70,0x000000008f800000)
 Metaspace       used 91656K, committed 93312K, reserved 1179648K
  class space    used 9544K, committed 10304K, reserved 1048576K
}
Event: 5299.833 GC heap after
{Heap after GC invocations=1085 (full 5):
 PSYoungGen      total 7680K, used 3066K [0x00000000d5580000, 0x00000000d6700000, 0x0000000100000000)
  eden space 4608K, 0% used [0x00000000d5580000,0x00000000d5580000,0x00000000d5a00000)
  from space 3072K, 99% used [0x00000000d5a00000,0x00000000d5cfe900,0x00000000d5d00000)
  to   space 6656K, 0% used [0x00000000d6080000,0x00000000d6080000,0x00000000d6700000)
 ParOldGen       total 256512K, used 256244K [0x0000000080000000, 0x000000008fa80000, 0x00000000d5580000)
  object space 256512K, 99% used [0x0000000080000000,0x000000008fa3d280,0x000000008fa80000)
 Metaspace       used 91656K, committed 93312K, reserved 1179648K
  class space    used 9544K, committed 10304K, reserved 1048576K
}
Event: 5299.853 GC heap before
{Heap before GC invocations=1086 (full 5):
 PSYoungGen      total 7680K, used 7674K [0x00000000d5580000, 0x00000000d6700000, 0x0000000100000000)
  eden space 4608K, 100% used [0x00000000d5580000,0x00000000d5a00000,0x00000000d5a00000)
  from space 3072K, 99% used [0x00000000d5a00000,0x00000000d5cfe900,0x00000000d5d00000)
  to   space 6656K, 0% used [0x00000000d6080000,0x00000000d6080000,0x00000000d6700000)
 ParOldGen       total 256512K, used 256244K [0x0000000080000000, 0x000000008fa80000, 0x00000000d5580000)
  object space 256512K, 99% used [0x0000000080000000,0x000000008fa3d280,0x000000008fa80000)
 Metaspace       used 91661K, committed 93312K, reserved 1179648K
  class space    used 9545K, committed 10304K, reserved 1048576K
}
Event: 5299.860 GC heap after
{Heap after GC invocations=1086 (full 5):
 PSYoungGen      total 8704K, used 2944K [0x00000000d5580000, 0x00000000d6380000, 0x0000000100000000)
  eden space 5632K, 0% used [0x00000000d5580000,0x00000000d5580000,0x00000000d5b00000)
  from space 3072K, 95% used [0x00000000d6080000,0x00000000d6360000,0x00000000d6380000)
  to   space 4096K, 0% used [0x00000000d5b80000,0x00000000d5b80000,0x00000000d5f80000)
 ParOldGen       total 259584K, used 259377K [0x0000000080000000, 0x000000008fd80000, 0x00000000d5580000)
  object space 259584K, 99% used [0x0000000080000000,0x000000008fd4c480,0x000000008fd80000)
 Metaspace       used 91661K, committed 93312K, reserved 1179648K
  class space    used 9545K, committed 10304K, reserved 1048576K
}
Event: 5299.870 GC heap before
{Heap before GC invocations=1087 (full 5):
 PSYoungGen      total 8704K, used 8575K [0x00000000d5580000, 0x00000000d6380000, 0x0000000100000000)
  eden space 5632K, 99% used [0x00000000d5580000,0x00000000d5affff0,0x00000000d5b00000)
  from space 3072K, 95% used [0x00000000d6080000,0x00000000d6360000,0x00000000d6380000)
  to   space 4096K, 0% used [0x00000000d5b80000,0x00000000d5b80000,0x00000000d5f80000)
 ParOldGen       total 259584K, used 259377K [0x0000000080000000, 0x000000008fd80000, 0x00000000d5580000)
  object space 259584K, 99% used [0x0000000080000000,0x000000008fd4c480,0x000000008fd80000)
 Metaspace       used 91665K, committed 93312K, reserved 1179648K
  class space    used 9545K, committed 10304K, reserved 1048576K
}
Event: 5299.876 GC heap after
{Heap after GC invocations=1087 (full 5):
 PSYoungGen      total 10240K, used 3252K [0x00000000d5580000, 0x00000000d6380000, 0x0000000100000000)
  eden space 6144K, 0% used [0x00000000d5580000,0x00000000d5580000,0x00000000d5b80000)
  from space 4096K, 79% used [0x00000000d5b80000,0x00000000d5ead240,0x00000000d5f80000)
  to   space 3584K, 0% used [0x00000000d6000000,0x00000000d6000000,0x00000000d6380000)
 ParOldGen       total 262144K, used 262057K [0x0000000080000000, 0x0000000090000000, 0x00000000d5580000)
  object space 262144K, 99% used [0x0000000080000000,0x000000008ffea480,0x0000000090000000)
 Metaspace       used 91665K, committed 93312K, reserved 1179648K
  class space    used 9545K, committed 10304K, reserved 1048576K
}
Event: 5299.900 GC heap before
{Heap before GC invocations=1088 (full 5):
 PSYoungGen      total 10240K, used 9396K [0x00000000d5580000, 0x00000000d6380000, 0x0000000100000000)
  eden space 6144K, 100% used [0x00000000d5580000,0x00000000d5b80000,0x00000000d5b80000)
  from space 4096K, 79% used [0x00000000d5b80000,0x00000000d5ead240,0x00000000d5f80000)
  to   space 3584K, 0% used [0x00000000d6000000,0x00000000d6000000,0x00000000d6380000)
 ParOldGen       total 262144K, used 262057K [0x0000000080000000, 0x0000000090000000, 0x00000000d5580000)
  object space 262144K, 99% used [0x0000000080000000,0x000000008ffea480,0x0000000090000000)
 Metaspace       used 91670K, committed 93312K, reserved 1179648K
  class space    used 9546K, committed 10304K, reserved 1048576K
}
Event: 5299.908 GC heap after
{Heap after GC invocations=1088 (full 5):
 PSYoungGen      total 10752K, used 3208K [0x00000000d5580000, 0x00000000d6400000, 0x0000000100000000)
  eden space 7168K, 0% used [0x00000000d5580000,0x00000000d5580000,0x00000000d5c80000)
  from space 3584K, 89% used [0x00000000d6000000,0x00000000d63220f0,0x00000000d6380000)
  to   space 3584K, 0% used [0x00000000d5c80000,0x00000000d5c80000,0x00000000d6000000)
 ParOldGen       total 265216K, used 264857K [0x0000000080000000, 0x0000000090300000, 0x00000000d5580000)
  object space 265216K, 99% used [0x0000000080000000,0x00000000902a64c0,0x0000000090300000)
 Metaspace       used 91670K, committed 93312K, reserved 1179648K
  class space    used 9546K, committed 10304K, reserved 1048576K
}
Event: 5299.952 GC heap before
{Heap before GC invocations=1089 (full 5):
 PSYoungGen      total 10752K, used 10376K [0x00000000d5580000, 0x00000000d6400000, 0x0000000100000000)
  eden space 7168K, 100% used [0x00000000d5580000,0x00000000d5c80000,0x00000000d5c80000)
  from space 3584K, 89% used [0x00000000d6000000,0x00000000d63220f0,0x00000000d6380000)
  to   space 3584K, 0% used [0x00000000d5c80000,0x00000000d5c80000,0x00000000d6000000)
 ParOldGen       total 265216K, used 264857K [0x0000000080000000, 0x0000000090300000, 0x00000000d5580000)
  object space 265216K, 99% used [0x0000000080000000,0x00000000902a64c0,0x0000000090300000)
 Metaspace       used 91671K, committed 93312K, reserved 1179648K
  class space    used 9546K, committed 10304K, reserved 1048576K
}
Event: 5299.962 GC heap after
{Heap after GC invocations=1089 (full 5):
 PSYoungGen      total 10752K, used 3552K [0x00000000d5580000, 0x00000000d6600000, 0x0000000100000000)
  eden space 7168K, 0% used [0x00000000d5580000,0x00000000d5580000,0x00000000d5c80000)
  from space 3584K, 99% used [0x00000000d5c80000,0x00000000d5ff8000,0x00000000d6000000)
  to   space 4096K, 0% used [0x00000000d6200000,0x00000000d6200000,0x00000000d6600000)
 ParOldGen       total 268800K, used 268329K [0x0000000080000000, 0x0000000090680000, 0x00000000d5580000)
  object space 268800K, 99% used [0x0000000080000000,0x000000009060a6a0,0x0000000090680000)
 Metaspace       used 91671K, committed 93312K, reserved 1179648K
  class space    used 9546K, committed 10304K, reserved 1048576K
}
Event: 5299.992 GC heap before
{Heap before GC invocations=1090 (full 5):
 PSYoungGen      total 10752K, used 10720K [0x00000000d5580000, 0x00000000d6600000, 0x0000000100000000)
  eden space 7168K, 100% used [0x00000000d5580000,0x00000000d5c80000,0x00000000d5c80000)
  from space 3584K, 99% used [0x00000000d5c80000,0x00000000d5ff8000,0x00000000d6000000)
  to   space 4096K, 0% used [0x00000000d6200000,0x00000000d6200000,0x00000000d6600000)
 ParOldGen       total 268800K, used 268329K [0x0000000080000000, 0x0000000090680000, 0x00000000d5580000)
  object space 268800K, 99% used [0x0000000080000000,0x000000009060a6a0,0x0000000090680000)
 Metaspace       used 91671K, committed 93312K, reserved 1179648K
  class space    used 9546K, committed 10304K, reserved 1048576K
}
Event: 5299.998 GC heap after
{Heap after GC invocations=1090 (full 5):
 PSYoungGen      total 7680K, used 4071K [0x00000000d5580000, 0x00000000d7000000, 0x0000000100000000)
  eden space 3584K, 0% used [0x00000000d5580000,0x00000000d5580000,0x00000000d5900000)
  from space 4096K, 99% used [0x00000000d6200000,0x00000000d65f9db0,0x00000000d6600000)
  to   space 9216K, 0% used [0x00000000d5900000,0x00000000d5900000,0x00000000d6200000)
 ParOldGen       total 272384K, used 272289K [0x0000000080000000, 0x0000000090a00000, 0x00000000d5580000)
  object space 272384K, 99% used [0x0000000080000000,0x00000000909e86a0,0x0000000090a00000)
 Metaspace       used 91671K, committed 93312K, reserved 1179648K
  class space    used 9546K, committed 10304K, reserved 1048576K
}
Event: 5300.011 GC heap before
{Heap before GC invocations=1091 (full 5):
 PSYoungGen      total 7680K, used 7403K [0x00000000d5580000, 0x00000000d7000000, 0x0000000100000000)
  eden space 3584K, 92% used [0x00000000d5580000,0x00000000d58c11c8,0x00000000d5900000)
  from space 4096K, 99% used [0x00000000d6200000,0x00000000d65f9db0,0x00000000d6600000)
  to   space 9216K, 0% used [0x00000000d5900000,0x00000000d5900000,0x00000000d6200000)
 ParOldGen       total 272384K, used 272289K [0x0000000080000000, 0x0000000090a00000, 0x00000000d5580000)
  object space 272384K, 99% used [0x0000000080000000,0x00000000909e86a0,0x0000000090a00000)
 Metaspace       used 91671K, committed 93312K, reserved 1179648K
  class space    used 9546K, committed 10304K, reserved 1048576K
}

Dll operation events (12 events):
Event: 0.029 Loaded shared library c:\Users\HOME\.vscode\extensions\redhat.java-1.54.0-win32-x64\jre\21.0.10-win32-x86_64\bin\java.dll
Event: 0.077 Loaded shared library c:\Users\HOME\.vscode\extensions\redhat.java-1.54.0-win32-x64\jre\21.0.10-win32-x86_64\bin\zip.dll
Event: 0.192 Loaded shared library C:\Users\HOME\.vscode\extensions\redhat.java-1.54.0-win32-x64\jre\21.0.10-win32-x86_64\bin\instrument.dll
Event: 0.203 Loaded shared library C:\Users\HOME\.vscode\extensions\redhat.java-1.54.0-win32-x64\jre\21.0.10-win32-x86_64\bin\net.dll
Event: 0.213 Loaded shared library C:\Users\HOME\.vscode\extensions\redhat.java-1.54.0-win32-x64\jre\21.0.10-win32-x86_64\bin\nio.dll
Event: 0.221 Loaded shared library C:\Users\HOME\.vscode\extensions\redhat.java-1.54.0-win32-x64\jre\21.0.10-win32-x86_64\bin\zip.dll
Event: 0.259 Loaded shared library C:\Users\HOME\.vscode\extensions\redhat.java-1.54.0-win32-x64\jre\21.0.10-win32-x86_64\bin\jimage.dll
Event: 0.414 Loaded shared library c:\Users\HOME\.vscode\extensions\redhat.java-1.54.0-win32-x64\jre\21.0.10-win32-x86_64\bin\verify.dll
Event: 2.885 Loaded shared library C:\Users\HOME\AppData\Roaming\Code\User\globalStorage\redhat.java\1.54.0\config_win\org.eclipse.equinox.launcher\org.eclipse.equinox.launcher.win32.win32.x86_64_1.3.0.v20260203-2149\eclipse_11919.dll
Event: 7.258 Loaded shared library C:\Users\HOME\AppData\Local\Temp\jna-2223327\jna12536772328173537159.dll
Event: 22.289 Loaded shared library C:\Users\HOME\.vscode\extensions\redhat.java-1.54.0-win32-x64\jre\21.0.10-win32-x86_64\bin\extnet.dll
Event: 2702.705 Loaded shared library C:\Users\HOME\.vscode\extensions\redhat.java-1.54.0-win32-x64\jre\21.0.10-win32-x86_64\bin\sunmscapi.dll

Deoptimization events (20 events):
Event: 5299.804 Thread 0x000002ab876a7840 DEOPT PACKING pc=0x000002abb1081d14 sp=0x000000f39d0febd0
Event: 5299.804 Thread 0x000002ab876a7840 DEOPT UNPACKING pc=0x000002abb08c3aa2 sp=0x000000f39d0feb70 mode 2
Event: 5299.864 Thread 0x000002ab8b293120 Uncommon trap: trap_request=0xffffff45 fr.pc=0x000002abb1fefef8 relative=0x0000000000000b38
Event: 5299.864 Thread 0x000002ab8b293120 Uncommon trap: reason=unstable_if action=reinterpret pc=0x000002abb1fefef8 method=org.eclipse.jdt.internal.core.NameLookup.seekTypes(Ljava/lang/String;Lorg/eclipse/jdt/core/IPackageFragment;ZILorg/eclipse/jdt/internal/core/IJavaElementRequestor;Z)V @ 1 c2
Event: 5299.864 Thread 0x000002ab8b293120 DEOPT PACKING pc=0x000002abb1fefef8 sp=0x000000f39a4fe6e0
Event: 5299.864 Thread 0x000002ab8b293120 DEOPT UNPACKING pc=0x000002abb08c3aa2 sp=0x000000f39a4fe6a8 mode 2
Event: 5299.864 Thread 0x000002ab8b293120 Uncommon trap: trap_request=0xffffff45 fr.pc=0x000002abb1bfcc88 relative=0x00000000000003e8
Event: 5299.864 Thread 0x000002ab8b293120 Uncommon trap: reason=unstable_if action=reinterpret pc=0x000002abb1bfcc88 method=org.eclipse.jdt.internal.core.NameLookup.seekTypesInWorkingCopies(Ljava/lang/String;Lorg/eclipse/jdt/core/IPackageFragment;IZLjava/lang/String;ILorg/eclipse/jdt/internal/cor
Event: 5299.864 Thread 0x000002ab8b293120 DEOPT PACKING pc=0x000002abb1bfcc88 sp=0x000000f39a4fe420
Event: 5299.864 Thread 0x000002ab8b293120 DEOPT UNPACKING pc=0x000002abb08c3aa2 sp=0x000000f39a4fe3b0 mode 2
Event: 5299.880 Thread 0x000002ab8b2972c0 Uncommon trap: trap_request=0xfffffff4 fr.pc=0x000002abb19dafe4 relative=0x0000000000000284
Event: 5299.880 Thread 0x000002ab8b2972c0 Uncommon trap: reason=null_check action=make_not_entrant pc=0x000002abb19dafe4 method=java.lang.Class.reflectionData()Ljava/lang/Class$ReflectionData; @ 18 c2
Event: 5299.880 Thread 0x000002ab8b2972c0 DEOPT PACKING pc=0x000002abb19dafe4 sp=0x000000f39cffe780
Event: 5299.880 Thread 0x000002ab8b2972c0 DEOPT UNPACKING pc=0x000002abb08c3aa2 sp=0x000000f39cffe6b8 mode 2
Event: 5299.926 Thread 0x000002ab8b293120 Uncommon trap: trap_request=0xffffff45 fr.pc=0x000002abb14cb7a0 relative=0x0000000000000260
Event: 5299.926 Thread 0x000002ab8b293120 Uncommon trap: reason=unstable_if action=reinterpret pc=0x000002abb14cb7a0 method=org.eclipse.jdt.internal.core.util.WeakHashSet.addValue(Lorg/eclipse/jdt/internal/core/util/WeakHashSet$HashableWeakReference;)V @ 39 c2
Event: 5299.926 Thread 0x000002ab8b293120 DEOPT PACKING pc=0x000002abb14cb7a0 sp=0x000000f39a4fdc90
Event: 5299.926 Thread 0x000002ab8b293120 DEOPT UNPACKING pc=0x000002abb08c3aa2 sp=0x000000f39a4fdc20 mode 2
Event: 5299.933 Thread 0x000002ab876a7840 DEOPT PACKING pc=0x000002aba98b17ce sp=0x000000f39d0feb40
Event: 5299.933 Thread 0x000002ab876a7840 DEOPT UNPACKING pc=0x000002abb08c4242 sp=0x000000f39d0fe020 mode 0

Classes loaded (20 events):
Event: 2756.998 Loading class com/sun/crypto/provider/GaloisCounterMode$EncryptOp
Event: 2756.998 Loading class com/sun/crypto/provider/GaloisCounterMode$EncryptOp done
Event: 2756.998 Loading class sun/security/ssl/CipherSuite$1
Event: 2756.998 Loading class sun/security/ssl/CipherSuite$1 done
Event: 2757.024 Loading class java/util/stream/ReduceOps$6
Event: 2757.024 Loading class java/util/stream/ReduceOps$6 done
Event: 2757.024 Loading class java/util/stream/ReduceOps$5ReducingSink
Event: 2757.025 Loading class java/util/stream/ReduceOps$5ReducingSink done
Event: 2757.172 Loading class sun/security/ssl/NewSessionTicket$T13NewSessionTicketMessage
Event: 2757.172 Loading class sun/security/ssl/NewSessionTicket$NewSessionTicketMessage
Event: 2757.172 Loading class sun/security/ssl/NewSessionTicket$NewSessionTicketMessage done
Event: 2757.172 Loading class sun/security/ssl/NewSessionTicket$T13NewSessionTicketMessage done
Event: 2757.245 Loading class java/util/stream/FindOps$FindSink$OfLong
Event: 2757.245 Loading class java/util/stream/FindOps$FindSink$OfLong done
Event: 2757.245 Loading class java/util/OptionalLong
Event: 2757.245 Loading class java/util/OptionalLong done
Event: 2757.250 Loading class sun/net/www/HeaderParser
Event: 2757.250 Loading class sun/net/www/HeaderParser done
Event: 2757.257 Loading class java/nio/HeapByteBufferR
Event: 2757.257 Loading class java/nio/HeapByteBufferR done

Classes unloaded (20 events):
Event: 2719.109 Thread 0x000002abff0b5c20 Unloading class 0x000002abbe017400 'java/lang/invoke/LambdaForm$MH+0x000002abbe017400'
Event: 2719.109 Thread 0x000002abff0b5c20 Unloading class 0x000002abbe016400 'java/lang/invoke/LambdaForm$MH+0x000002abbe016400'
Event: 2719.109 Thread 0x000002abff0b5c20 Unloading class 0x000002abbe00d800 'java/lang/invoke/LambdaForm$MH+0x000002abbe00d800'
Event: 2719.109 Thread 0x000002abff0b5c20 Unloading class 0x000002abbe00d400 'java/lang/invoke/LambdaForm$MH+0x000002abbe00d400'
Event: 2719.109 Thread 0x000002abff0b5c20 Unloading class 0x000002abbe00d000 'java/lang/invoke/LambdaForm$MH+0x000002abbe00d000'
Event: 2719.109 Thread 0x000002abff0b5c20 Unloading class 0x000002abbe00cc00 'java/lang/invoke/LambdaForm$MH+0x000002abbe00cc00'
Event: 2719.109 Thread 0x000002abff0b5c20 Unloading class 0x000002abbe00c800 'java/lang/invoke/LambdaForm$BMH+0x000002abbe00c800'
Event: 2719.109 Thread 0x000002abff0b5c20 Unloading class 0x000002abbe00c000 'java/lang/invoke/LambdaForm$DMH+0x000002abbe00c000'
Event: 2719.109 Thread 0x000002abff0b5c20 Unloading class 0x000002abbe008c00 'java/lang/invoke/LambdaForm$MH+0x000002abbe008c00'
Event: 2719.109 Thread 0x000002abff0b5c20 Unloading class 0x000002abbe008800 'java/lang/invoke/LambdaForm$MH+0x000002abbe008800'
Event: 2719.109 Thread 0x000002abff0b5c20 Unloading class 0x000002abbe008400 'java/lang/invoke/LambdaForm$MH+0x000002abbe008400'
Event: 2719.109 Thread 0x000002abff0b5c20 Unloading class 0x000002abbe007000 'java/lang/invoke/LambdaForm$MH+0x000002abbe007000'
Event: 2719.109 Thread 0x000002abff0b5c20 Unloading class 0x000002abbe006c00 'java/lang/invoke/LambdaForm$MH+0x000002abbe006c00'
Event: 2719.109 Thread 0x000002abff0b5c20 Unloading class 0x000002abbe006800 'java/lang/invoke/LambdaForm$MH+0x000002abbe006800'
Event: 2719.109 Thread 0x000002abff0b5c20 Unloading class 0x000002abbe006400 'java/lang/invoke/LambdaForm$MH+0x000002abbe006400'
Event: 2719.109 Thread 0x000002abff0b5c20 Unloading class 0x000002abbe005c00 'java/lang/invoke/LambdaForm$BMH+0x000002abbe005c00'
Event: 2719.109 Thread 0x000002abff0b5c20 Unloading class 0x000002abbe004800 'java/lang/invoke/LambdaForm$DMH+0x000002abbe004800'
Event: 2719.109 Thread 0x000002abff0b5c20 Unloading class 0x000002abbe002400 'java/lang/invoke/LambdaForm$MH+0x000002abbe002400'
Event: 2719.109 Thread 0x000002abff0b5c20 Unloading class 0x000002abbe002000 'java/lang/invoke/LambdaForm$MH+0x000002abbe002000'
Event: 2719.109 Thread 0x000002abff0b5c20 Unloading class 0x000002abbe001800 'java/lang/invoke/LambdaForm$MH+0x000002abbe001800'

Classes redefined (0 events):
No events

Internal exceptions (20 events):
Event: 2707.932 Thread 0x000002ab872efd60 Exception <a 'java/lang/IncompatibleClassChangeError'{0x00000000d56d4230}: Found class java.lang.Object, but interface was expected> (0x00000000d56d4230) 
thrown [s\src\hotspot\share\interpreter\linkResolver.cpp, line 840]
Event: 2707.933 Thread 0x000002ab872efd60 Exception <a 'java/lang/IncompatibleClassChangeError'{0x00000000d56d85a8}: Found class java.lang.Object, but interface was expected> (0x00000000d56d85a8) 
thrown [s\src\hotspot\share\interpreter\linkResolver.cpp, line 840]
Event: 2708.033 Thread 0x000002ab876a7840 Implicit null exception at 0x000002abb19e6f62 to 0x000002abb19e73a4
Event: 2708.036 Thread 0x000002ab876a7840 Implicit null exception at 0x000002abb1d55016 to 0x000002abb1d55930
Event: 2708.037 Thread 0x000002ab876a7840 Implicit null exception at 0x000002abb1d5337d to 0x000002abb1d537b4
Event: 2725.751 Thread 0x000002ab8588b310 Implicit null exception at 0x000002abb19ca479 to 0x000002abb19cb5a0
Event: 2725.751 Thread 0x000002ab8588b310 Implicit null exception at 0x000002abb182f539 to 0x000002abb182f7c1
Event: 2725.751 Thread 0x000002ab8588b310 Implicit null exception at 0x000002abb128b30e to 0x000002abb128b3b5
Event: 2726.700 Thread 0x000002ab876a7840 Exception <a 'sun/nio/fs/WindowsException'{0x00000000d5732478}> (0x00000000d5732478) 
thrown [s\src\hotspot\share\prims\jni.cpp, line 520]
Event: 2726.922 Thread 0x000002ab876a7840 Exception <a 'sun/nio/fs/WindowsException'{0x00000000d564acf0}> (0x00000000d564acf0) 
thrown [s\src\hotspot\share\prims\jni.cpp, line 520]
Event: 2756.331 Thread 0x000002ab8b2972c0 Implicit null exception at 0x000002abb12ba8d1 to 0x000002abb12bab3c
Event: 2756.547 Thread 0x000002ab8ae84fb0 Exception <a 'java/lang/NoSuchMethodError'{0x00000000d5647438}: 'void java.lang.invoke.DirectMethodHandle$Holder.invokeStatic(java.lang.Object, java.lang.Object, int)'> (0x00000000d5647438) 
thrown [s\src\hotspot\share\interpreter\linkResolver.cpp, line 773]
Event: 2756.906 Thread 0x000002ab8ae84920 Implicit null exception at 0x000002abb13f861a to 0x000002abb13f8afc
Event: 3008.052 Thread 0x000002ab8b297950 Exception <a 'sun/nio/fs/WindowsException'{0x00000000d57bd008}> (0x00000000d57bd008) 
thrown [s\src\hotspot\share\prims\jni.cpp, line 520]
Event: 3008.053 Thread 0x000002ab8b297950 Exception <a 'sun/nio/fs/WindowsException'{0x00000000d57bdaf0}> (0x00000000d57bdaf0) 
thrown [s\src\hotspot\share\prims\jni.cpp, line 520]
Event: 3443.532 Thread 0x000002ab8b292a90 Exception <a 'java/lang/InterruptedException'{0x00000000d5a596a8}> (0x00000000d5a596a8) 
thrown [s\src\hotspot\share\runtime\objectMonitor.cpp, line 1625]
Event: 5299.623 Thread 0x000002ab872efd60 Exception <a 'java/lang/IncompatibleClassChangeError'{0x00000000d5600a80}: Found class java.lang.Object, but interface was expected> (0x00000000d5600a80) 
thrown [s\src\hotspot\share\interpreter\linkResolver.cpp, line 840]
Event: 5299.790 Thread 0x000002ab876a7840 Implicit null exception at 0x000002abb165c4c4 to 0x000002abb165fe54
Event: 5299.798 Thread 0x000002ab876a7840 Exception <a 'sun/nio/fs/WindowsException'{0x00000000d56b6838}> (0x00000000d56b6838) 
thrown [s\src\hotspot\share\prims\jni.cpp, line 520]
Event: 5299.880 Thread 0x000002ab8b2972c0 Implicit null exception at 0x000002abb19dadb9 to 0x000002abb19dafc0

ZGC Phase Switch (0 events):
No events

VM Operations (20 events):
Event: 5299.690 Executing safepoint VM operation: ParallelGCFailedAllocation (Allocation Failure) done
Event: 5299.808 Executing safepoint VM operation: ParallelGCFailedAllocation (Allocation Failure)
Event: 5299.815 Executing safepoint VM operation: ParallelGCFailedAllocation (Allocation Failure) done
Event: 5299.826 Executing safepoint VM operation: ParallelGCFailedAllocation (Allocation Failure)
Event: 5299.833 Executing safepoint VM operation: ParallelGCFailedAllocation (Allocation Failure) done
Event: 5299.845 Executing safepoint VM operation: ParallelGCFailedAllocation (Allocation Failure)
Event: 5299.860 Executing safepoint VM operation: ParallelGCFailedAllocation (Allocation Failure) done
Event: 5299.860 Executing non-safepoint VM operation: HandshakeAllThreads (Deoptimize)
Event: 5299.860 Executing non-safepoint VM operation: HandshakeAllThreads (Deoptimize) done
Event: 5299.864 Executing non-safepoint VM operation: HandshakeAllThreads (Deoptimize)
Event: 5299.864 Executing non-safepoint VM operation: HandshakeAllThreads (Deoptimize) done
Event: 5299.869 Executing safepoint VM operation: ParallelGCFailedAllocation (Allocation Failure)
Event: 5299.876 Executing safepoint VM operation: ParallelGCFailedAllocation (Allocation Failure) done
Event: 5299.900 Executing safepoint VM operation: ParallelGCFailedAllocation (Allocation Failure)
Event: 5299.908 Executing safepoint VM operation: ParallelGCFailedAllocation (Allocation Failure) done
Event: 5299.952 Executing safepoint VM operation: ParallelGCFailedAllocation (Allocation Failure)
Event: 5299.962 Executing safepoint VM operation: ParallelGCFailedAllocation (Allocation Failure) done
Event: 5299.992 Executing safepoint VM operation: ParallelGCFailedAllocation (Allocation Failure)
Event: 5299.998 Executing safepoint VM operation: ParallelGCFailedAllocation (Allocation Failure) done
Event: 5300.011 Executing safepoint VM operation: ParallelGCFailedAllocation (Allocation Failure)

Memory protections (0 events):
No events

Nmethod flushes (20 events):
Event: 2719.177 Thread 0x000002abff0b5c20 flushing  nmethod 0x000002abab615a10
Event: 2719.177 Thread 0x000002abff0b5c20 flushing  nmethod 0x000002abab61d990
Event: 2719.177 Thread 0x000002abff0b5c20 flushing  nmethod 0x000002abab64c910
Event: 2719.177 Thread 0x000002abff0b5c20 flushing  nmethod 0x000002abab74cd90
Event: 2719.177 Thread 0x000002abff0b5c20 flushing  nmethod 0x000002abab760c90
Event: 2719.177 Thread 0x000002abff0b5c20 flushing  nmethod 0x000002abab7ac410
Event: 2719.177 Thread 0x000002abff0b5c20 flushing  nmethod 0x000002abab7f5a10
Event: 2719.177 Thread 0x000002abff0b5c20 flushing  nmethod 0x000002abab805010
Event: 2719.177 Thread 0x000002abff0b5c20 flushing  nmethod 0x000002abab814590
Event: 2719.177 Thread 0x000002abff0b5c20 flushing  nmethod 0x000002abab817890
Event: 2719.177 Thread 0x000002abff0b5c20 flushing  nmethod 0x000002abab826610
Event: 2719.177 Thread 0x000002abff0b5c20 flushing  nmethod 0x000002abab881690
Event: 2719.177 Thread 0x000002abff0b5c20 flushing  nmethod 0x000002abab900590
Event: 2719.177 Thread 0x000002abff0b5c20 flushing  nmethod 0x000002abab90cb10
Event: 2719.177 Thread 0x000002abff0b5c20 flushing  nmethod 0x000002abab986010
Event: 2719.177 Thread 0x000002abff0b5c20 flushing  nmethod 0x000002ababbd8190
Event: 2719.177 Thread 0x000002abff0b5c20 flushing  nmethod 0x000002ababbd8a90
Event: 2719.177 Thread 0x000002abff0b5c20 flushing  nmethod 0x000002ababbda890
Event: 2719.177 Thread 0x000002abff0b5c20 flushing  nmethod 0x000002ababbdad90
Event: 2719.177 Thread 0x000002abff0b5c20 flushing  nmethod 0x000002ababbdb210

Events (20 events):
Event: 4292.385 Thread 0x000002ab8ae85640 Thread exited: 0x000002ab8ae85640
Event: 4352.397 Thread 0x000002ab8b291050 Thread exited: 0x000002ab8b291050
Event: 4412.398 Thread 0x000002ab8ae82ee0 Thread exited: 0x000002ab8ae82ee0
Event: 4472.407 Thread 0x000002ab8ae821c0 Thread exited: 0x000002ab8ae821c0
Event: 4532.417 Thread 0x000002ab8b290330 Thread exited: 0x000002ab8b290330
Event: 4592.424 Thread 0x000002ab8b292a90 Thread exited: 0x000002ab8b292a90
Event: 5298.679 Thread 0x000002ab872efd60 Thread added: 0x000002ab8b292a90
Event: 5298.890 Thread 0x000002ab872efd60 Thread added: 0x000002ab8b293120
Event: 5298.908 Thread 0x000002ab8b293120 Thread added: 0x000002ab8b291d70
Event: 5299.164 Thread 0x000002ab8b293120 Thread added: 0x000002ab8b290330
Event: 5299.165 Thread 0x000002ab8b292a90 Thread added: 0x000002ab8b293e40
Event: 5299.165 Thread 0x000002ab8b291d70 Thread added: 0x000002ab8b2916e0
Event: 5299.165 Thread 0x000002ab8b290330 Thread added: 0x000002ab8b291050
Event: 5299.165 Thread 0x000002ab8b293e40 Thread added: 0x000002ab8b2972c0
Event: 5299.166 Thread 0x000002ab8b293120 Thread added: 0x000002ab8b295f10
Event: 5299.166 Thread 0x000002ab8b291050 Thread added: 0x000002ab8ae85640
Event: 5299.166 Thread 0x000002ab8b2972c0 Thread added: 0x000002ab8ae84920
Event: 5299.167 Thread 0x000002ab8b2916e0 Thread added: 0x000002ab8ae84290
Event: 5299.910 Thread 0x000002aba62cb330 Thread added: 0x000002ab851fefb0
Event: 5299.925 Thread 0x000002aba61cd300 Thread added: 0x000002ab851fdb40


Dynamic libraries:
0x00007ff6a08a0000 - 0x00007ff6a08ae000 	c:\Users\HOME\.vscode\extensions\redhat.java-1.54.0-win32-x64\jre\21.0.10-win32-x86_64\bin\java.exe
0x00007ff8eac80000 - 0x00007ff8eaee7000 	C:\WINDOWS\SYSTEM32\ntdll.dll
0x00007ff8ea190000 - 0x00007ff8ea259000 	C:\WINDOWS\System32\KERNEL32.DLL
0x00007ff8e78b0000 - 0x00007ff8e7ca7000 	C:\WINDOWS\System32\KERNELBASE.dll
0x00007ff8e7760000 - 0x00007ff8e78ab000 	C:\WINDOWS\System32\ucrtbase.dll
0x00007ff84db40000 - 0x00007ff84db58000 	c:\Users\HOME\.vscode\extensions\redhat.java-1.54.0-win32-x64\jre\21.0.10-win32-x86_64\bin\jli.dll
0x00007ff84db20000 - 0x00007ff84db3e000 	c:\Users\HOME\.vscode\extensions\redhat.java-1.54.0-win32-x64\jre\21.0.10-win32-x86_64\bin\VCRUNTIME140.dll
0x00007ff8e9fc0000 - 0x00007ff8ea186000 	C:\WINDOWS\System32\USER32.dll
0x00007ff8e7cb0000 - 0x00007ff8e7cd7000 	C:\WINDOWS\System32\win32u.dll
0x00007ff8eab00000 - 0x00007ff8eab2b000 	C:\WINDOWS\System32\GDI32.dll
0x00007ff8c9dd0000 - 0x00007ff8ca062000 	C:\WINDOWS\WinSxS\amd64_microsoft.windows.common-controls_6595b64144ccf1df_6.0.26100.8457_none_3e0b2faee331e92d\COMCTL32.dll
0x00007ff8e7ce0000 - 0x00007ff8e7e0c000 	C:\WINDOWS\System32\gdi32full.dll
0x00007ff8e76b0000 - 0x00007ff8e7753000 	C:\WINDOWS\System32\msvcp_win.dll
0x00007ff8eab90000 - 0x00007ff8eac39000 	C:\WINDOWS\System32\msvcrt.dll
0x00007ff8e8b10000 - 0x00007ff8e8b42000 	C:\WINDOWS\System32\IMM32.DLL
0x00007ff84db10000 - 0x00007ff84db1c000 	c:\Users\HOME\.vscode\extensions\redhat.java-1.54.0-win32-x64\jre\21.0.10-win32-x86_64\bin\vcruntime140_1.dll
0x00007ff84da80000 - 0x00007ff84db0d000 	c:\Users\HOME\.vscode\extensions\redhat.java-1.54.0-win32-x64\jre\21.0.10-win32-x86_64\bin\msvcp140.dll
0x00007ff84ccd0000 - 0x00007ff84da71000 	c:\Users\HOME\.vscode\extensions\redhat.java-1.54.0-win32-x64\jre\21.0.10-win32-x86_64\bin\server\jvm.dll
0x00007ff8ea700000 - 0x00007ff8ea7b6000 	C:\WINDOWS\System32\ADVAPI32.dll
0x00007ff8ea920000 - 0x00007ff8ea9c7000 	C:\WINDOWS\System32\sechost.dll
0x00007ff8e9660000 - 0x00007ff8e9778000 	C:\WINDOWS\System32\RPCRT4.dll
0x00007ff8e8a80000 - 0x00007ff8e8b00000 	C:\WINDOWS\System32\WS2_32.dll
0x00007ff8e7530000 - 0x00007ff8e758e000 	C:\WINDOWS\SYSTEM32\POWRPROF.dll
0x00007ff8dda90000 - 0x00007ff8ddac6000 	C:\WINDOWS\SYSTEM32\WINMM.dll
0x00007ff8dd1f0000 - 0x00007ff8dd1fb000 	C:\WINDOWS\SYSTEM32\VERSION.dll
0x00007ff8e7510000 - 0x00007ff8e7524000 	C:\WINDOWS\SYSTEM32\UMPDC.dll
0x00007ff8e6440000 - 0x00007ff8e645b000 	C:\WINDOWS\SYSTEM32\kernel.appcore.dll
0x00007ff84cbd0000 - 0x00007ff84cbda000 	c:\Users\HOME\.vscode\extensions\redhat.java-1.54.0-win32-x64\jre\21.0.10-win32-x86_64\bin\jimage.dll
0x00007ff8e5520000 - 0x00007ff8e5762000 	C:\WINDOWS\SYSTEM32\DBGHELP.DLL
0x00007ff8e9860000 - 0x00007ff8e9be3000 	C:\WINDOWS\System32\combase.dll
0x00007ff8e9780000 - 0x00007ff8e9859000 	C:\WINDOWS\System32\OLEAUT32.dll
0x00007ff8d43c0000 - 0x00007ff8d43fb000 	C:\WINDOWS\SYSTEM32\dbgcore.DLL
0x00007ff8e88c0000 - 0x00007ff8e8968000 	C:\WINDOWS\System32\bcryptPrimitives.dll
0x00007ff84cbe0000 - 0x00007ff84cbef000 	c:\Users\HOME\.vscode\extensions\redhat.java-1.54.0-win32-x64\jre\21.0.10-win32-x86_64\bin\instrument.dll
0x00007ff84cbb0000 - 0x00007ff84cbd0000 	c:\Users\HOME\.vscode\extensions\redhat.java-1.54.0-win32-x64\jre\21.0.10-win32-x86_64\bin\java.dll
0x00007ff8e8b50000 - 0x00007ff8e92be000 	C:\WINDOWS\System32\SHELL32.dll
0x00007ff8e7e10000 - 0x00007ff8e867c000 	C:\WINDOWS\System32\windows.storage.dll
0x00007ff8ea7c0000 - 0x00007ff8ea8b6000 	C:\WINDOWS\System32\SHCORE.dll
0x00007ff8eaa10000 - 0x00007ff8eaa76000 	C:\WINDOWS\System32\shlwapi.dll
0x00007ff8e75d0000 - 0x00007ff8e75f9000 	C:\WINDOWS\SYSTEM32\profapi.dll
0x00007ff84cb90000 - 0x00007ff84cba8000 	c:\Users\HOME\.vscode\extensions\redhat.java-1.54.0-win32-x64\jre\21.0.10-win32-x86_64\bin\zip.dll
0x00007ff853140000 - 0x00007ff853150000 	C:\Users\HOME\.vscode\extensions\redhat.java-1.54.0-win32-x64\jre\21.0.10-win32-x86_64\bin\net.dll
0x00007ff8dd4a0000 - 0x00007ff8dd5c9000 	C:\WINDOWS\SYSTEM32\WINHTTP.dll
0x00007ff8e69b0000 - 0x00007ff8e6a1c000 	C:\WINDOWS\system32\mswsock.dll
0x00007ff853120000 - 0x00007ff853136000 	C:\Users\HOME\.vscode\extensions\redhat.java-1.54.0-win32-x64\jre\21.0.10-win32-x86_64\bin\nio.dll
0x00007ff853110000 - 0x00007ff853120000 	c:\Users\HOME\.vscode\extensions\redhat.java-1.54.0-win32-x64\jre\21.0.10-win32-x86_64\bin\verify.dll
0x00007ff84c860000 - 0x00007ff84c8a5000 	C:\Users\HOME\AppData\Roaming\Code\User\globalStorage\redhat.java\1.54.0\config_win\org.eclipse.equinox.launcher\org.eclipse.equinox.launcher.win32.win32.x86_64_1.3.0.v20260203-2149\eclipse_11919.dll
0x00007ff8e94c0000 - 0x00007ff8e9657000 	C:\WINDOWS\System32\ole32.dll
0x00007ff8e6ca0000 - 0x00007ff8e6cbb000 	C:\WINDOWS\SYSTEM32\CRYPTSP.dll
0x00007ff8e63a0000 - 0x00007ff8e63d9000 	C:\WINDOWS\system32\rsaenh.dll
0x00007ff8e6a60000 - 0x00007ff8e6a93000 	C:\WINDOWS\SYSTEM32\USERENV.dll
0x00007ff8e75a0000 - 0x00007ff8e75ca000 	C:\WINDOWS\SYSTEM32\bcrypt.dll
0x00007ff8e6c90000 - 0x00007ff8e6c9c000 	C:\WINDOWS\SYSTEM32\CRYPTBASE.dll
0x00007ff8e5ea0000 - 0x00007ff8e5ed2000 	C:\WINDOWS\SYSTEM32\IPHLPAPI.DLL
0x00007ff8ea8c0000 - 0x00007ff8ea8ca000 	C:\WINDOWS\System32\NSI.dll
0x00007ff84ba00000 - 0x00007ff84ba49000 	C:\Users\HOME\AppData\Local\Temp\jna-2223327\jna12536772328173537159.dll
0x00007ff8eaa00000 - 0x00007ff8eaa08000 	C:\WINDOWS\System32\PSAPI.DLL
0x00007ff8e1070000 - 0x00007ff8e108d000 	C:\WINDOWS\SYSTEM32\dhcpcsvc6.DLL
0x00007ff8e1040000 - 0x00007ff8e1065000 	C:\WINDOWS\SYSTEM32\dhcpcsvc.DLL
0x00007ff852b70000 - 0x00007ff852b79000 	C:\Users\HOME\.vscode\extensions\redhat.java-1.54.0-win32-x64\jre\21.0.10-win32-x86_64\bin\extnet.dll
0x00007ff8e6560000 - 0x00007ff8e6596000 	C:\WINDOWS\SYSTEM32\ntmarta.dll
0x00007ff8e24f0000 - 0x00007ff8e24fe000 	C:\Users\HOME\.vscode\extensions\redhat.java-1.54.0-win32-x64\jre\21.0.10-win32-x86_64\bin\sunmscapi.dll
0x00007ff8e8740000 - 0x00007ff8e88b8000 	C:\WINDOWS\System32\CRYPT32.dll
0x00007ff8e6eb0000 - 0x00007ff8e6ee0000 	C:\WINDOWS\SYSTEM32\ncrypt.dll
0x00007ff8e6e60000 - 0x00007ff8e6e9f000 	C:\WINDOWS\SYSTEM32\NTASN1.dll
0x00007ff89b1d0000 - 0x00007ff89b1d8000 	C:\WINDOWS\system32\wshunix.dll
0x00007ff8e5f40000 - 0x00007ff8e6072000 	C:\WINDOWS\SYSTEM32\DNSAPI.dll
0x00007ff8e0430000 - 0x00007ff8e043b000 	C:\Windows\System32\rasadhlp.dll
0x00007ff8e1410000 - 0x00007ff8e1496000 	C:\WINDOWS\System32\fwpuclnt.dll

JVMTI agents:
c:\Users\HOME\.vscode\extensions\redhat.java-1.54.0-win32-x64\lombok\lombok-1.18.39-4050.jar path:c:\Users\HOME\.vscode\extensions\redhat.java-1.54.0-win32-x64\jre\21.0.10-win32-x86_64\bin\instrument.dll, loaded, initialized, instrumentlib options:none

dbghelp: loaded successfully - version: 4.0.5 - missing functions: none
symbol engine: initialized successfully - sym options: 0x614 - pdb path: .;c:\Users\HOME\.vscode\extensions\redhat.java-1.54.0-win32-x64\jre\21.0.10-win32-x86_64\bin;C:\WINDOWS\SYSTEM32;C:\WINDOWS\WinSxS\amd64_microsoft.windows.common-controls_6595b64144ccf1df_6.0.26100.8457_none_3e0b2faee331e92d;c:\Users\HOME\.vscode\extensions\redhat.java-1.54.0-win32-x64\jre\21.0.10-win32-x86_64\bin\server;C:\Users\HOME\AppData\Roaming\Code\User\globalStorage\redhat.java\1.54.0\config_win\org.eclipse.equinox.launcher\org.eclipse.equinox.launcher.win32.win32.x86_64_1.3.0.v20260203-2149;C:\Users\HOME\AppData\Local\Temp\jna-2223327

VM Arguments:
jvm_args: --add-modules=ALL-SYSTEM --add-opens=java.base/java.util=ALL-UNNAMED --add-opens=java.base/java.lang=ALL-UNNAMED --add-opens=java.base/sun.nio.fs=ALL-UNNAMED -Declipse.application=org.eclipse.jdt.ls.core.id1 -Dosgi.bundles.defaultStartLevel=4 -Declipse.product=org.eclipse.jdt.ls.core.product -Djava.import.generatesMetadataFilesAtProjectRoot=false -DDetectVMInstallationsJob.disabled=true -Dfile.encoding=utf8 -XX:+UseParallelGC -XX:GCTimeRatio=4 -XX:AdaptiveSizePolicyWeight=90 -Dsun.zip.disableMemoryMapping=true -Xmx2G -Xms100m -Xlog:disable -javaagent:c:\Users\HOME\.vscode\extensions\redhat.java-1.54.0-win32-x64\lombok\lombok-1.18.39-4050.jar -XX:+HeapDumpOnOutOfMemoryError -XX:HeapDumpPath=c:\Users\HOME\AppData\Roaming\Code\User\workspaceStorage\24419083ecbf71930fab6177e44796a6\redhat.java -Daether.dependencyCollector.impl=bf 
java_command: c:\Users\HOME\.vscode\extensions\redhat.java-1.54.0-win32-x64\server\plugins\org.eclipse.equinox.launcher_1.7.100.v20251111-0406.jar -configuration c:\Users\HOME\AppData\Roaming\Code\User\globalStorage\redhat.java\1.54.0\config_win -data c:\Users\HOME\AppData\Roaming\Code\User\workspaceStorage\24419083ecbf71930fab6177e44796a6\redhat.java\jdt_ws --pipe=\\.\pipe\lsp-4a08a05bb090f0fa44c5496ef83a4a44-sock
java_class_path (initial): c:\Users\HOME\.vscode\extensions\redhat.java-1.54.0-win32-x64\server\plugins\org.eclipse.equinox.launcher_1.7.100.v20251111-0406.jar
Launcher Type: SUN_STANDARD

[Global flags]
    uintx AdaptiveSizePolicyWeight                 = 90                                        {product} {command line}
     intx CICompilerCount                          = 12                                        {product} {ergonomic}
    uintx GCTimeRatio                              = 4                                         {product} {command line}
     bool HeapDumpOnOutOfMemoryError               = true                                   {manageable} {command line}
    ccstr HeapDumpPath                             = c:\Users\HOME\AppData\Roaming\Code\User\workspaceStorage\24419083ecbf71930fab6177e44796a6\redhat.java         {manageable} {command line}
   size_t InitialHeapSize                          = 104857600                                 {product} {command line}
   size_t MaxHeapSize                              = 2147483648                                {product} {command line}
   size_t MaxNewSize                               = 715653120                                 {product} {ergonomic}
   size_t MinHeapDeltaBytes                        = 524288                                    {product} {ergonomic}
   size_t MinHeapSize                              = 104857600                                 {product} {command line}
   size_t NewSize                                  = 34603008                                  {product} {ergonomic}
    uintx NonNMethodCodeHeapSize                   = 7602480                                {pd product} {ergonomic}
    uintx NonProfiledCodeHeapSize                  = 122027880                              {pd product} {ergonomic}
   size_t OldSize                                  = 70254592                                  {product} {ergonomic}
    uintx ProfiledCodeHeapSize                     = 122027880                              {pd product} {ergonomic}
    uintx ReservedCodeCacheSize                    = 251658240                              {pd product} {ergonomic}
     bool SegmentedCodeCache                       = true                                      {product} {ergonomic}
   size_t SoftMaxHeapSize                          = 2147483648                             {manageable} {ergonomic}
     bool UseCompressedOops                        = true                           {product lp64_product} {ergonomic}
     bool UseLargePagesIndividualAllocation        = false                                  {pd product} {ergonomic}
     bool UseParallelGC                            = true                                      {product} {command line}

Logging:
Log output configuration:
 #0: stdout all=off uptime,level,tags foldmultilines=false
 #1: stderr all=off uptime,level,tags foldmultilines=false

Release file:
JAVA_VERSION="21.0.10" 
MODULES="java.base java.compiler java.datatransfer java.xml java.prefs java.desktop java.instrument java.logging java.management java.security.sasl java.naming java.rmi java.management.rmi java.net.http java.scripting java.security.jgss java.transaction.xa java.sql java.sql.rowset java.xml.crypto java.se java.smartcardio jdk.accessibility jdk.internal.jvmstat jdk.attach jdk.charsets jdk.internal.opt jdk.zipfs jdk.compiler jdk.crypto.ec jdk.crypto.cryptoki jdk.crypto.mscapi jdk.dynalink jdk.internal.ed jdk.editpad jdk.hotspot.agent jdk.httpserver jdk.internal.le jdk.internal.vm.ci jdk.internal.vm.compiler jdk.internal.vm.compiler.management jdk.jartool jdk.javadoc jdk.jcmd jdk.management jdk.management.agent jdk.jconsole jdk.jdeps jdk.jdwp.agent jdk.jdi jdk.jfr jdk.jshell jdk.jsobject jdk.jstatd jdk.localedata jdk.management.jfr jdk.naming.dns jdk.naming.rmi jdk.net jdk.nio.mapmode jdk.random jdk.sctp jdk.security.auth jdk.security.jgss jdk.unsupported jdk.unsupported.desktop jdk.xml.dom" 

Environment Variables:
JAVA_HOME=C:\Program Files\Java\jdk-25

CLASSPATH=C:\Program Files\Java\jdk-25
\lib
PATH=C:\Program Files\Common Files\Oracle\Java\javapath;C:\WINDOWS\system32;C:\WINDOWS;C:\WINDOWS\System32\Wbem;C:\WINDOWS\System32\WindowsPowerShell\v1.0\;C:\WINDOWS\System32\OpenSSH\;C:\Users\User\AppData\Local\Programs\Python\Python39;C:\Users\User\AppData\Local\Programs\Python\Python39\Scripts;C:\Program Files\Git\cmd;C:\Program Files\nodejs\;C:\Program Files\Graphviz\bin;C:\mingw64\bin;C:\Program Files\Java\jdk-25
\bin;C:\Program Files (x86)\Windows Kits\10\Windows Performance Toolkit\;C:\Program Files\PowerShell\7\;C:\Program Files\CMake\bin;C:\Users\HOME\AppData\Local\Programs\Python\Python37-32\Scripts\;C:\Users\HOME\AppData\Local\Programs\Python\Python37-32\;C:\Users\HOME\AppData\Local\Programs\Quarto\bin;C:\Ruby33-x64\bin;C:\Users\HOME\AppData\Local\Programs\Python\Python312\Scripts\;C:\Users\HOME\AppData\Local\Programs\Python\Python312\;C:\Users\HOME\AppData\Local\Microsoft\WindowsApps;C:\Users\HOME\anaconda3\Library\bin;C:\Users\HOME\anaconda3\Scripts;C:\Users\HOME\anaconda3;C:\Users\HOME\AppData\Local\GitHubDesktop\bin;C:\Users\HOME\AppData\Roaming\npm;C:\Users\HOME\Downloads\windows_10_cmake_Release_graphviz-install-13.1.1-win64.exe;C:\Users\HOME\AppData\Local\Programs\Microsoft VS Code\bin
USERNAME=HOME
OS=Windows_NT
PROCESSOR_IDENTIFIER=Intel64 Family 6 Model 170 Stepping 4, GenuineIntel
TMP=C:\Users\HOME\AppData\Local\Temp
TEMP=C:\Users\HOME\AppData\Local\Temp




Periodic native trim disabled

---------------  S Y S T E M  ---------------

OS:
 Windows 11 , 64 bit Build 26100 (10.0.26100.8328)
OS uptime: 0 days 1:29 hours

CPU: total 18 (initial active 18) (9 cores per cpu, 2 threads per core) family 6 model 170 stepping 4 microcode 0x1c, cx8, cmov, fxsr, ht, mmx, 3dnowpref, sse, sse2, sse3, ssse3, sse4.1, sse4.2, popcnt, lzcnt, tsc, tscinvbit, avx, avx2, aes, erms, clmul, bmi1, bmi2, adx, sha, fma, vzeroupper, clflush, clflushopt, clwb, serialize, rdtscp, rdpid, fsrm, f16c, pku, cet_ibt, cet_ss
Processor Information for processor 0
  Max Mhz: 1200, Current Mhz: 1200, Mhz Limit: 1200
Processor Information for processor 1
  Max Mhz: 1200, Current Mhz: 1200, Mhz Limit: 1200
Processor Information for processor 2
  Max Mhz: 3600, Current Mhz: 700, Mhz Limit: 684
Processor Information for processor 3
  Max Mhz: 3600, Current Mhz: 700, Mhz Limit: 684
Processor Information for processor 4
  Max Mhz: 3600, Current Mhz: 700, Mhz Limit: 684
Processor Information for processor 5
  Max Mhz: 3600, Current Mhz: 700, Mhz Limit: 684
Processor Information for processor 6
  Max Mhz: 3600, Current Mhz: 700, Mhz Limit: 684
Processor Information for processor 7
  Max Mhz: 3600, Current Mhz: 700, Mhz Limit: 684
Processor Information for processor 8
  Max Mhz: 3600, Current Mhz: 700, Mhz Limit: 684
Processor Information for processor 9
  Max Mhz: 3600, Current Mhz: 700, Mhz Limit: 684
Processor Information for processor 10
  Max Mhz: 1200, Current Mhz: 1200, Mhz Limit: 1200
Processor Information for processor 11
  Max Mhz: 1200, Current Mhz: 1200, Mhz Limit: 1200
Processor Information for processor 12
  Max Mhz: 1200, Current Mhz: 1200, Mhz Limit: 1200
Processor Information for processor 13
  Max Mhz: 1200, Current Mhz: 1200, Mhz Limit: 1200
Processor Information for processor 14
  Max Mhz: 1200, Current Mhz: 1200, Mhz Limit: 1200
Processor Information for processor 15
  Max Mhz: 1200, Current Mhz: 1200, Mhz Limit: 1200
Processor Information for processor 16
  Max Mhz: 2500, Current Mhz: 700, Mhz Limit: 700
Processor Information for processor 17
  Max Mhz: 2500, Current Mhz: 700, Mhz Limit: 700

Memory: 4k page, system-wide physical 15931M (6175M free)
TotalPageFile size 15931M (AvailPageFile size 0M)
current process WorkingSet (physical memory assigned to process): 405M, peak: 737M
current process commit charge ("private bytes"): 702M, peak: 909M

vm_info: OpenJDK 64-Bit Server VM (21.0.10+7-LTS) for windows-amd64 JRE (21.0.10+7-LTS), built on 2026-01-20T00:00:00Z by "admin" with MS VC++ 17.12 (VS2022)

END.
