#
# There is insufficient memory for the Java Runtime Environment to continue.
# Native memory allocation (malloc) failed to allocate 1138736 bytes. Error detail: Chunk::new
# Possible reasons:
#   The system is out of physical RAM or swap space
#   This process is running with CompressedOops enabled, and the Java Heap may be blocking the growth of the native heap
# Possible solutions:
#   Reduce memory load on the system
#   Increase physical memory or swap space
#   Check if swap backing store is full
#   Decrease Java heap size (-Xmx/-Xms)
#   Decrease number of Java threads
#   Decrease Java thread stack sizes (-Xss)
#   Set larger code cache with -XX:ReservedCodeCacheSize=
#   JVM is running with Unscaled Compressed Oops mode in which the Java heap is
#     placed in the first 4GB address space. The Java Heap base address is the
#     maximum limit for the native heap growth. Please use -XX:HeapBaseMinAddress
#     to set the Java Heap base and to place the Java Heap above 4GB virtual address.
# This output file may be truncated or incomplete.
#
#  Out of Memory Error (arena.cpp:168), pid=23136, tid=16816
#
# JRE version: OpenJDK Runtime Environment Temurin-21.0.10+7 (21.0.10+7) (build 21.0.10+7-LTS)
# Java VM: OpenJDK 64-Bit Server VM Temurin-21.0.10+7 (21.0.10+7-LTS, mixed mode, sharing, tiered, compressed oops, compressed class ptrs, parallel gc, windows-amd64)
# No core dump will be written. Minidumps are not enabled by default on client versions of Windows
#

---------------  S U M M A R Y ------------

Command Line: --add-modules=ALL-SYSTEM --add-opens=java.base/java.util=ALL-UNNAMED --add-opens=java.base/java.lang=ALL-UNNAMED --add-opens=java.base/sun.nio.fs=ALL-UNNAMED -Declipse.application=org.eclipse.jdt.ls.core.id1 -Dosgi.bundles.defaultStartLevel=4 -Declipse.product=org.eclipse.jdt.ls.core.product -Djava.import.generatesMetadataFilesAtProjectRoot=false -DDetectVMInstallationsJob.disabled=true -Dfile.encoding=utf8 -XX:+UseParallelGC -XX:GCTimeRatio=4 -XX:AdaptiveSizePolicyWeight=90 -Dsun.zip.disableMemoryMapping=true -Xmx2G -Xms100m -Xlog:disable -javaagent:c:\Users\HOME\.vscode\extensions\redhat.java-1.54.0-win32-x64\lombok\lombok-1.18.39-4050.jar c:\Users\HOME\.vscode\extensions\redhat.java-1.54.0-win32-x64\server\plugins\org.eclipse.equinox.launcher_1.7.100.v20251111-0406.jar -configuration c:\Users\HOME\AppData\Roaming\Code\User\globalStorage\redhat.java\1.54.0\config_ss_win -data c:\Users\HOME\AppData\Roaming\Code\User\workspaceStorage\24419083ecbf71930fab6177e44796a6\redhat.java\ss_ws --pipe=\\.\pipe\lsp-3eeebbadf5a041885d50e59004330ac6-sock

Host: Intel(R) Core(TM) Ultra 5 125H, 18 cores, 15G,  Windows 11 , 64 bit Build 26100 (10.0.26100.8328)
Time: Fri May 29 20:29:01 2026 elapsed time: 8.227527 seconds (0d 0h 0m 8s)

---------------  T H R E A D  ---------------

Current thread (0x000001f75f41e010):  JavaThread "C2 CompilerThread1" daemon [_thread_in_native, id=16816, stack(0x000000a4ce900000,0x000000a4cea00000) (1024K)]


Current CompileTask:
C2:8228 2933       4       org.lombokweb.asm.ClassReader::readMethod (1070 bytes)

Stack: [0x000000a4ce900000,0x000000a4cea00000]
Native frames: (J=compiled Java code, j=interpreted, Vv=VM code, C=native code)
V  [jvm.dll+0x6d7a39]
V  [jvm.dll+0x8b4b26]
V  [jvm.dll+0x8b70de]
V  [jvm.dll+0x8b77c3]
V  [jvm.dll+0x284346]
V  [jvm.dll+0xc66ed]
V  [jvm.dll+0xc6c31]
V  [jvm.dll+0x3bec01]
V  [jvm.dll+0x38b162]
V  [jvm.dll+0x38a5aa]
V  [jvm.dll+0x24c560]
V  [jvm.dll+0x24bb40]
V  [jvm.dll+0x1cb34e]
V  [jvm.dll+0x25b85d]
V  [jvm.dll+0x259dea]
V  [jvm.dll+0x3f857e]
V  [jvm.dll+0x85f59d]
V  [jvm.dll+0x6d626d]
C  [ucrtbase.dll+0x37b0]
C  [KERNEL32.DLL+0x2e957]
C  [ntdll.dll+0x427c]


---------------  P R O C E S S  ---------------

Threads class SMR info:
_java_thread_list=0x000001f75fc91a20, length=20, elements={
0x000001f77d28dbd0, 0x000001f758b3e1f0, 0x000001f758b3fb10, 0x000001f758b46850,
0x000001f758b47790, 0x000001f758b4c650, 0x000001f758b51e90, 0x000001f758b572f0,
0x000001f758b5b3a0, 0x000001f758d7a580, 0x000001f758d784b0, 0x000001f758d7ac10,
0x000001f758d78b40, 0x000001f758d77e20, 0x000001f758d77790, 0x000001f758d791d0,
0x000001f75f41e010, 0x000001f758d79860, 0x000001f75f82dc40, 0x000001f75f82eff0
}

Java Threads: ( => current thread )
  0x000001f77d28dbd0 JavaThread "main"                              [_thread_blocked, id=21912, stack(0x000000a4cd700000,0x000000a4cd800000) (1024K)]
  0x000001f758b3e1f0 JavaThread "Reference Handler"          daemon [_thread_blocked, id=6852, stack(0x000000a4cdb00000,0x000000a4cdc00000) (1024K)]
  0x000001f758b3fb10 JavaThread "Finalizer"                  daemon [_thread_blocked, id=996, stack(0x000000a4cdc00000,0x000000a4cdd00000) (1024K)]
  0x000001f758b46850 JavaThread "Signal Dispatcher"          daemon [_thread_blocked, id=23400, stack(0x000000a4cdd00000,0x000000a4cde00000) (1024K)]
  0x000001f758b47790 JavaThread "Attach Listener"            daemon [_thread_blocked, id=23228, stack(0x000000a4cde00000,0x000000a4cdf00000) (1024K)]
  0x000001f758b4c650 JavaThread "Service Thread"             daemon [_thread_blocked, id=23224, stack(0x000000a4cdf00000,0x000000a4ce000000) (1024K)]
  0x000001f758b51e90 JavaThread "Monitor Deflation Thread"   daemon [_thread_blocked, id=23268, stack(0x000000a4ce000000,0x000000a4ce100000) (1024K)]
  0x000001f758b572f0 JavaThread "C2 CompilerThread0"         daemon [_thread_blocked, id=23232, stack(0x000000a4ce100000,0x000000a4ce200000) (1024K)]
  0x000001f758b5b3a0 JavaThread "C1 CompilerThread0"         daemon [_thread_blocked, id=23264, stack(0x000000a4ce200000,0x000000a4ce300000) (1024K)]
  0x000001f758d7a580 JavaThread "Common-Cleaner"             daemon [_thread_blocked, id=23424, stack(0x000000a4ce600000,0x000000a4ce700000) (1024K)]
  0x000001f758d784b0 JavaThread "Notification Thread"        daemon [_thread_blocked, id=23024, stack(0x000000a4ce800000,0x000000a4ce900000) (1024K)]
  0x000001f758d7ac10 JavaThread "Active Thread: Equinox Container: 05e799df-4832-43ea-adab-4b24338760d6"        [_thread_blocked, id=20232, stack(0x000000a4cf000000,0x000000a4cf100000) (1024K)]
  0x000001f758d78b40 JavaThread "Framework Event Dispatcher: Equinox Container: 05e799df-4832-43ea-adab-4b24338760d6" daemon [_thread_blocked, id=9984, stack(0x000000a4cf200000,0x000000a4cf300000) (1024K)]
  0x000001f758d77e20 JavaThread "Start Level: Equinox Container: 05e799df-4832-43ea-adab-4b24338760d6" daemon [_thread_in_native, id=22988, stack(0x000000a4cf300000,0x000000a4cf400000) (1024K)]
  0x000001f758d77790 JavaThread "SCR Component Actor"        daemon [_thread_blocked, id=23132, stack(0x000000a4ce500000,0x000000a4ce600000) (1024K)]
  0x000001f758d791d0 JavaThread "Worker-JM"                         [_thread_blocked, id=19888, stack(0x000000a4cf500000,0x000000a4cf600000) (1024K)]
=>0x000001f75f41e010 JavaThread "C2 CompilerThread1"         daemon [_thread_in_native, id=16816, stack(0x000000a4ce900000,0x000000a4cea00000) (1024K)]
  0x000001f758d79860 JavaThread "JNA Cleaner"                daemon [_thread_blocked, id=22820, stack(0x000000a4cf400000,0x000000a4cf500000) (1024K)]
  0x000001f75f82dc40 JavaThread "Worker-0"                          [_thread_blocked, id=4976, stack(0x000000a4cf800000,0x000000a4cf900000) (1024K)]
  0x000001f75f82eff0 JavaThread "Worker-1"                          [_thread_blocked, id=22140, stack(0x000000a4cf900000,0x000000a4cfa00000) (1024K)]
Total: 20

Other Threads:
  0x000001f77d34ead0 VMThread "VM Thread"                           [id=6264, stack(0x000000a4cda00000,0x000000a4cdb00000) (1024K)]
  0x000001f71621cb20 WatcherThread "VM Periodic Task Thread"        [id=12524, stack(0x000000a4cd900000,0x000000a4cda00000) (1024K)]
  0x000001f77d2ac020 WorkerThread "GC Thread#0"                     [id=21476, stack(0x000000a4cd800000,0x000000a4cd900000) (1024K)]
  0x000001f75f131b60 WorkerThread "GC Thread#1"                     [id=5044, stack(0x000000a4cea00000,0x000000a4ceb00000) (1024K)]
  0x000001f75aa18580 WorkerThread "GC Thread#2"                     [id=11924, stack(0x000000a4ceb00000,0x000000a4cec00000) (1024K)]
  0x000001f75a9c1530 WorkerThread "GC Thread#3"                     [id=14916, stack(0x000000a4cec00000,0x000000a4ced00000) (1024K)]
  0x000001f75a9c1ce0 WorkerThread "GC Thread#4"                     [id=1140, stack(0x000000a4ced00000,0x000000a4cee00000) (1024K)]
  0x000001f75f0b1500 WorkerThread "GC Thread#5"                     [id=22148, stack(0x000000a4cee00000,0x000000a4cef00000) (1024K)]
  0x000001f75f0b20c0 WorkerThread "GC Thread#6"                     [id=14632, stack(0x000000a4cef00000,0x000000a4cf000000) (1024K)]
  0x000001f75f3727e0 WorkerThread "GC Thread#7"                     [id=22632, stack(0x000000a4cf100000,0x000000a4cf200000) (1024K)]
  0x000001f75f21eb80 WorkerThread "GC Thread#8"                     [id=14972, stack(0x000000a4cf600000,0x000000a4cf700000) (1024K)]
  0x000001f75f21f2e0 WorkerThread "GC Thread#9"                     [id=9992, stack(0x000000a4cf700000,0x000000a4cf800000) (1024K)]
  0x000001f75f2201a0 WorkerThread "GC Thread#10"                    [id=20500, stack(0x000000a4cfa00000,0x000000a4cfb00000) (1024K)]
  0x000001f75f21f690 WorkerThread "GC Thread#11"                    [id=13428, stack(0x000000a4cfb00000,0x000000a4cfc00000) (1024K)]
  0x000001f75f220550 WorkerThread "GC Thread#12"                    [id=1776, stack(0x000000a4cfc00000,0x000000a4cfd00000) (1024K)]
  0x000001f75f21fdf0 WorkerThread "GC Thread#13"                    [id=22868, stack(0x000000a4cfd00000,0x000000a4cfe00000) (1024K)]
Total: 16

Threads with active compile tasks:
C2 CompilerThread1  8325 2933       4       org.lombokweb.asm.ClassReader::readMethod (1070 bytes)
Total: 1

VM state: not at safepoint (normal execution)

VM Mutex/Monitor currently owned by a thread: None

Heap address: 0x0000000080000000, size: 2048 MB, Compressed Oops mode: 32-bit

CDS archive(s) mapped at: [0x000001f717000000-0x000001f717ba0000-0x000001f717ba0000), size 12189696, SharedBaseAddress: 0x000001f717000000, ArchiveRelocationMode: 1.
Compressed class space mapped at: 0x000001f718000000-0x000001f758000000, reserved size: 1073741824
Narrow klass base: 0x000001f717000000, Narrow klass shift: 0, Narrow klass range: 0x100000000

GC Precious Log:
 CardTable entry size: 512
 CPUs: 18 total, 18 available
 Memory: 15931M
 Large Page Support: Disabled
 NUMA Support: Disabled
 Compressed Oops: Enabled (32-bit)
 Alignments: Space 512K, Generation 512K, Heap 2M
 Heap Min Capacity: 100M
 Heap Initial Capacity: 100M
 Heap Max Capacity: 2G
 Pre-touch: Disabled
 Parallel Workers: 14

Heap:
 PSYoungGen      total 30208K, used 17253K [0x00000000d5580000, 0x00000000d7800000, 0x0000000100000000)
  eden space 25088K, 68% used [0x00000000d5580000,0x00000000d6659558,0x00000000d6e00000)
  from space 5120K, 0% used [0x00000000d7300000,0x00000000d7300000,0x00000000d7800000)
  to   space 5120K, 0% used [0x00000000d6e00000,0x00000000d6e00000,0x00000000d7300000)
 ParOldGen       total 68608K, used 9246K [0x0000000080000000, 0x0000000084300000, 0x00000000d5580000)
  object space 68608K, 13% used [0x0000000080000000,0x0000000080907b00,0x0000000084300000)
 Metaspace       used 22179K, committed 22848K, reserved 1114112K
  class space    used 2145K, committed 2432K, reserved 1048576K

Card table byte_map: [0x000001f77cc30000,0x000001f77d040000] _byte_map_base: 0x000001f77c830000

Marking Bits: (ParMarkBitMap*) 0x00007ff905f03450
 Begin Bits: [0x000001f712140000, 0x000001f714140000)
 End Bits:   [0x000001f714140000, 0x000001f716140000)

Polling page: 0x000001f77b3f0000

Metaspace:

Usage:
  Non-class:     19.56 MB used.
      Class:      2.09 MB used.
       Both:     21.66 MB used.

Virtual space:
  Non-class space:       64.00 MB reserved,      19.94 MB ( 31%) committed,  1 nodes.
      Class space:        1.00 GB reserved,       2.38 MB ( <1%) committed,  1 nodes.
             Both:        1.06 GB reserved,      22.31 MB (  2%) committed. 

Chunk freelists:
   Non-Class:  11.62 MB
       Class:  13.59 MB
        Both:  25.21 MB

MaxMetaspaceSize: unlimited
CompressedClassSpaceSize: 1.00 GB
Initial GC threshold: 21.00 MB
Current GC threshold: 35.00 MB
CDS: on
 - commit_granule_bytes: 65536.
 - commit_granule_words: 8192.
 - virtual_space_node_default_size: 8388608.
 - enlarge_chunks_in_place: 1.
 - use_allocation_guard: 0.


Internal statistics:

num_allocs_failed_limit: 3.
num_arena_births: 502.
num_arena_deaths: 14.
num_vsnodes_births: 2.
num_vsnodes_deaths: 0.
num_space_committed: 357.
num_space_uncommitted: 0.
num_chunks_returned_to_freelist: 17.
num_chunks_taken_from_freelist: 1340.
num_chunk_merges: 7.
num_chunk_splits: 870.
num_chunks_enlarged: 583.
num_inconsistent_stats: 0.

CodeHeap 'non-profiled nmethods': size=119168Kb used=1355Kb max_used=1355Kb free=117812Kb
 bounds [0x000001f70ace0000, 0x000001f70af50000, 0x000001f712140000]
CodeHeap 'profiled nmethods': size=119104Kb used=5881Kb max_used=5881Kb free=113222Kb
 bounds [0x000001f703140000, 0x000001f703700000, 0x000001f70a590000]
CodeHeap 'non-nmethods': size=7488Kb used=1317Kb max_used=2996Kb free=6170Kb
 bounds [0x000001f70a590000, 0x000001f70a880000, 0x000001f70ace0000]
CodeCache: size=245760Kb, used=8553Kb, max_used=10232Kb, free=237204Kb
 total_blobs=3606, nmethods=3000, adapters=512, full_count=0
Compilation: enabled, stopped_count=0, restarted_count=0

Compilation events (20 events):
Event: 7.068 Thread 0x000001f758b5b3a0 2985       3       org.eclipse.core.internal.preferences.DefaultPreferences::getScopeRelativePath (43 bytes)
Event: 7.068 Thread 0x000001f758c53ac0 2986       3       org.eclipse.core.internal.preferences.DefaultPreferences::internalPut (66 bytes)
Event: 7.069 Thread 0x000001f758b5b3a0 nmethod 2985 0x000001f7036f6c10 code [0x000001f7036f6e20, 0x000001f7036f73d8]
Event: 7.069 Thread 0x000001f758c53ac0 nmethod 2986 0x000001f7036f7610 code [0x000001f7036f7880, 0x000001f7036f82f0]
Event: 7.069 Thread 0x000001f758c53ac0 2987       3       org.eclipse.core.internal.preferences.RootPreferences::getNode (135 bytes)
Event: 7.072 Thread 0x000001f758c53ac0 nmethod 2987 0x000001f7036f8690 code [0x000001f7036f89e0, 0x000001f7036f9d80]
Event: 7.083 Thread 0x000001f758b572f0 2988       4       java.lang.StringConcatHelper::prepend (37 bytes)
Event: 7.086 Thread 0x000001f758b572f0 nmethod 2988 0x000001f70ae2e410 code [0x000001f70ae2e5a0, 0x000001f70ae2e830]
Event: 7.102 Thread 0x000001f758c53ac0 2989   !   3       java.io.BufferedInputStream::read (69 bytes)
Event: 7.103 Thread 0x000001f758b5b3a0 2990       3       java.io.BufferedInputStream::implRead (112 bytes)
Event: 7.103 Thread 0x000001f758c53ac0 nmethod 2989 0x000001f7036fa490 code [0x000001f7036fa720, 0x000001f7036fb360]
Event: 7.104 Thread 0x000001f758b5b3a0 nmethod 2990 0x000001f7036fb810 code [0x000001f7036fba40, 0x000001f7036fc188]
Event: 7.109 Thread 0x000001f75ff403a0 2991       4       java.util.Collections$UnmodifiableMap::get (11 bytes)
Event: 7.115 Thread 0x000001f75ff403a0 nmethod 2991 0x000001f70ae2ea10 code [0x000001f70ae2ec00, 0x000001f70ae2f008]
Event: 7.116 Thread 0x000001f75ff403a0 2992       4       java.lang.StringConcatHelper::mix (27 bytes)
Event: 7.117 Thread 0x000001f758b5b3a0 2993       3       java.lang.ref.SoftReference::<init> (14 bytes)
Event: 7.117 Thread 0x000001f758b5b3a0 nmethod 2993 0x000001f7036fc410 code [0x000001f7036fc5c0, 0x000001f7036fc820]
Event: 7.117 Thread 0x000001f75ff403a0 nmethod 2992 0x000001f70ae2f390 code [0x000001f70ae2f520, 0x000001f70ae2f600]
Event: 7.226 Thread 0x000001f758b5b3a0 2994       1       org.eclipse.osgi.internal.loader.EquinoxClassLoader::getDebug (5 bytes)
Event: 7.227 Thread 0x000001f758b5b3a0 nmethod 2994 0x000001f70ae2f710 code [0x000001f70ae2f8a0, 0x000001f70ae2f968]

GC Heap History (14 events):
Event: 0.829 GC heap before
{Heap before GC invocations=1 (full 0):
 PSYoungGen      total 29696K, used 25600K [0x00000000d5580000, 0x00000000d7680000, 0x0000000100000000)
  eden space 25600K, 100% used [0x00000000d5580000,0x00000000d6e80000,0x00000000d6e80000)
  from space 4096K, 0% used [0x00000000d7280000,0x00000000d7280000,0x00000000d7680000)
  to   space 4096K, 0% used [0x00000000d6e80000,0x00000000d6e80000,0x00000000d7280000)
 ParOldGen       total 68608K, used 0K [0x0000000080000000, 0x0000000084300000, 0x00000000d5580000)
  object space 68608K, 0% used [0x0000000080000000,0x0000000080000000,0x0000000084300000)
 Metaspace       used 4183K, committed 4480K, reserved 1114112K
  class space    used 458K, committed 576K, reserved 1048576K
}
Event: 0.836 GC heap after
{Heap after GC invocations=1 (full 0):
 PSYoungGen      total 29696K, used 3742K [0x00000000d5580000, 0x00000000d7680000, 0x0000000100000000)
  eden space 25600K, 0% used [0x00000000d5580000,0x00000000d5580000,0x00000000d6e80000)
  from space 4096K, 91% used [0x00000000d6e80000,0x00000000d72278b0,0x00000000d7280000)
  to   space 4096K, 0% used [0x00000000d7280000,0x00000000d7280000,0x00000000d7680000)
 ParOldGen       total 68608K, used 16K [0x0000000080000000, 0x0000000084300000, 0x00000000d5580000)
  object space 68608K, 0% used [0x0000000080000000,0x0000000080004000,0x0000000084300000)
 Metaspace       used 4183K, committed 4480K, reserved 1114112K
  class space    used 458K, committed 576K, reserved 1048576K
}
Event: 2.664 GC heap before
{Heap before GC invocations=2 (full 0):
 PSYoungGen      total 29696K, used 29342K [0x00000000d5580000, 0x00000000d7680000, 0x0000000100000000)
  eden space 25600K, 100% used [0x00000000d5580000,0x00000000d6e80000,0x00000000d6e80000)
  from space 4096K, 91% used [0x00000000d6e80000,0x00000000d72278b0,0x00000000d7280000)
  to   space 4096K, 0% used [0x00000000d7280000,0x00000000d7280000,0x00000000d7680000)
 ParOldGen       total 68608K, used 16K [0x0000000080000000, 0x0000000084300000, 0x00000000d5580000)
  object space 68608K, 0% used [0x0000000080000000,0x0000000080004000,0x0000000084300000)
 Metaspace       used 8016K, committed 8256K, reserved 1114112K
  class space    used 835K, committed 960K, reserved 1048576K
}
Event: 2.670 GC heap after
{Heap after GC invocations=2 (full 0):
 PSYoungGen      total 29696K, used 4079K [0x00000000d5580000, 0x00000000d7680000, 0x0000000100000000)
  eden space 25600K, 0% used [0x00000000d5580000,0x00000000d5580000,0x00000000d6e80000)
  from space 4096K, 99% used [0x00000000d7280000,0x00000000d767be10,0x00000000d7680000)
  to   space 4096K, 0% used [0x00000000d6e80000,0x00000000d6e80000,0x00000000d7280000)
 ParOldGen       total 68608K, used 1281K [0x0000000080000000, 0x0000000084300000, 0x00000000d5580000)
  object space 68608K, 1% used [0x0000000080000000,0x00000000801406c8,0x0000000084300000)
 Metaspace       used 8016K, committed 8256K, reserved 1114112K
  class space    used 835K, committed 960K, reserved 1048576K
}
Event: 3.464 GC heap before
{Heap before GC invocations=3 (full 0):
 PSYoungGen      total 29696K, used 29679K [0x00000000d5580000, 0x00000000d7680000, 0x0000000100000000)
  eden space 25600K, 100% used [0x00000000d5580000,0x00000000d6e80000,0x00000000d6e80000)
  from space 4096K, 99% used [0x00000000d7280000,0x00000000d767be10,0x00000000d7680000)
  to   space 4096K, 0% used [0x00000000d6e80000,0x00000000d6e80000,0x00000000d7280000)
 ParOldGen       total 68608K, used 1281K [0x0000000080000000, 0x0000000084300000, 0x00000000d5580000)
  object space 68608K, 1% used [0x0000000080000000,0x00000000801406c8,0x0000000084300000)
 Metaspace       used 12691K, committed 13184K, reserved 1114112K
  class space    used 1345K, committed 1600K, reserved 1048576K
}
Event: 3.470 GC heap after
{Heap after GC invocations=3 (full 0):
 PSYoungGen      total 29696K, used 4088K [0x00000000d5580000, 0x00000000d7680000, 0x0000000100000000)
  eden space 25600K, 0% used [0x00000000d5580000,0x00000000d5580000,0x00000000d6e80000)
  from space 4096K, 99% used [0x00000000d6e80000,0x00000000d727e2f8,0x00000000d7280000)
  to   space 4096K, 0% used [0x00000000d7280000,0x00000000d7280000,0x00000000d7680000)
 ParOldGen       total 68608K, used 2754K [0x0000000080000000, 0x0000000084300000, 0x00000000d5580000)
  object space 68608K, 4% used [0x0000000080000000,0x00000000802b09d8,0x0000000084300000)
 Metaspace       used 12691K, committed 13184K, reserved 1114112K
  class space    used 1345K, committed 1600K, reserved 1048576K
}
Event: 4.364 GC heap before
{Heap before GC invocations=4 (full 0):
 PSYoungGen      total 29696K, used 29688K [0x00000000d5580000, 0x00000000d7680000, 0x0000000100000000)
  eden space 25600K, 100% used [0x00000000d5580000,0x00000000d6e80000,0x00000000d6e80000)
  from space 4096K, 99% used [0x00000000d6e80000,0x00000000d727e2f8,0x00000000d7280000)
  to   space 4096K, 0% used [0x00000000d7280000,0x00000000d7280000,0x00000000d7680000)
 ParOldGen       total 68608K, used 2754K [0x0000000080000000, 0x0000000084300000, 0x00000000d5580000)
  object space 68608K, 4% used [0x0000000080000000,0x00000000802b09d8,0x0000000084300000)
 Metaspace       used 16642K, committed 17344K, reserved 1114112K
  class space    used 1749K, committed 2048K, reserved 1048576K
}
Event: 4.368 GC heap after
{Heap after GC invocations=4 (full 0):
 PSYoungGen      total 29696K, used 4078K [0x00000000d5580000, 0x00000000d7680000, 0x0000000100000000)
  eden space 25600K, 0% used [0x00000000d5580000,0x00000000d5580000,0x00000000d6e80000)
  from space 4096K, 99% used [0x00000000d7280000,0x00000000d767b830,0x00000000d7680000)
  to   space 4096K, 0% used [0x00000000d6e80000,0x00000000d6e80000,0x00000000d7280000)
 ParOldGen       total 68608K, used 4921K [0x0000000080000000, 0x0000000084300000, 0x00000000d5580000)
  object space 68608K, 7% used [0x0000000080000000,0x00000000804ce5f0,0x0000000084300000)
 Metaspace       used 16642K, committed 17344K, reserved 1114112K
  class space    used 1749K, committed 2048K, reserved 1048576K
}
Event: 6.745 GC heap before
{Heap before GC invocations=5 (full 0):
 PSYoungGen      total 29696K, used 29678K [0x00000000d5580000, 0x00000000d7680000, 0x0000000100000000)
  eden space 25600K, 100% used [0x00000000d5580000,0x00000000d6e80000,0x00000000d6e80000)
  from space 4096K, 99% used [0x00000000d7280000,0x00000000d767b830,0x00000000d7680000)
  to   space 4096K, 0% used [0x00000000d6e80000,0x00000000d6e80000,0x00000000d7280000)
 ParOldGen       total 68608K, used 4921K [0x0000000080000000, 0x0000000084300000, 0x00000000d5580000)
  object space 68608K, 7% used [0x0000000080000000,0x00000000804ce5f0,0x0000000084300000)
 Metaspace       used 19911K, committed 20608K, reserved 1114112K
  class space    used 1980K, committed 2240K, reserved 1048576K
}
Event: 6.749 GC heap after
{Heap after GC invocations=5 (full 0):
 PSYoungGen      total 29184K, used 4094K [0x00000000d5580000, 0x00000000d7800000, 0x0000000100000000)
  eden space 25088K, 0% used [0x00000000d5580000,0x00000000d5580000,0x00000000d6e00000)
  from space 4096K, 99% used [0x00000000d6e80000,0x00000000d727f820,0x00000000d7280000)
  to   space 5120K, 0% used [0x00000000d7300000,0x00000000d7300000,0x00000000d7800000)
 ParOldGen       total 68608K, used 5131K [0x0000000080000000, 0x0000000084300000, 0x00000000d5580000)
  object space 68608K, 7% used [0x0000000080000000,0x0000000080502e40,0x0000000084300000)
 Metaspace       used 19911K, committed 20608K, reserved 1114112K
  class space    used 1980K, committed 2240K, reserved 1048576K
}
Event: 6.874 GC heap before
{Heap before GC invocations=6 (full 0):
 PSYoungGen      total 29184K, used 13138K [0x00000000d5580000, 0x00000000d7800000, 0x0000000100000000)
  eden space 25088K, 36% used [0x00000000d5580000,0x00000000d5e55078,0x00000000d6e00000)
  from space 4096K, 99% used [0x00000000d6e80000,0x00000000d727f820,0x00000000d7280000)
  to   space 5120K, 0% used [0x00000000d7300000,0x00000000d7300000,0x00000000d7800000)
 ParOldGen       total 68608K, used 5131K [0x0000000080000000, 0x0000000084300000, 0x00000000d5580000)
  object space 68608K, 7% used [0x0000000080000000,0x0000000080502e40,0x0000000084300000)
 Metaspace       used 20773K, committed 21504K, reserved 1114112K
  class space    used 2059K, committed 2368K, reserved 1048576K
}
Event: 6.878 GC heap after
{Heap after GC invocations=6 (full 0):
 PSYoungGen      total 30208K, used 4555K [0x00000000d5580000, 0x00000000d7800000, 0x0000000100000000)
  eden space 25088K, 0% used [0x00000000d5580000,0x00000000d5580000,0x00000000d6e00000)
  from space 5120K, 88% used [0x00000000d7300000,0x00000000d7772ca8,0x00000000d7800000)
  to   space 5120K, 0% used [0x00000000d6e00000,0x00000000d6e00000,0x00000000d7300000)
 ParOldGen       total 68608K, used 5139K [0x0000000080000000, 0x0000000084300000, 0x00000000d5580000)
  object space 68608K, 7% used [0x0000000080000000,0x0000000080504e40,0x0000000084300000)
 Metaspace       used 20773K, committed 21504K, reserved 1114112K
  class space    used 2059K, committed 2368K, reserved 1048576K
}
Event: 6.878 GC heap before
{Heap before GC invocations=7 (full 1):
 PSYoungGen      total 30208K, used 4555K [0x00000000d5580000, 0x00000000d7800000, 0x0000000100000000)
  eden space 25088K, 0% used [0x00000000d5580000,0x00000000d5580000,0x00000000d6e00000)
  from space 5120K, 88% used [0x00000000d7300000,0x00000000d7772ca8,0x00000000d7800000)
  to   space 5120K, 0% used [0x00000000d6e00000,0x00000000d6e00000,0x00000000d7300000)
 ParOldGen       total 68608K, used 5139K [0x0000000080000000, 0x0000000084300000, 0x00000000d5580000)
  object space 68608K, 7% used [0x0000000080000000,0x0000000080504e40,0x0000000084300000)
 Metaspace       used 20773K, committed 21504K, reserved 1114112K
  class space    used 2059K, committed 2368K, reserved 1048576K
}
Event: 6.906 GC heap after
{Heap after GC invocations=7 (full 1):
 PSYoungGen      total 30208K, used 0K [0x00000000d5580000, 0x00000000d7800000, 0x0000000100000000)
  eden space 25088K, 0% used [0x00000000d5580000,0x00000000d5580000,0x00000000d6e00000)
  from space 5120K, 0% used [0x00000000d7300000,0x00000000d7300000,0x00000000d7800000)
  to   space 5120K, 0% used [0x00000000d6e00000,0x00000000d6e00000,0x00000000d7300000)
 ParOldGen       total 68608K, used 9246K [0x0000000080000000, 0x0000000084300000, 0x00000000d5580000)
  object space 68608K, 13% used [0x0000000080000000,0x0000000080907b00,0x0000000084300000)
 Metaspace       used 20760K, committed 21504K, reserved 1114112K
  class space    used 2055K, committed 2368K, reserved 1048576K
}

Dll operation events (10 events):
Event: 0.021 Loaded shared library c:\Users\HOME\.vscode\extensions\redhat.java-1.54.0-win32-x64\jre\21.0.10-win32-x86_64\bin\java.dll
Event: 0.054 Loaded shared library c:\Users\HOME\.vscode\extensions\redhat.java-1.54.0-win32-x64\jre\21.0.10-win32-x86_64\bin\zip.dll
Event: 0.124 Loaded shared library C:\Users\HOME\.vscode\extensions\redhat.java-1.54.0-win32-x64\jre\21.0.10-win32-x86_64\bin\instrument.dll
Event: 0.132 Loaded shared library C:\Users\HOME\.vscode\extensions\redhat.java-1.54.0-win32-x64\jre\21.0.10-win32-x86_64\bin\net.dll
Event: 0.137 Loaded shared library C:\Users\HOME\.vscode\extensions\redhat.java-1.54.0-win32-x64\jre\21.0.10-win32-x86_64\bin\nio.dll
Event: 0.141 Loaded shared library C:\Users\HOME\.vscode\extensions\redhat.java-1.54.0-win32-x64\jre\21.0.10-win32-x86_64\bin\zip.dll
Event: 0.163 Loaded shared library C:\Users\HOME\.vscode\extensions\redhat.java-1.54.0-win32-x64\jre\21.0.10-win32-x86_64\bin\jimage.dll
Event: 0.264 Loaded shared library c:\Users\HOME\.vscode\extensions\redhat.java-1.54.0-win32-x64\jre\21.0.10-win32-x86_64\bin\verify.dll
Event: 2.812 Loaded shared library C:\Users\HOME\AppData\Roaming\Code\User\globalStorage\redhat.java\1.54.0\config_ss_win\org.eclipse.equinox.launcher\org.eclipse.equinox.launcher.win32.win32.x86_64_1.3.0.v20260203-2149\eclipse_11919.dll
Event: 4.116 Loaded shared library C:\Users\HOME\AppData\Local\Temp\jna-2223327\jna7186900850830142700.dll

Deoptimization events (20 events):
Event: 4.373 Thread 0x000001f758d77e20 DEOPT PACKING pc=0x000001f70adddf14 sp=0x000000a4cf3ef8d0
Event: 4.373 Thread 0x000001f758d77e20 DEOPT UNPACKING pc=0x000001f70a5e3aa2 sp=0x000000a4cf3ef878 mode 2
Event: 4.373 Thread 0x000001f758d77e20 Uncommon trap: trap_request=0xffffffde fr.pc=0x000001f70adddf14 relative=0x00000000000003b4
Event: 4.373 Thread 0x000001f758d77e20 Uncommon trap: reason=class_check action=maybe_recompile pc=0x000001f70adddf14 method=java.util.regex.Pattern$BmpCharPropertyGreedy.match(Ljava/util/regex/Matcher;ILjava/lang/CharSequence;)Z @ 70 c2
Event: 4.373 Thread 0x000001f758d77e20 DEOPT PACKING pc=0x000001f70adddf14 sp=0x000000a4cf3ef720
Event: 4.373 Thread 0x000001f758d77e20 DEOPT UNPACKING pc=0x000001f70a5e3aa2 sp=0x000000a4cf3ef6c8 mode 2
Event: 6.806 Thread 0x000001f758d77e20 Uncommon trap: trap_request=0xffffff45 fr.pc=0x000001f70ae1a76c relative=0x000000000000014c
Event: 6.806 Thread 0x000001f758d77e20 Uncommon trap: reason=unstable_if action=reinterpret pc=0x000001f70ae1a76c method=org.lombokweb.asm.ByteVector.putByteArray([BII)Lorg/lombokweb/asm/ByteVector; @ 20 c2
Event: 6.806 Thread 0x000001f758d77e20 DEOPT PACKING pc=0x000001f70ae1a76c sp=0x000000a4cf3f2ab0
Event: 6.806 Thread 0x000001f758d77e20 DEOPT UNPACKING pc=0x000001f70a5e3aa2 sp=0x000000a4cf3f2a80 mode 2
Event: 6.806 Thread 0x000001f758d77e20 Uncommon trap: trap_request=0xffffff45 fr.pc=0x000001f70ae0be24 relative=0x0000000000000364
Event: 6.806 Thread 0x000001f758d77e20 Uncommon trap: reason=unstable_if action=reinterpret pc=0x000001f70ae0be24 method=org.lombokweb.asm.Label.resolve([BLorg/lombokweb/asm/ByteVector;I)Z @ 81 c2
Event: 6.806 Thread 0x000001f758d77e20 DEOPT PACKING pc=0x000001f70ae0be24 sp=0x000000a4cf3f2b40
Event: 6.806 Thread 0x000001f758d77e20 DEOPT UNPACKING pc=0x000001f70a5e3aa2 sp=0x000000a4cf3f2a48 mode 2
Event: 6.806 Thread 0x000001f758d77e20 Uncommon trap: trap_request=0xffffff45 fr.pc=0x000001f70ae0c5bc relative=0x000000000000021c
Event: 6.806 Thread 0x000001f758d77e20 Uncommon trap: reason=unstable_if action=reinterpret pc=0x000001f70ae0c5bc method=org.lombokweb.asm.Label.resolve([BLorg/lombokweb/asm/ByteVector;I)Z @ 81 c2
Event: 6.806 Thread 0x000001f758d77e20 DEOPT PACKING pc=0x000001f70ae0c5bc sp=0x000000a4cf3f2ab0
Event: 6.806 Thread 0x000001f758d77e20 DEOPT UNPACKING pc=0x000001f70a5e3aa2 sp=0x000000a4cf3f2a40 mode 2
Event: 7.140 Thread 0x000001f758d77e20 DEOPT PACKING pc=0x000001f70326d039 sp=0x000000a4cf3f8120
Event: 7.140 Thread 0x000001f758d77e20 DEOPT UNPACKING pc=0x000001f70a5e4242 sp=0x000000a4cf3f7620 mode 0

Classes loaded (20 events):
Event: 4.395 Loading class java/io/StringReader
Event: 4.395 Loading class java/io/StringReader done
Event: 4.398 Loading class java/net/SocketTimeoutException
Event: 4.398 Loading class java/io/InterruptedIOException
Event: 4.398 Loading class java/io/InterruptedIOException done
Event: 4.399 Loading class java/net/SocketTimeoutException done
Event: 4.399 Loading class java/net/SocketException
Event: 4.399 Loading class java/net/SocketException done
Event: 4.399 Loading class java/net/UnknownHostException
Event: 4.399 Loading class java/net/UnknownHostException done
Event: 4.399 Loading class java/net/ProtocolException
Event: 4.399 Loading class java/net/ProtocolException done
Event: 4.424 Loading class java/lang/ThreadLocal$SuppliedThreadLocal
Event: 4.424 Loading class java/lang/ThreadLocal$SuppliedThreadLocal done
Event: 4.504 Loading class java/io/FileWriter
Event: 4.504 Loading class java/io/FileWriter done
Event: 4.506 Loading class java/lang/NegativeArraySizeException
Event: 4.506 Loading class java/lang/NegativeArraySizeException done
Event: 7.109 Loading class org/w3c/dom/DOMException
Event: 7.110 Loading class org/w3c/dom/DOMException done

Classes unloaded (7 events):
Event: 6.884 Thread 0x000001f77d34ead0 Unloading class 0x000001f718195000 'java/lang/invoke/LambdaForm$MH+0x000001f718195000'
Event: 6.884 Thread 0x000001f77d34ead0 Unloading class 0x000001f718194c00 'java/lang/invoke/LambdaForm$MH+0x000001f718194c00'
Event: 6.884 Thread 0x000001f77d34ead0 Unloading class 0x000001f718194800 'java/lang/invoke/LambdaForm$MH+0x000001f718194800'
Event: 6.884 Thread 0x000001f77d34ead0 Unloading class 0x000001f718194400 'java/lang/invoke/LambdaForm$MH+0x000001f718194400'
Event: 6.884 Thread 0x000001f77d34ead0 Unloading class 0x000001f718194000 'java/lang/invoke/LambdaForm$BMH+0x000001f718194000'
Event: 6.884 Thread 0x000001f77d34ead0 Unloading class 0x000001f718193c00 'java/lang/invoke/LambdaForm$DMH+0x000001f718193c00'
Event: 6.884 Thread 0x000001f77d34ead0 Unloading class 0x000001f718192c00 'java/lang/invoke/LambdaForm$DMH+0x000001f718192c00'

Classes redefined (0 events):
No events

Internal exceptions (20 events):
Event: 4.193 Thread 0x000001f758d77e20 Exception <a 'java/lang/NoSuchMethodError'{0x00000000d684f060}: 'void java.lang.invoke.Invokers$Holder.invokeExact_MT(java.lang.Object, java.lang.Object, int, java.lang.Object)'> (0x00000000d684f060) 
thrown [s\src\hotspot\share\interpreter\linkResolver.cpp, line 773]
Event: 4.216 Thread 0x000001f758d77e20 Exception <a 'java/lang/NoSuchMethodError'{0x00000000d693bc10}: 'java.lang.Object java.lang.invoke.DirectMethodHandle$Holder.invokeSpecial(java.lang.Object, java.lang.Object, java.lang.Object, long, java.lang.Object)'> (0x00000000d693bc10) 
thrown [s\src\hotspot\share\interpreter\linkResolver.cpp, line 773]
Event: 4.216 Thread 0x000001f758d77e20 Exception <a 'java/lang/NoSuchMethodError'{0x00000000d6943458}: 'java.lang.Object java.lang.invoke.DirectMethodHandle$Holder.newInvokeSpecial(java.lang.Object, java.lang.Object, java.lang.Object, long)'> (0x00000000d6943458) 
thrown [s\src\hotspot\share\interpreter\linkResolver.cpp, line 773]
Event: 4.217 Thread 0x000001f758d77e20 Exception <a 'java/lang/NoSuchMethodError'{0x00000000d6947808}: 'java.lang.Object java.lang.invoke.DirectMethodHandle$Holder.invokeSpecial(java.lang.Object, java.lang.Object, java.lang.Object, java.lang.Object, long)'> (0x00000000d6947808) 
thrown [s\src\hotspot\share\interpreter\linkResolver.cpp, line 773]
Event: 4.217 Thread 0x000001f758d77e20 Exception <a 'java/lang/NoSuchMethodError'{0x00000000d694b428}: 'java.lang.Object java.lang.invoke.Invokers$Holder.linkToTargetMethod(java.lang.Object, java.lang.Object, long, java.lang.Object)'> (0x00000000d694b428) 
thrown [s\src\hotspot\share\interpreter\linkResolver.cpp, line 773]
Event: 4.233 Thread 0x000001f758d77e20 Exception <a 'java/lang/NoSuchMethodError'{0x00000000d69a3778}: 'int java.lang.invoke.DirectMethodHandle$Holder.invokeStaticInit(java.lang.Object, java.lang.Object, java.lang.Object)'> (0x00000000d69a3778) 
thrown [s\src\hotspot\share\interpreter\linkResolver.cpp, line 773]
Event: 4.250 Thread 0x000001f758d77e20 Exception <a 'java/lang/IncompatibleClassChangeError'{0x00000000d6a48188}: Found class java.lang.Object, but interface was expected> (0x00000000d6a48188) 
thrown [s\src\hotspot\share\interpreter\linkResolver.cpp, line 840]
Event: 4.261 Thread 0x000001f758d77e20 Exception <a 'java/lang/NoSuchMethodError'{0x00000000d6a5e780}: 'java.lang.Object java.lang.invoke.DirectMethodHandle$Holder.invokeSpecial(java.lang.Object, java.lang.Object, java.lang.Object, int, java.lang.Object, java.lang.Object)'> (0x00000000d6a5e780) 
thrown [s\src\hotspot\share\interpreter\linkResolver.cpp, line 773]
Event: 4.263 Thread 0x000001f758d77e20 Exception <a 'java/lang/NoSuchMethodError'{0x00000000d6a66258}: 'java.lang.Object java.lang.invoke.DirectMethodHandle$Holder.newInvokeSpecial(java.lang.Object, java.lang.Object, java.lang.Object, int, java.lang.Object)'> (0x00000000d6a66258) 
thrown [s\src\hotspot\share\interpreter\linkResolver.cpp, line 773]
Event: 4.263 Thread 0x000001f758d77e20 Exception <a 'java/lang/NoSuchMethodError'{0x00000000d6a6a1d8}: 'java.lang.Object java.lang.invoke.DirectMethodHandle$Holder.invokeSpecial(java.lang.Object, java.lang.Object, java.lang.Object, java.lang.Object, int, java.lang.Object)'> (0x00000000d6a6a1d8) 
thrown [s\src\hotspot\share\interpreter\linkResolver.cpp, line 773]
Event: 4.264 Thread 0x000001f758d77e20 Exception <a 'java/lang/NoSuchMethodError'{0x00000000d6a6dd18}: 'java.lang.Object java.lang.invoke.Invokers$Holder.linkToTargetMethod(java.lang.Object, java.lang.Object, int, java.lang.Object, java.lang.Object)'> (0x00000000d6a6dd18) 
thrown [s\src\hotspot\share\interpreter\linkResolver.cpp, line 773]
Event: 4.265 Thread 0x000001f75f82dc40 Exception <a 'java/lang/NoSuchMethodError'{0x00000000d69b5010}: 'java.lang.Object java.lang.invoke.DirectMethodHandle$Holder.invokeSpecial(java.lang.Object, java.lang.Object, int, java.lang.Object, java.lang.Object)'> (0x00000000d69b5010) 
thrown [s\src\hotspot\share\interpreter\linkResolver.cpp, line 773]
Event: 4.266 Thread 0x000001f75f82dc40 Exception <a 'java/lang/NoSuchMethodError'{0x00000000d69bbd48}: 'java.lang.Object java.lang.invoke.DirectMethodHandle$Holder.newInvokeSpecial(java.lang.Object, java.lang.Object, int, java.lang.Object)'> (0x00000000d69bbd48) 
thrown [s\src\hotspot\share\interpreter\linkResolver.cpp, line 773]
Event: 4.266 Thread 0x000001f75f82dc40 Exception <a 'java/lang/NoSuchMethodError'{0x00000000d69bf628}: 'java.lang.Object java.lang.invoke.DirectMethodHandle$Holder.invokeSpecial(java.lang.Object, java.lang.Object, java.lang.Object, int, java.lang.Object)'> (0x00000000d69bf628) 
thrown [s\src\hotspot\share\interpreter\linkResolver.cpp, line 773]
Event: 4.291 Thread 0x000001f758d77e20 Exception <a 'java/lang/NoSuchMethodError'{0x00000000d6b8a9a8}: 'void java.lang.invoke.DirectMethodHandle$Holder.invokeSpecial(java.lang.Object, java.lang.Object, java.lang.Object, java.lang.Object, java.lang.Object)'> (0x00000000d6b8a9a8) 
thrown [s\src\hotspot\share\interpreter\linkResolver.cpp, line 773]
Event: 4.343 Thread 0x000001f758d77e20 Exception <a 'java/lang/NoSuchMethodError'{0x00000000d6db2d78}: 'double java.lang.invoke.DirectMethodHandle$Holder.invokeStatic(java.lang.Object, java.lang.Object)'> (0x00000000d6db2d78) 
thrown [s\src\hotspot\share\interpreter\linkResolver.cpp, line 773]
Event: 4.344 Thread 0x000001f758d77e20 Exception <a 'java/lang/NoSuchMethodError'{0x00000000d6db6438}: 'double java.lang.invoke.DirectMethodHandle$Holder.invokeStaticInit(java.lang.Object, java.lang.Object)'> (0x00000000d6db6438) 
thrown [s\src\hotspot\share\interpreter\linkResolver.cpp, line 773]
Event: 6.806 Thread 0x000001f758d77e20 Implicit null exception at 0x000001f70ae1a675 to 0x000001f70ae1a750
Event: 7.083 Thread 0x000001f758d77e20 Exception <a 'java/io/FileNotFoundException'{0x00000000d63fd0e0}> (0x00000000d63fd0e0) 
thrown [s\src\hotspot\share\prims\jni.cpp, line 520]
Event: 7.085 Thread 0x000001f758d77e20 Exception <a 'java/io/FileNotFoundException'{0x00000000d63fe380}> (0x00000000d63fe380) 
thrown [s\src\hotspot\share\prims\jni.cpp, line 520]

ZGC Phase Switch (0 events):
No events

VM Operations (20 events):
Event: 3.470 Executing safepoint VM operation: ParallelGCFailedAllocation (Allocation Failure) done
Event: 3.683 Executing non-safepoint VM operation: HandshakeAllThreads (Deoptimize)
Event: 3.683 Executing non-safepoint VM operation: HandshakeAllThreads (Deoptimize) done
Event: 3.691 Executing non-safepoint VM operation: HandshakeAllThreads (Deoptimize)
Event: 3.691 Executing non-safepoint VM operation: HandshakeAllThreads (Deoptimize) done
Event: 3.714 Executing non-safepoint VM operation: HandshakeAllThreads (Deoptimize)
Event: 3.714 Executing non-safepoint VM operation: HandshakeAllThreads (Deoptimize) done
Event: 4.054 Executing non-safepoint VM operation: HandshakeAllThreads (Deoptimize)
Event: 4.054 Executing non-safepoint VM operation: HandshakeAllThreads (Deoptimize) done
Event: 4.130 Executing non-safepoint VM operation: HandshakeAllThreads (Deoptimize)
Event: 4.130 Executing non-safepoint VM operation: HandshakeAllThreads (Deoptimize) done
Event: 4.363 Executing safepoint VM operation: ParallelGCFailedAllocation (Allocation Failure)
Event: 4.368 Executing safepoint VM operation: ParallelGCFailedAllocation (Allocation Failure) done
Event: 5.369 Executing safepoint VM operation: Cleanup
Event: 6.709 Executing safepoint VM operation: Cleanup done
Event: 6.745 Executing safepoint VM operation: ParallelGCFailedAllocation (Allocation Failure)
Event: 6.749 Executing safepoint VM operation: ParallelGCFailedAllocation (Allocation Failure) done
Event: 6.874 Executing safepoint VM operation: CollectForMetadataAllocation (Metadata GC Threshold)
Event: 6.906 Executing safepoint VM operation: CollectForMetadataAllocation (Metadata GC Threshold) done
Event: 7.909 Executing safepoint VM operation: Cleanup

Memory protections (0 events):
No events

Nmethod flushes (0 events):
No events

Events (20 events):
Event: 2.790 Thread 0x000001f77d28dbd0 Thread added: 0x000001f758d78b40
Event: 2.795 Thread 0x000001f77d28dbd0 Thread added: 0x000001f758d77e20
Event: 2.986 Thread 0x000001f75a6d0780 Thread exited: 0x000001f75a6d0780
Event: 2.986 Thread 0x000001f758c7c360 Thread exited: 0x000001f758c7c360
Event: 3.028 Thread 0x000001f758d77e20 Thread added: 0x000001f758d77790
Event: 3.148 Thread 0x000001f758e3f320 Thread added: 0x000001f75f41e010
Event: 3.149 Thread 0x000001f758e3f320 Thread added: 0x000001f75f43ad40
Event: 3.411 Thread 0x000001f758d77e20 Thread added: 0x000001f758d791d0
Event: 3.676 Thread 0x000001f75f43ad40 Thread exited: 0x000001f75f43ad40
Event: 3.678 Thread 0x000001f75f41e010 Thread exited: 0x000001f75f41e010
Event: 3.716 Thread 0x000001f758e3f320 Thread added: 0x000001f75f41e010
Event: 4.162 Thread 0x000001f758d77e20 Thread added: 0x000001f758d79860
Event: 4.224 Thread 0x000001f758d77e20 Thread added: 0x000001f75f82dc40
Event: 4.267 Thread 0x000001f758d77e20 Thread added: 0x000001f75f82eff0
Event: 4.482 Thread 0x000001f758b5b3a0 Thread added: 0x000001f75f849520
Event: 4.606 Thread 0x000001f75f849520 Thread exited: 0x000001f75f849520
Event: 6.709 Thread 0x000001f758e3f320 Thread exited: 0x000001f758e3f320
Event: 6.709 Thread 0x000001f758c5ad00 Thread exited: 0x000001f758c5ad00
Event: 6.921 Thread 0x000001f758b572f0 Thread added: 0x000001f75ff403a0
Event: 8.221 Thread 0x000001f75ff403a0 Thread exited: 0x000001f75ff403a0


Dynamic libraries:
0x00007ff7c4550000 - 0x00007ff7c455e000 	c:\Users\HOME\.vscode\extensions\redhat.java-1.54.0-win32-x64\jre\21.0.10-win32-x86_64\bin\java.exe
0x00007ff9b8dc0000 - 0x00007ff9b9027000 	C:\WINDOWS\SYSTEM32\ntdll.dll
0x00007ff9b87f0000 - 0x00007ff9b88b9000 	C:\WINDOWS\System32\KERNEL32.DLL
0x00007ff9b6740000 - 0x00007ff9b6b37000 	C:\WINDOWS\System32\KERNELBASE.dll
0x00007ff9b6540000 - 0x00007ff9b668b000 	C:\WINDOWS\System32\ucrtbase.dll
0x00007ff995bd0000 - 0x00007ff995bee000 	c:\Users\HOME\.vscode\extensions\redhat.java-1.54.0-win32-x64\jre\21.0.10-win32-x86_64\bin\VCRUNTIME140.dll
0x00007ff99a210000 - 0x00007ff99a228000 	c:\Users\HOME\.vscode\extensions\redhat.java-1.54.0-win32-x64\jre\21.0.10-win32-x86_64\bin\jli.dll
0x00007ff9b8150000 - 0x00007ff9b8316000 	C:\WINDOWS\System32\USER32.dll
0x00007ff9b6450000 - 0x00007ff9b6477000 	C:\WINDOWS\System32\win32u.dll
0x00007ff9b7080000 - 0x00007ff9b70ab000 	C:\WINDOWS\System32\GDI32.dll
0x00007ff9b57f0000 - 0x00007ff9b591c000 	C:\WINDOWS\System32\gdi32full.dll
0x00007ff9955b0000 - 0x00007ff995842000 	C:\WINDOWS\WinSxS\amd64_microsoft.windows.common-controls_6595b64144ccf1df_6.0.26100.8457_none_3e0b2faee331e92d\COMCTL32.dll
0x00007ff9b6690000 - 0x00007ff9b6733000 	C:\WINDOWS\System32\msvcp_win.dll
0x00007ff9b89c0000 - 0x00007ff9b8a69000 	C:\WINDOWS\System32\msvcrt.dll
0x00007ff9b8320000 - 0x00007ff9b8352000 	C:\WINDOWS\System32\IMM32.DLL
0x00007ff995bc0000 - 0x00007ff995bcc000 	c:\Users\HOME\.vscode\extensions\redhat.java-1.54.0-win32-x64\jre\21.0.10-win32-x86_64\bin\vcruntime140_1.dll
0x00007ff95f340000 - 0x00007ff95f3cd000 	c:\Users\HOME\.vscode\extensions\redhat.java-1.54.0-win32-x64\jre\21.0.10-win32-x86_64\bin\msvcp140.dll
0x00007ff905240000 - 0x00007ff905fe1000 	c:\Users\HOME\.vscode\extensions\redhat.java-1.54.0-win32-x64\jre\21.0.10-win32-x86_64\bin\server\jvm.dll
0x00007ff9b6fc0000 - 0x00007ff9b7076000 	C:\WINDOWS\System32\ADVAPI32.dll
0x00007ff9b7260000 - 0x00007ff9b7307000 	C:\WINDOWS\System32\sechost.dll
0x00007ff9b8a80000 - 0x00007ff9b8b98000 	C:\WINDOWS\System32\RPCRT4.dll
0x00007ff9b80c0000 - 0x00007ff9b8140000 	C:\WINDOWS\System32\WS2_32.dll
0x00007ff9b5670000 - 0x00007ff9b56ce000 	C:\WINDOWS\SYSTEM32\POWRPROF.dll
0x00007ff9a8750000 - 0x00007ff9a8786000 	C:\WINDOWS\SYSTEM32\WINMM.dll
0x00007ff9a83f0000 - 0x00007ff9a83fb000 	C:\WINDOWS\SYSTEM32\VERSION.dll
0x00007ff9b5650000 - 0x00007ff9b5664000 	C:\WINDOWS\SYSTEM32\UMPDC.dll
0x00007ff9b4580000 - 0x00007ff9b459b000 	C:\WINDOWS\SYSTEM32\kernel.appcore.dll
0x00007ff995bb0000 - 0x00007ff995bba000 	c:\Users\HOME\.vscode\extensions\redhat.java-1.54.0-win32-x64\jre\21.0.10-win32-x86_64\bin\jimage.dll
0x00007ff9b36b0000 - 0x00007ff9b38f2000 	C:\WINDOWS\SYSTEM32\DBGHELP.DLL
0x00007ff9b7590000 - 0x00007ff9b7913000 	C:\WINDOWS\System32\combase.dll
0x00007ff9b7310000 - 0x00007ff9b73e9000 	C:\WINDOWS\System32\OLEAUT32.dll
0x00007ff9a26b0000 - 0x00007ff9a26eb000 	C:\WINDOWS\SYSTEM32\dbgcore.DLL
0x00007ff9b5b30000 - 0x00007ff9b5bd8000 	C:\WINDOWS\System32\bcryptPrimitives.dll
0x00007ff9946e0000 - 0x00007ff9946ef000 	c:\Users\HOME\.vscode\extensions\redhat.java-1.54.0-win32-x64\jre\21.0.10-win32-x86_64\bin\instrument.dll
0x00007ff9946c0000 - 0x00007ff9946e0000 	c:\Users\HOME\.vscode\extensions\redhat.java-1.54.0-win32-x64\jre\21.0.10-win32-x86_64\bin\java.dll
0x00007ff9b7920000 - 0x00007ff9b808e000 	C:\WINDOWS\System32\SHELL32.dll
0x00007ff9b5be0000 - 0x00007ff9b644c000 	C:\WINDOWS\System32\windows.storage.dll
0x00007ff9b6e30000 - 0x00007ff9b6f26000 	C:\WINDOWS\System32\SHCORE.dll
0x00007ff9b70b0000 - 0x00007ff9b7116000 	C:\WINDOWS\System32\shlwapi.dll
0x00007ff9b5710000 - 0x00007ff9b5739000 	C:\WINDOWS\SYSTEM32\profapi.dll
0x00007ff993a30000 - 0x00007ff993a48000 	c:\Users\HOME\.vscode\extensions\redhat.java-1.54.0-win32-x64\jre\21.0.10-win32-x86_64\bin\zip.dll
0x00007ff993450000 - 0x00007ff993460000 	C:\Users\HOME\.vscode\extensions\redhat.java-1.54.0-win32-x64\jre\21.0.10-win32-x86_64\bin\net.dll
0x00007ff9ae130000 - 0x00007ff9ae259000 	C:\WINDOWS\SYSTEM32\WINHTTP.dll
0x00007ff9b4af0000 - 0x00007ff9b4b5c000 	C:\WINDOWS\system32\mswsock.dll
0x00007ff991e20000 - 0x00007ff991e36000 	C:\Users\HOME\.vscode\extensions\redhat.java-1.54.0-win32-x64\jre\21.0.10-win32-x86_64\bin\nio.dll
0x00007ff993a80000 - 0x00007ff993a90000 	c:\Users\HOME\.vscode\extensions\redhat.java-1.54.0-win32-x64\jre\21.0.10-win32-x86_64\bin\verify.dll
0x00007ff940360000 - 0x00007ff9403a5000 	C:\Users\HOME\AppData\Roaming\Code\User\globalStorage\redhat.java\1.54.0\config_ss_win\org.eclipse.equinox.launcher\org.eclipse.equinox.launcher.win32.win32.x86_64_1.3.0.v20260203-2149\eclipse_11919.dll
0x00007ff9b73f0000 - 0x00007ff9b7587000 	C:\WINDOWS\System32\ole32.dll
0x00007ff9b4de0000 - 0x00007ff9b4dfb000 	C:\WINDOWS\SYSTEM32\CRYPTSP.dll
0x00007ff9b44e0000 - 0x00007ff9b4519000 	C:\WINDOWS\system32\rsaenh.dll
0x00007ff9b4ba0000 - 0x00007ff9b4bd3000 	C:\WINDOWS\SYSTEM32\USERENV.dll
0x00007ff9b56e0000 - 0x00007ff9b570a000 	C:\WINDOWS\SYSTEM32\bcrypt.dll
0x00007ff9b4dd0000 - 0x00007ff9b4ddc000 	C:\WINDOWS\SYSTEM32\CRYPTBASE.dll
0x00007ff9b3f90000 - 0x00007ff9b3fc2000 	C:\WINDOWS\SYSTEM32\IPHLPAPI.DLL
0x00007ff9b6fb0000 - 0x00007ff9b6fba000 	C:\WINDOWS\System32\NSI.dll
0x00007ff93db60000 - 0x00007ff93dba9000 	C:\Users\HOME\AppData\Local\Temp\jna-2223327\jna7186900850830142700.dll
0x00007ff9b6cd0000 - 0x00007ff9b6cd8000 	C:\WINDOWS\System32\PSAPI.DLL

JVMTI agents:
c:\Users\HOME\.vscode\extensions\redhat.java-1.54.0-win32-x64\lombok\lombok-1.18.39-4050.jar path:c:\Users\HOME\.vscode\extensions\redhat.java-1.54.0-win32-x64\jre\21.0.10-win32-x86_64\bin\instrument.dll, loaded, initialized, instrumentlib options:none

dbghelp: loaded successfully - version: 4.0.5 - missing functions: none
symbol engine: initialized successfully - sym options: 0x614 - pdb path: .;c:\Users\HOME\.vscode\extensions\redhat.java-1.54.0-win32-x64\jre\21.0.10-win32-x86_64\bin;C:\WINDOWS\SYSTEM32;C:\WINDOWS\WinSxS\amd64_microsoft.windows.common-controls_6595b64144ccf1df_6.0.26100.8457_none_3e0b2faee331e92d;c:\Users\HOME\.vscode\extensions\redhat.java-1.54.0-win32-x64\jre\21.0.10-win32-x86_64\bin\server;C:\Users\HOME\AppData\Roaming\Code\User\globalStorage\redhat.java\1.54.0\config_ss_win\org.eclipse.equinox.launcher\org.eclipse.equinox.launcher.win32.win32.x86_64_1.3.0.v20260203-2149;C:\Users\HOME\AppData\Local\Temp\jna-2223327

VM Arguments:
jvm_args: --add-modules=ALL-SYSTEM --add-opens=java.base/java.util=ALL-UNNAMED --add-opens=java.base/java.lang=ALL-UNNAMED --add-opens=java.base/sun.nio.fs=ALL-UNNAMED -Declipse.application=org.eclipse.jdt.ls.core.id1 -Dosgi.bundles.defaultStartLevel=4 -Declipse.product=org.eclipse.jdt.ls.core.product -Djava.import.generatesMetadataFilesAtProjectRoot=false -DDetectVMInstallationsJob.disabled=true -Dfile.encoding=utf8 -XX:+UseParallelGC -XX:GCTimeRatio=4 -XX:AdaptiveSizePolicyWeight=90 -Dsun.zip.disableMemoryMapping=true -Xmx2G -Xms100m -Xlog:disable -javaagent:c:\Users\HOME\.vscode\extensions\redhat.java-1.54.0-win32-x64\lombok\lombok-1.18.39-4050.jar 
java_command: c:\Users\HOME\.vscode\extensions\redhat.java-1.54.0-win32-x64\server\plugins\org.eclipse.equinox.launcher_1.7.100.v20251111-0406.jar -configuration c:\Users\HOME\AppData\Roaming\Code\User\globalStorage\redhat.java\1.54.0\config_ss_win -data c:\Users\HOME\AppData\Roaming\Code\User\workspaceStorage\24419083ecbf71930fab6177e44796a6\redhat.java\ss_ws --pipe=\\.\pipe\lsp-3eeebbadf5a041885d50e59004330ac6-sock
java_class_path (initial): c:\Users\HOME\.vscode\extensions\redhat.java-1.54.0-win32-x64\server\plugins\org.eclipse.equinox.launcher_1.7.100.v20251111-0406.jar
Launcher Type: SUN_STANDARD

[Global flags]
    uintx AdaptiveSizePolicyWeight                 = 90                                        {product} {command line}
     intx CICompilerCount                          = 12                                        {product} {ergonomic}
    uintx GCTimeRatio                              = 4                                         {product} {command line}
   size_t InitialHeapSize                          = 104857600                                 {product} {command line}
   size_t MaxHeapSize                              = 2147483648                                {product} {command line}
   size_t MaxNewSize                               = 715653120                                 {product} {ergonomic}
   size_t MinHeapDeltaBytes                        = 524288                                    {product} {ergonomic}
   size_t MinHeapSize                              = 104857600                                 {product} {command line}
   size_t NewSize                                  = 34603008                                  {product} {ergonomic}
    uintx NonNMethodCodeHeapSize                   = 7602480                                {pd product} {ergonomic}
    uintx NonProfiledCodeHeapSize                  = 122027880                              {pd product} {ergonomic}
   size_t OldSize                                  = 70254592                                  {product} {ergonomic}
    uintx ProfiledCodeHeapSize                     = 122027880                              {pd product} {ergonomic}
    uintx ReservedCodeCacheSize                    = 251658240                              {pd product} {ergonomic}
     bool SegmentedCodeCache                       = true                                      {product} {ergonomic}
   size_t SoftMaxHeapSize                          = 2147483648                             {manageable} {ergonomic}
     bool UseCompressedOops                        = true                           {product lp64_product} {ergonomic}
     bool UseLargePagesIndividualAllocation        = false                                  {pd product} {ergonomic}
     bool UseParallelGC                            = true                                      {product} {command line}

Logging:
Log output configuration:
 #0: stdout all=off uptime,level,tags foldmultilines=false
 #1: stderr all=off uptime,level,tags foldmultilines=false

Release file:
JAVA_VERSION="21.0.10" 
MODULES="java.base java.compiler java.datatransfer java.xml java.prefs java.desktop java.instrument java.logging java.management java.security.sasl java.naming java.rmi java.management.rmi java.net.http java.scripting java.security.jgss java.transaction.xa java.sql java.sql.rowset java.xml.crypto java.se java.smartcardio jdk.accessibility jdk.internal.jvmstat jdk.attach jdk.charsets jdk.internal.opt jdk.zipfs jdk.compiler jdk.crypto.ec jdk.crypto.cryptoki jdk.crypto.mscapi jdk.dynalink jdk.internal.ed jdk.editpad jdk.hotspot.agent jdk.httpserver jdk.internal.le jdk.internal.vm.ci jdk.internal.vm.compiler jdk.internal.vm.compiler.management jdk.jartool jdk.javadoc jdk.jcmd jdk.management jdk.management.agent jdk.jconsole jdk.jdeps jdk.jdwp.agent jdk.jdi jdk.jfr jdk.jshell jdk.jsobject jdk.jstatd jdk.localedata jdk.management.jfr jdk.naming.dns jdk.naming.rmi jdk.net jdk.nio.mapmode jdk.random jdk.sctp jdk.security.auth jdk.security.jgss jdk.unsupported jdk.unsupported.desktop jdk.xml.dom" 

Environment Variables:
JAVA_HOME=C:\Program Files\Java\jdk-25

CLASSPATH=C:\Program Files\Java\jdk-25
\lib
PATH=C:\Program Files\Common Files\Oracle\Java\javapath;C:\WINDOWS\system32;C:\WINDOWS;C:\WINDOWS\System32\Wbem;C:\WINDOWS\System32\WindowsPowerShell\v1.0\;C:\WINDOWS\System32\OpenSSH\;C:\Users\User\AppData\Local\Programs\Python\Python39;C:\Users\User\AppData\Local\Programs\Python\Python39\Scripts;C:\Program Files\Git\cmd;C:\Program Files\nodejs\;C:\Program Files\Graphviz\bin;C:\mingw64\bin;C:\Program Files\Java\jdk-25
\bin;C:\Program Files (x86)\Windows Kits\10\Windows Performance Toolkit\;C:\Program Files\PowerShell\7\;C:\Program Files\CMake\bin;C:\Users\HOME\AppData\Local\Programs\Python\Python37-32\Scripts\;C:\Users\HOME\AppData\Local\Programs\Python\Python37-32\;C:\Users\HOME\AppData\Local\Programs\Quarto\bin;C:\Ruby33-x64\bin;C:\Users\HOME\AppData\Local\Programs\Python\Python312\Scripts\;C:\Users\HOME\AppData\Local\Programs\Python\Python312\;C:\Users\HOME\AppData\Local\Microsoft\WindowsApps;C:\Users\HOME\anaconda3\Library\bin;C:\Users\HOME\anaconda3\Scripts;C:\Users\HOME\anaconda3;C:\Users\HOME\AppData\Local\GitHubDesktop\bin;C:\Users\HOME\AppData\Roaming\npm;C:\Users\HOME\Downloads\windows_10_cmake_Release_graphviz-install-13.1.1-win64.exe;C:\Users\HOME\AppData\Local\Programs\Microsoft VS Code\bin
USERNAME=HOME
OS=Windows_NT
PROCESSOR_IDENTIFIER=Intel64 Family 6 Model 170 Stepping 4, GenuineIntel
TMP=C:\Users\HOME\AppData\Local\Temp
TEMP=C:\Users\HOME\AppData\Local\Temp




Periodic native trim disabled

---------------  S Y S T E M  ---------------

OS:
 Windows 11 , 64 bit Build 26100 (10.0.26100.8328)
OS uptime: 0 days 2:17 hours

CPU: total 18 (initial active 18) (9 cores per cpu, 2 threads per core) family 6 model 170 stepping 4 microcode 0x1c, cx8, cmov, fxsr, ht, mmx, 3dnowpref, sse, sse2, sse3, ssse3, sse4.1, sse4.2, popcnt, lzcnt, tsc, tscinvbit, avx, avx2, aes, erms, clmul, bmi1, bmi2, adx, sha, fma, vzeroupper, clflush, clflushopt, clwb, serialize, rdtscp, rdpid, fsrm, f16c, pku, cet_ibt, cet_ss
Processor Information for processor 0
  Max Mhz: 1200, Current Mhz: 1200, Mhz Limit: 1200
Processor Information for processor 1
  Max Mhz: 1200, Current Mhz: 1200, Mhz Limit: 1200
Processor Information for processor 2
  Max Mhz: 3600, Current Mhz: 700, Mhz Limit: 684
Processor Information for processor 3
  Max Mhz: 3600, Current Mhz: 700, Mhz Limit: 684
Processor Information for processor 4
  Max Mhz: 3600, Current Mhz: 700, Mhz Limit: 684
Processor Information for processor 5
  Max Mhz: 3600, Current Mhz: 700, Mhz Limit: 684
Processor Information for processor 6
  Max Mhz: 3600, Current Mhz: 700, Mhz Limit: 684
Processor Information for processor 7
  Max Mhz: 3600, Current Mhz: 700, Mhz Limit: 684
Processor Information for processor 8
  Max Mhz: 3600, Current Mhz: 700, Mhz Limit: 684
Processor Information for processor 9
  Max Mhz: 3600, Current Mhz: 700, Mhz Limit: 684
Processor Information for processor 10
  Max Mhz: 1200, Current Mhz: 1200, Mhz Limit: 1200
Processor Information for processor 11
  Max Mhz: 1200, Current Mhz: 1200, Mhz Limit: 1200
Processor Information for processor 12
  Max Mhz: 1200, Current Mhz: 1200, Mhz Limit: 1200
Processor Information for processor 13
  Max Mhz: 1200, Current Mhz: 1200, Mhz Limit: 1200
Processor Information for processor 14
  Max Mhz: 1200, Current Mhz: 1200, Mhz Limit: 1200
Processor Information for processor 15
  Max Mhz: 1200, Current Mhz: 1200, Mhz Limit: 1200
Processor Information for processor 16
  Max Mhz: 2500, Current Mhz: 700, Mhz Limit: 700
Processor Information for processor 17
  Max Mhz: 2500, Current Mhz: 700, Mhz Limit: 700

Memory: 4k page, system-wide physical 15931M (5925M free)
TotalPageFile size 15931M (AvailPageFile size 6M)
current process WorkingSet (physical memory assigned to process): 149M, peak: 151M
current process commit charge ("private bytes"): 301M, peak: 304M

vm_info: OpenJDK 64-Bit Server VM (21.0.10+7-LTS) for windows-amd64 JRE (21.0.10+7-LTS), built on 2026-01-20T00:00:00Z by "admin" with MS VC++ 17.12 (VS2022)

END.
