#
# There is insufficient memory for the Java Runtime Environment to continue.
# Native memory allocation (malloc) failed to allocate 1048576 bytes. Error detail: AllocateHeap
# Possible reasons:
#   The system is out of physical RAM or swap space
#   This process is running with CompressedOops enabled, and the Java Heap may be blocking the growth of the native heap
# Possible solutions:
#   Reduce memory load on the system
#   Increase physical memory or swap space
#   Check if swap backing store is full
#   Decrease Java heap size (-Xmx/-Xms)
#   Decrease number of Java threads
#   Decrease Java thread stack sizes (-Xss)
#   Set larger code cache with -XX:ReservedCodeCacheSize=
#   JVM is running with Unscaled Compressed Oops mode in which the Java heap is
#     placed in the first 4GB address space. The Java Heap base address is the
#     maximum limit for the native heap growth. Please use -XX:HeapBaseMinAddress
#     to set the Java Heap base and to place the Java Heap above 4GB virtual address.
# This output file may be truncated or incomplete.
#
#  Out of Memory Error (allocation.cpp:44), pid=15000, tid=11180
#
# JRE version: OpenJDK Runtime Environment Temurin-21.0.10+7 (21.0.10+7) (build 21.0.10+7-LTS)
# Java VM: OpenJDK 64-Bit Server VM Temurin-21.0.10+7 (21.0.10+7-LTS, mixed mode, sharing, tiered, compressed oops, compressed class ptrs, parallel gc, windows-amd64)
# No core dump will be written. Minidumps are not enabled by default on client versions of Windows
#

---------------  S U M M A R Y ------------

Command Line: --add-modules=ALL-SYSTEM --add-opens=java.base/java.util=ALL-UNNAMED --add-opens=java.base/java.lang=ALL-UNNAMED --add-opens=java.base/sun.nio.fs=ALL-UNNAMED -Declipse.application=org.eclipse.jdt.ls.core.id1 -Dosgi.bundles.defaultStartLevel=4 -Declipse.product=org.eclipse.jdt.ls.core.product -Djava.import.generatesMetadataFilesAtProjectRoot=false -DDetectVMInstallationsJob.disabled=true -Dfile.encoding=utf8 -XX:+UseParallelGC -XX:GCTimeRatio=4 -XX:AdaptiveSizePolicyWeight=90 -Dsun.zip.disableMemoryMapping=true -Xmx2G -Xms100m -Xlog:disable -javaagent:c:\Users\HOME\.vscode\extensions\redhat.java-1.54.0-win32-x64\lombok\lombok-1.18.39-4050.jar -XX:+HeapDumpOnOutOfMemoryError -XX:HeapDumpPath=c:\Users\HOME\AppData\Roaming\Code\User\workspaceStorage\24419083ecbf71930fab6177e44796a6\redhat.java -Daether.dependencyCollector.impl=bf c:\Users\HOME\.vscode\extensions\redhat.java-1.54.0-win32-x64\server\plugins\org.eclipse.equinox.launcher_1.7.100.v20251111-0406.jar -configuration c:\Users\HOME\AppData\Roaming\Code\User\globalStorage\redhat.java\1.54.0\config_win -data c:\Users\HOME\AppData\Roaming\Code\User\workspaceStorage\24419083ecbf71930fab6177e44796a6\redhat.java\jdt_ws --pipe=\\.\pipe\lsp-4824950041858daa666ca90deef66d21-sock

Host: Intel(R) Core(TM) Ultra 5 125H, 18 cores, 15G,  Windows 11 , 64 bit Build 26100 (10.0.26100.8328)
Time: Sat May 30 01:14:04 2026 elapsed time: 1662.391911 seconds (0d 0h 27m 42s)

---------------  T H R E A D  ---------------

Current thread (0x000002c7e2ca6a30):  JavaThread "Attach Listener" daemon [_thread_in_vm, id=11180, stack(0x000000e5aa300000,0x000000e5aa400000) (1024K)]

Stack: [0x000000e5aa300000,0x000000e5aa400000]
Native frames: (J=compiled Java code, j=interpreted, Vv=VM code, C=native code)
V  [jvm.dll+0x6d7a39]
V  [jvm.dll+0x8b4b26]
V  [jvm.dll+0x8b70de]
V  [jvm.dll+0x8b77c3]
V  [jvm.dll+0x284346]
V  [jvm.dll+0xc1277]
V  [jvm.dll+0x6d82e9]
V  [jvm.dll+0x1334a6]
V  [jvm.dll+0x3f857e]
V  [jvm.dll+0x85f59d]
V  [jvm.dll+0x6d626d]
C  [ucrtbase.dll+0x37b0]
C  [KERNEL32.DLL+0x2e957]
C  [ntdll.dll+0x427c]


---------------  P R O C E S S  ---------------

Threads class SMR info:
_java_thread_list=0x000002c7ed002790, length=63, elements={
0x000002c7caeded90, 0x000002c7cae88950, 0x000002c7e2c9c940, 0x000002c7e2ca26a0,
0x000002c7e2ca6a30, 0x000002c7caf81ae0, 0x000002c7caf8a5b0, 0x000002c7caf8da30,
0x000002c7caf9bd70, 0x000002c7caf88b70, 0x000002c7caf89890, 0x000002c7caf8ac40,
0x000002c7caf89200, 0x000002c7caf884e0, 0x000002c7caf89f20, 0x000002c7caf8b2d0,
0x000002c7caf87e50, 0x000002c7e2f71e20, 0x000002c7e2f73ef0, 0x000002c7e2f71790,
0x000002c7e2f76ce0, 0x000002c7e2f74c10, 0x000002c7e2f74580, 0x000002c7e2f75930,
0x000002c7e2f752a0, 0x000002c7e2f73860, 0x000002c7e2f77370, 0x000002c7e2f77a00,
0x000002c7e2f78db0, 0x000002c7e2f78720, 0x000002c7e2f78090, 0x000002c7ec0052f0,
0x000002c7ec006d30, 0x000002c7ec0080e0, 0x000002c7ec008e00, 0x000002c7ec007a50,
0x000002c7ec0073c0, 0x000002c7ec005980, 0x000002c7ec008770, 0x000002c7ec009490,
0x000002c7ec006010, 0x000002c7ec009b20, 0x000002c7ec00a840, 0x000002c7ec00c910,
0x000002c7ec00aed0, 0x000002c7ec00bbf0, 0x000002c7ec00c280, 0x000002c7ea123af0,
0x000002c7ea120670, 0x000002c7ea124180, 0x000002c7ea120d00, 0x000002c7eab76ca0,
0x000002c7eab7a120, 0x000002c7e2e36260, 0x000002c7e2e39d70, 0x000002c7e2e396e0,
0x000002c7e2d6b3a0, 0x000002c7e2d6f540, 0x000002c7e2d6d470, 0x000002c7e2d70f80,
0x000002c7e2d71610, 0x000002c7e2f724b0, 0x000002c7e2f75fc0
}

Java Threads: ( => current thread )
  0x000002c7caeded90 JavaThread "main"                              [_thread_blocked, id=18112, stack(0x000000e5a9c00000,0x000000e5a9d00000) (1024K)]
  0x000002c7cae88950 JavaThread "Reference Handler"          daemon [_thread_blocked, id=11764, stack(0x000000e5aa000000,0x000000e5aa100000) (1024K)]
  0x000002c7e2c9c940 JavaThread "Finalizer"                  daemon [_thread_blocked, id=11352, stack(0x000000e5aa100000,0x000000e5aa200000) (1024K)]
  0x000002c7e2ca26a0 JavaThread "Signal Dispatcher"          daemon [_thread_blocked, id=11260, stack(0x000000e5aa200000,0x000000e5aa300000) (1024K)]
=>0x000002c7e2ca6a30 JavaThread "Attach Listener"            daemon [_thread_in_vm, id=11180, stack(0x000000e5aa300000,0x000000e5aa400000) (1024K)]
  0x000002c7caf81ae0 JavaThread "Service Thread"             daemon [_thread_blocked, id=11468, stack(0x000000e5aa400000,0x000000e5aa500000) (1024K)]
  0x000002c7caf8a5b0 JavaThread "Monitor Deflation Thread"   daemon [_thread_blocked, id=15256, stack(0x000000e5aa500000,0x000000e5aa600000) (1024K)]
  0x000002c7caf8da30 JavaThread "C2 CompilerThread0"         daemon [_thread_blocked, id=11188, stack(0x000000e5aa600000,0x000000e5aa700000) (1024K)]
  0x000002c7caf9bd70 JavaThread "C1 CompilerThread0"         daemon [_thread_blocked, id=11144, stack(0x000000e5aa700000,0x000000e5aa800000) (1024K)]
  0x000002c7caf88b70 JavaThread "Common-Cleaner"             daemon [_thread_blocked, id=4576, stack(0x000000e5aab00000,0x000000e5aac00000) (1024K)]
  0x000002c7caf89890 JavaThread "Notification Thread"        daemon [_thread_blocked, id=19980, stack(0x000000e5aac00000,0x000000e5aad00000) (1024K)]
  0x000002c7caf8ac40 JavaThread "Active Thread: Equinox Container: 68c9f765-0139-4f1a-910c-b70098cf8393"        [_thread_blocked, id=16752, stack(0x000000e5ab500000,0x000000e5ab600000) (1024K)]
  0x000002c7caf89200 JavaThread "Refresh Thread: Equinox Container: 68c9f765-0139-4f1a-910c-b70098cf8393" daemon [_thread_blocked, id=13808, stack(0x000000e5aaa00000,0x000000e5aab00000) (1024K)]
  0x000002c7caf884e0 JavaThread "Framework Event Dispatcher: Equinox Container: 68c9f765-0139-4f1a-910c-b70098cf8393" daemon [_thread_blocked, id=10624, stack(0x000000e5aad00000,0x000000e5aae00000) (1024K)]
  0x000002c7caf89f20 JavaThread "Start Level: Equinox Container: 68c9f765-0139-4f1a-910c-b70098cf8393" daemon [_thread_blocked, id=8840, stack(0x000000e5ab600000,0x000000e5ab700000) (1024K)]
  0x000002c7caf8b2d0 JavaThread "Bundle File Closer"         daemon [_thread_blocked, id=3112, stack(0x000000e5abb00000,0x000000e5abc00000) (1024K)]
  0x000002c7caf87e50 JavaThread "SCR Component Actor"        daemon [_thread_blocked, id=19448, stack(0x000000e5abc00000,0x000000e5abd00000) (1024K)]
  0x000002c7e2f71e20 JavaThread "Worker-JM"                         [_thread_blocked, id=20032, stack(0x000000e5ac100000,0x000000e5ac200000) (1024K)]
  0x000002c7e2f73ef0 JavaThread "JNA Cleaner"                daemon [_thread_blocked, id=13792, stack(0x000000e5abf00000,0x000000e5ac000000) (1024K)]
  0x000002c7e2f71790 JavaThread "Java indexing"              daemon [_thread_blocked, id=19792, stack(0x000000e5ac600000,0x000000e5ac700000) (1024K)]
  0x000002c7e2f76ce0 JavaThread "Thread-1"                   daemon [_thread_in_native, id=15916, stack(0x000000e5acd00000,0x000000e5ace00000) (1024K)]
  0x000002c7e2f74c10 JavaThread "Thread-2"                   daemon [_thread_in_native, id=9236, stack(0x000000e5ace00000,0x000000e5acf00000) (1024K)]
  0x000002c7e2f74580 JavaThread "Thread-3"                   daemon [_thread_in_native, id=19548, stack(0x000000e5acf00000,0x000000e5ad000000) (1024K)]
  0x000002c7e2f75930 JavaThread "Thread-4"                   daemon [_thread_in_native, id=15956, stack(0x000000e5ad000000,0x000000e5ad100000) (1024K)]
  0x000002c7e2f752a0 JavaThread "Thread-5"                   daemon [_thread_in_native, id=14764, stack(0x000000e5ad100000,0x000000e5ad200000) (1024K)]
  0x000002c7e2f73860 JavaThread "Thread-6"                   daemon [_thread_in_native, id=14940, stack(0x000000e5ad200000,0x000000e5ad300000) (1024K)]
  0x000002c7e2f77370 JavaThread "Thread-7"                   daemon [_thread_in_native, id=13756, stack(0x000000e5ad300000,0x000000e5ad400000) (1024K)]
  0x000002c7e2f77a00 JavaThread "Thread-8"                   daemon [_thread_in_native, id=7824, stack(0x000000e5ad400000,0x000000e5ad500000) (1024K)]
  0x000002c7e2f78db0 JavaThread "Thread-9"                   daemon [_thread_in_native, id=14732, stack(0x000000e5ad500000,0x000000e5ad600000) (1024K)]
  0x000002c7e2f78720 JavaThread "Thread-10"                  daemon [_thread_in_native, id=11024, stack(0x000000e5ad600000,0x000000e5ad700000) (1024K)]
  0x000002c7e2f78090 JavaThread "Thread-11"                  daemon [_thread_in_native, id=13048, stack(0x000000e5ad700000,0x000000e5ad800000) (1024K)]
  0x000002c7ec0052f0 JavaThread "Thread-12"                  daemon [_thread_in_native, id=11620, stack(0x000000e5ad800000,0x000000e5ad900000) (1024K)]
  0x000002c7ec006d30 JavaThread "Thread-13"                  daemon [_thread_in_native, id=18224, stack(0x000000e5ad900000,0x000000e5ada00000) (1024K)]
  0x000002c7ec0080e0 JavaThread "Thread-14"                  daemon [_thread_in_native, id=19552, stack(0x000000e5ada00000,0x000000e5adb00000) (1024K)]
  0x000002c7ec008e00 JavaThread "Thread-15"                  daemon [_thread_in_native, id=12564, stack(0x000000e5adb00000,0x000000e5adc00000) (1024K)]
  0x000002c7ec007a50 JavaThread "Thread-16"                  daemon [_thread_in_native, id=13768, stack(0x000000e5adc00000,0x000000e5add00000) (1024K)]
  0x000002c7ec0073c0 JavaThread "Thread-17"                  daemon [_thread_in_native, id=18696, stack(0x000000e5add00000,0x000000e5ade00000) (1024K)]
  0x000002c7ec005980 JavaThread "Thread-18"                  daemon [_thread_in_native, id=1712, stack(0x000000e5ade00000,0x000000e5adf00000) (1024K)]
  0x000002c7ec008770 JavaThread "Thread-19"                  daemon [_thread_in_native, id=15168, stack(0x000000e5adf00000,0x000000e5ae000000) (1024K)]
  0x000002c7ec009490 JavaThread "pool-2-thread-1"                   [_thread_blocked, id=19852, stack(0x000000e5ae000000,0x000000e5ae100000) (1024K)]
  0x000002c7ec006010 JavaThread "WorkspaceEventsHandler"            [_thread_blocked, id=12044, stack(0x000000e5ae500000,0x000000e5ae600000) (1024K)]
  0x000002c7ec009b20 JavaThread "pool-1-thread-1"                   [_thread_blocked, id=13812, stack(0x000000e5ae600000,0x000000e5ae700000) (1024K)]
  0x000002c7ec00a840 JavaThread "ForkJoinPool.commonPool-worker-1" daemon [_thread_blocked, id=12928, stack(0x000000e5ae700000,0x000000e5ae800000) (1024K)]
  0x000002c7ec00c910 JavaThread "ForkJoinPool.commonPool-worker-3" daemon [_thread_blocked, id=11740, stack(0x000000e5ae900000,0x000000e5aea00000) (1024K)]
  0x000002c7ec00aed0 JavaThread "ForkJoinPool.commonPool-worker-4" daemon [_thread_blocked, id=12872, stack(0x000000e5aea00000,0x000000e5aeb00000) (1024K)]
  0x000002c7ec00bbf0 JavaThread "ForkJoinPool.commonPool-worker-5" daemon [_thread_blocked, id=12692, stack(0x000000e5aeb00000,0x000000e5aec00000) (1024K)]
  0x000002c7ec00c280 JavaThread "ForkJoinPool.commonPool-worker-6" daemon [_thread_blocked, id=7056, stack(0x000000e5aec00000,0x000000e5aed00000) (1024K)]
  0x000002c7ea123af0 JavaThread "ForkJoinPool.commonPool-worker-12" daemon [_thread_blocked, id=19836, stack(0x000000e5af200000,0x000000e5af300000) (1024K)]
  0x000002c7ea120670 JavaThread "ForkJoinPool.commonPool-worker-13" daemon [_thread_blocked, id=11852, stack(0x000000e5af300000,0x000000e5af400000) (1024K)]
  0x000002c7ea124180 JavaThread "ForkJoinPool.commonPool-worker-14" daemon [_thread_blocked, id=4580, stack(0x000000e5af400000,0x000000e5af500000) (1024K)]
  0x000002c7ea120d00 JavaThread "ForkJoinPool.commonPool-worker-16" daemon [_thread_blocked, id=4084, stack(0x000000e5af600000,0x000000e5af700000) (1024K)]
  0x000002c7eab76ca0 JavaThread "Cleaner-0"                  daemon [_thread_blocked, id=3604, stack(0x000000e5ac500000,0x000000e5ac600000) (1024K)]
  0x000002c7eab7a120 JavaThread "ForkJoinPool.commonPool-worker-19" daemon [_thread_blocked, id=12072, stack(0x000000e5a9900000,0x000000e5a9a00000) (1024K)]
  0x000002c7e2e36260 JavaThread "Worker-7"                          [_thread_blocked, id=2576, stack(0x000000e5ac400000,0x000000e5ac500000) (1024K)]
  0x000002c7e2e39d70 JavaThread "Java Debug Server"          daemon [_thread_in_native, id=3012, stack(0x000000e5a9b00000,0x000000e5a9c00000) (1024K)]
  0x000002c7e2e396e0 JavaThread "RxSchedulerPurge-1"         daemon [_thread_blocked, id=6420, stack(0x000000e5aca00000,0x000000e5acb00000) (1024K)]
  0x000002c7e2d6b3a0 JavaThread "RxCachedWorkerPoolEvictor-1" daemon [_thread_blocked, id=19964, stack(0x000000e5acb00000,0x000000e5acc00000) (1024K)]
  0x000002c7e2d6f540 JavaThread "Worker-9"                          [_thread_blocked, id=2384, stack(0x000000e5aa800000,0x000000e5aa900000) (1024K)]
  0x000002c7e2d6d470 JavaThread "pool-5-thread-2"                   [_thread_in_native, id=2564, stack(0x000000e5aa900000,0x000000e5aaa00000) (1024K)]
  0x000002c7e2d70f80 JavaThread "RxNewThreadScheduler-3"     daemon [_thread_blocked, id=10616, stack(0x000000e5abe00000,0x000000e5abf00000) (1024K)]
  0x000002c7e2d71610 JavaThread "Packet Receive Manager"     daemon [_thread_in_native, id=17684, stack(0x000000e5aee00000,0x000000e5aef00000) (1024K)]
  0x000002c7e2f724b0 JavaThread "Packet Send Manager"        daemon [_thread_blocked, id=20784, stack(0x000000e5ac700000,0x000000e5ac800000) (1024K)]
  0x000002c7e2f75fc0 JavaThread "Event Hub"                  daemon [_thread_blocked, id=18984, stack(0x000000e5ae800000,0x000000e5ae900000) (1024K)]
Total: 63

Other Threads:
  0x000002c7e2c933a0 VMThread "VM Thread"                           [id=10092, stack(0x000000e5a9f00000,0x000000e5aa000000) (1024K)]
  0x000002c7cad6ca00 WatcherThread "VM Periodic Task Thread"        [id=2716, stack(0x000000e5a9e00000,0x000000e5a9f00000) (1024K)]
  0x000002c7caefd170 WorkerThread "GC Thread#0"                     [id=19684, stack(0x000000e5a9d00000,0x000000e5a9e00000) (1024K)]
  0x000002c7e9041720 WorkerThread "GC Thread#1"                     [id=13328, stack(0x000000e5aae00000,0x000000e5aaf00000) (1024K)]
  0x000002c7e9042230 WorkerThread "GC Thread#2"                     [id=7744, stack(0x000000e5aaf00000,0x000000e5ab000000) (1024K)]
  0x000002c7e90425e0 WorkerThread "GC Thread#3"                     [id=12568, stack(0x000000e5ab000000,0x000000e5ab100000) (1024K)]
  0x000002c7e9041ad0 WorkerThread "GC Thread#4"                     [id=19528, stack(0x000000e5ab100000,0x000000e5ab200000) (1024K)]
  0x000002c7e9041370 WorkerThread "GC Thread#5"                     [id=16652, stack(0x000000e5ab200000,0x000000e5ab300000) (1024K)]
  0x000002c7e9041e80 WorkerThread "GC Thread#6"                     [id=10476, stack(0x000000e5ab300000,0x000000e5ab400000) (1024K)]
  0x000002c7e942ada0 WorkerThread "GC Thread#7"                     [id=14256, stack(0x000000e5ab400000,0x000000e5ab500000) (1024K)]
  0x000002c7e9429ee0 WorkerThread "GC Thread#8"                     [id=19784, stack(0x000000e5ab700000,0x000000e5ab800000) (1024K)]
  0x000002c7e94293d0 WorkerThread "GC Thread#9"                     [id=19824, stack(0x000000e5ab800000,0x000000e5ab900000) (1024K)]
  0x000002c7e942a640 WorkerThread "GC Thread#10"                    [id=19452, stack(0x000000e5ab900000,0x000000e5aba00000) (1024K)]
  0x000002c7e9427db0 WorkerThread "GC Thread#11"                    [id=13840, stack(0x000000e5aba00000,0x000000e5abb00000) (1024K)]
  0x000002c7e9427a00 WorkerThread "GC Thread#12"                    [id=7428, stack(0x000000e5ac000000,0x000000e5ac100000) (1024K)]
  0x000002c7e9429b30 WorkerThread "GC Thread#13"                    [id=8644, stack(0x000000e5ac200000,0x000000e5ac300000) (1024K)]
Total: 16

Threads with active compile tasks:
Total: 0

VM state: not at safepoint (normal execution)

VM Mutex/Monitor currently owned by a thread: None

Heap address: 0x0000000080000000, size: 2048 MB, Compressed Oops mode: 32-bit

CDS archive(s) mapped at: [0x000002c780000000-0x000002c780ba0000-0x000002c780ba0000), size 12189696, SharedBaseAddress: 0x000002c780000000, ArchiveRelocationMode: 1.
Compressed class space mapped at: 0x000002c781000000-0x000002c7c1000000, reserved size: 1073741824
Narrow klass base: 0x000002c780000000, Narrow klass shift: 0, Narrow klass range: 0x100000000

GC Precious Log:
 CardTable entry size: 512
 CPUs: 18 total, 18 available
 Memory: 15931M
 Large Page Support: Disabled
 NUMA Support: Disabled
 Compressed Oops: Enabled (32-bit)
 Alignments: Space 512K, Generation 512K, Heap 2M
 Heap Min Capacity: 100M
 Heap Initial Capacity: 100M
 Heap Max Capacity: 2G
 Pre-touch: Disabled
 Parallel Workers: 14

Heap:
 PSYoungGen      total 9216K, used 3126K [0x00000000d5580000, 0x00000000d6380000, 0x0000000100000000)
  eden space 8192K, 33% used [0x00000000d5580000,0x00000000d5835898,0x00000000d5d80000)
  from space 1024K, 34% used [0x00000000d6180000,0x00000000d61d8000,0x00000000d6280000)
  to   space 512K, 0% used [0x00000000d6300000,0x00000000d6300000,0x00000000d6380000)
 ParOldGen       total 1254400K, used 1254184K [0x0000000080000000, 0x00000000cc900000, 0x00000000d5580000)
  object space 1254400K, 99% used [0x0000000080000000,0x00000000cc8ca128,0x00000000cc900000)
 Metaspace       used 102246K, committed 104192K, reserved 1179648K
  class space    used 10669K, committed 11584K, reserved 1048576K

Card table byte_map: [0x000002c7ca880000,0x000002c7cac90000] _byte_map_base: 0x000002c7ca480000

Marking Bits: (ParMarkBitMap*) 0x00007ffdce223450
 Begin Bits: [0x000002c7dd390000, 0x000002c7df390000)
 End Bits:   [0x000002c7df390000, 0x000002c7e1390000)

Polling page: 0x000002c7c8ae0000

Metaspace:

Usage:
  Non-class:     89.43 MB used.
      Class:     10.42 MB used.
       Both:     99.85 MB used.

Virtual space:
  Non-class space:      128.00 MB reserved,      90.44 MB ( 71%) committed,  2 nodes.
      Class space:        1.00 GB reserved,      11.31 MB (  1%) committed,  1 nodes.
             Both:        1.12 GB reserved,     101.75 MB (  9%) committed. 

Chunk freelists:
   Non-Class:  4.66 MB
       Class:  4.67 MB
        Both:  9.32 MB

MaxMetaspaceSize: unlimited
CompressedClassSpaceSize: 1.00 GB
Initial GC threshold: 21.00 MB
Current GC threshold: 159.50 MB
CDS: on
 - commit_granule_bytes: 65536.
 - commit_granule_words: 8192.
 - virtual_space_node_default_size: 8388608.
 - enlarge_chunks_in_place: 1.
 - use_allocation_guard: 0.


Internal statistics:

num_allocs_failed_limit: 11.
num_arena_births: 1898.
num_arena_deaths: 34.
num_vsnodes_births: 3.
num_vsnodes_deaths: 0.
num_space_committed: 1628.
num_space_uncommitted: 0.
num_chunks_returned_to_freelist: 55.
num_chunks_taken_from_freelist: 6895.
num_chunk_merges: 20.
num_chunk_splits: 4170.
num_chunks_enlarged: 2306.
num_inconsistent_stats: 0.

CodeHeap 'non-profiled nmethods': size=119168Kb used=19247Kb max_used=19247Kb free=99920Kb
 bounds [0x000002c7d5c80000, 0x000002c7d6f50000, 0x000002c7dd0e0000]
CodeHeap 'profiled nmethods': size=119104Kb used=45177Kb max_used=46134Kb free=73926Kb
 bounds [0x000002c7ce0e0000, 0x000002c7d0df0000, 0x000002c7d5530000]
CodeHeap 'non-nmethods': size=7488Kb used=1553Kb max_used=3269Kb free=5934Kb
 bounds [0x000002c7d5530000, 0x000002c7d5880000, 0x000002c7d5c80000]
CodeCache: size=245760Kb, used=65977Kb, max_used=68650Kb, free=179780Kb
 total_blobs=19235, nmethods=18357, adapters=780, full_count=0
Compilation: enabled, stopped_count=0, restarted_count=0

Compilation events (20 events):
Event: 1634.092 Thread 0x000002c7caf8da30 24578       4       org.eclipse.jdt.internal.corext.dom.GenericVisitor::endVisit (6 bytes)
Event: 1634.092 Thread 0x000002c7caf8da30 nmethod 24578 0x000002c7d6f47d10 code [0x000002c7d6f47ea0, 0x000002c7d6f47f28]
Event: 1647.628 Thread 0x000002c7caf8da30 24579       4       com.vladsch.flexmark.util.data.DataKey::get (6 bytes)
Event: 1647.629 Thread 0x000002c7caf8da30 nmethod 24579 0x000002c7d6f48010 code [0x000002c7d6f481a0, 0x000002c7d6f482d8]
Event: 1648.531 Thread 0x000002c7caf9bd70 24580       3       com.google.gson.internal.bind.JsonElementTypeAdapter::write (256 bytes)
Event: 1648.533 Thread 0x000002c7caf9bd70 nmethod 24580 0x000002c7d08e7010 code [0x000002c7d08e7580, 0x000002c7d08ea648]
Event: 1648.534 Thread 0x000002c7caf8da30 24581       4       org.eclipse.jdt.internal.corext.util.JavaModelUtil::isSameMethodSignature (100 bytes)
Event: 1648.534 Thread 0x000002c7caf9bd70 24582       3       org.eclipse.jdt.internal.corext.dom.GenericVisitor::visit (6 bytes)
Event: 1648.534 Thread 0x000002c7caf9bd70 nmethod 24582 0x000002c7d08e6c10 code [0x000002c7d08e6dc0, 0x000002c7d08e6f88]
Event: 1648.534 Thread 0x000002c7caf9bd70 24583       3       org.eclipse.jdt.internal.corext.dom.GenericVisitor::endVisit (6 bytes)
Event: 1648.534 Thread 0x000002c7caf9bd70 nmethod 24583 0x000002c7d08e6790 code [0x000002c7d08e6940, 0x000002c7d08e6b20]
Event: 1648.534 Thread 0x000002c7caf9bd70 24584       3       org.eclipse.jdt.internal.corext.dom.GenericVisitor::visit (6 bytes)
Event: 1648.534 Thread 0x000002c7caf9bd70 nmethod 24584 0x000002c7d08e6390 code [0x000002c7d08e6540, 0x000002c7d08e6708]
Event: 1648.534 Thread 0x000002c7caf9bd70 24585       3       org.eclipse.jdt.internal.corext.dom.GenericVisitor::endVisit (6 bytes)
Event: 1648.535 Thread 0x000002c7caf9bd70 nmethod 24585 0x000002c7d08e5f10 code [0x000002c7d08e60c0, 0x000002c7d08e62a0]
Event: 1648.565 Thread 0x000002c7caf8da30 nmethod 24581 0x000002c7d6f48490 code [0x000002c7d6f487e0, 0x000002c7d6f4a8c0]
Event: 1648.695 Thread 0x000002c7caf8da30 24586       4       org.eclipse.jdt.core.dom.ASTVisitor::endVisit (1 bytes)
Event: 1648.695 Thread 0x000002c7caf8da30 nmethod 24586 0x000002c7d6f4b910 code [0x000002c7d6f4baa0, 0x000002c7d6f4bb28]
Event: 1649.543 Thread 0x000002c7caf8da30 24587       4       org.eclipse.jdt.core.dom.ASTVisitor::endVisit (1 bytes)
Event: 1649.543 Thread 0x000002c7caf8da30 nmethod 24587 0x000002c7d6f4bc10 code [0x000002c7d6f4bda0, 0x000002c7d6f4be28]

GC Heap History (20 events):
Event: 1598.046 GC heap before
{Heap before GC invocations=1798 (full 6):
 PSYoungGen      total 12288K, used 11988K [0x00000000d5580000, 0x00000000d6580000, 0x0000000100000000)
  eden space 8192K, 100% used [0x00000000d5580000,0x00000000d5d80000,0x00000000d5d80000)
  from space 4096K, 92% used [0x00000000d5e80000,0x00000000d6235200,0x00000000d6280000)
  to   space 3072K, 0% used [0x00000000d6280000,0x00000000d6280000,0x00000000d6580000)
 ParOldGen       total 1242624K, used 1242491K [0x0000000080000000, 0x00000000cbd80000, 0x00000000d5580000)
  object space 1242624K, 99% used [0x0000000080000000,0x00000000cbd5edf0,0x00000000cbd80000)
 Metaspace       used 102095K, committed 104064K, reserved 1179648K
  class space    used 10669K, committed 11584K, reserved 1048576K
}
Event: 1598.051 GC heap after
{Heap after GC invocations=1798 (full 6):
 PSYoungGen      total 9728K, used 1408K [0x00000000d5580000, 0x00000000d6400000, 0x0000000100000000)
  eden space 8192K, 0% used [0x00000000d5580000,0x00000000d5580000,0x00000000d5d80000)
  from space 1536K, 91% used [0x00000000d6280000,0x00000000d63e0000,0x00000000d6400000)
  to   space 2560K, 0% used [0x00000000d5f00000,0x00000000d5f00000,0x00000000d6180000)
 ParOldGen       total 1246208K, used 1246108K [0x0000000080000000, 0x00000000cc100000, 0x00000000d5580000)
  object space 1246208K, 99% used [0x0000000080000000,0x00000000cc0e7040,0x00000000cc100000)
 Metaspace       used 102095K, committed 104064K, reserved 1179648K
  class space    used 10669K, committed 11584K, reserved 1048576K
}
Event: 1598.084 GC heap before
{Heap before GC invocations=1799 (full 6):
 PSYoungGen      total 9728K, used 9600K [0x00000000d5580000, 0x00000000d6400000, 0x0000000100000000)
  eden space 8192K, 100% used [0x00000000d5580000,0x00000000d5d80000,0x00000000d5d80000)
  from space 1536K, 91% used [0x00000000d6280000,0x00000000d63e0000,0x00000000d6400000)
  to   space 2560K, 0% used [0x00000000d5f00000,0x00000000d5f00000,0x00000000d6180000)
 ParOldGen       total 1246208K, used 1246108K [0x0000000080000000, 0x00000000cc100000, 0x00000000d5580000)
  object space 1246208K, 99% used [0x0000000080000000,0x00000000cc0e7040,0x00000000cc100000)
 Metaspace       used 102095K, committed 104064K, reserved 1179648K
  class space    used 10669K, committed 11584K, reserved 1048576K
}
Event: 1598.089 GC heap after
{Heap after GC invocations=1799 (full 6):
 PSYoungGen      total 10752K, used 2532K [0x00000000d5580000, 0x00000000d6b80000, 0x0000000100000000)
  eden space 8192K, 0% used [0x00000000d5580000,0x00000000d5580000,0x00000000d5d80000)
  from space 2560K, 98% used [0x00000000d5f00000,0x00000000d6179350,0x00000000d6180000)
  to   space 7168K, 0% used [0x00000000d6480000,0x00000000d6480000,0x00000000d6b80000)
 ParOldGen       total 1249792K, used 1249731K [0x0000000080000000, 0x00000000cc480000, 0x00000000d5580000)
  object space 1249792K, 99% used [0x0000000080000000,0x00000000cc470dd8,0x00000000cc480000)
 Metaspace       used 102095K, committed 104064K, reserved 1179648K
  class space    used 10669K, committed 11584K, reserved 1048576K
}
Event: 1608.643 GC heap before
{Heap before GC invocations=1800 (full 6):
 PSYoungGen      total 10752K, used 10724K [0x00000000d5580000, 0x00000000d6b80000, 0x0000000100000000)
  eden space 8192K, 100% used [0x00000000d5580000,0x00000000d5d80000,0x00000000d5d80000)
  from space 2560K, 98% used [0x00000000d5f00000,0x00000000d6179350,0x00000000d6180000)
  to   space 7168K, 0% used [0x00000000d6480000,0x00000000d6480000,0x00000000d6b80000)
 ParOldGen       total 1249792K, used 1249731K [0x0000000080000000, 0x00000000cc480000, 0x00000000d5580000)
  object space 1249792K, 99% used [0x0000000080000000,0x00000000cc470dd8,0x00000000cc480000)
 Metaspace       used 102095K, committed 104064K, reserved 1179648K
  class space    used 10669K, committed 11584K, reserved 1048576K
}
Event: 1608.646 GC heap after
{Heap after GC invocations=1800 (full 6):
 PSYoungGen      total 9216K, used 772K [0x00000000d5580000, 0x00000000d6580000, 0x0000000100000000)
  eden space 8192K, 0% used [0x00000000d5580000,0x00000000d5580000,0x00000000d5d80000)
  from space 1024K, 75% used [0x00000000d6480000,0x00000000d6541210,0x00000000d6580000)
  to   space 3072K, 0% used [0x00000000d5f80000,0x00000000d5f80000,0x00000000d6280000)
 ParOldGen       total 1250304K, used 1250023K [0x0000000080000000, 0x00000000cc500000, 0x00000000d5580000)
  object space 1250304K, 99% used [0x0000000080000000,0x00000000cc4b9fd8,0x00000000cc500000)
 Metaspace       used 102095K, committed 104064K, reserved 1179648K
  class space    used 10669K, committed 11584K, reserved 1048576K
}
Event: 1609.063 GC heap before
{Heap before GC invocations=1801 (full 6):
 PSYoungGen      total 9216K, used 8964K [0x00000000d5580000, 0x00000000d6580000, 0x0000000100000000)
  eden space 8192K, 100% used [0x00000000d5580000,0x00000000d5d80000,0x00000000d5d80000)
  from space 1024K, 75% used [0x00000000d6480000,0x00000000d6541210,0x00000000d6580000)
  to   space 3072K, 0% used [0x00000000d5f80000,0x00000000d5f80000,0x00000000d6280000)
 ParOldGen       total 1250304K, used 1250023K [0x0000000080000000, 0x00000000cc500000, 0x00000000d5580000)
  object space 1250304K, 99% used [0x0000000080000000,0x00000000cc4b9fd8,0x00000000cc500000)
 Metaspace       used 102114K, committed 104064K, reserved 1179648K
  class space    used 10669K, committed 11584K, reserved 1048576K
}
Event: 1609.065 GC heap after
{Heap after GC invocations=1801 (full 6):
 PSYoungGen      total 11264K, used 864K [0x00000000d5580000, 0x00000000d6500000, 0x0000000100000000)
  eden space 8192K, 0% used [0x00000000d5580000,0x00000000d5580000,0x00000000d5d80000)
  from space 3072K, 28% used [0x00000000d5f80000,0x00000000d6058000,0x00000000d6280000)
  to   space 1536K, 0% used [0x00000000d6380000,0x00000000d6380000,0x00000000d6500000)
 ParOldGen       total 1250816K, used 1250546K [0x0000000080000000, 0x00000000cc580000, 0x00000000d5580000)
  object space 1250816K, 99% used [0x0000000080000000,0x00000000cc53ca68,0x00000000cc580000)
 Metaspace       used 102114K, committed 104064K, reserved 1179648K
  class space    used 10669K, committed 11584K, reserved 1048576K
}
Event: 1629.708 GC heap before
{Heap before GC invocations=1802 (full 6):
 PSYoungGen      total 11264K, used 9056K [0x00000000d5580000, 0x00000000d6500000, 0x0000000100000000)
  eden space 8192K, 100% used [0x00000000d5580000,0x00000000d5d80000,0x00000000d5d80000)
  from space 3072K, 28% used [0x00000000d5f80000,0x00000000d6058000,0x00000000d6280000)
  to   space 1536K, 0% used [0x00000000d6380000,0x00000000d6380000,0x00000000d6500000)
 ParOldGen       total 1250816K, used 1250546K [0x0000000080000000, 0x00000000cc580000, 0x00000000d5580000)
  object space 1250816K, 99% used [0x0000000080000000,0x00000000cc53ca68,0x00000000cc580000)
 Metaspace       used 102141K, committed 104128K, reserved 1179648K
  class space    used 10669K, committed 11584K, reserved 1048576K
}
Event: 1629.713 GC heap after
{Heap after GC invocations=1802 (full 6):
 PSYoungGen      total 8704K, used 352K [0x00000000d5580000, 0x00000000d6400000, 0x0000000100000000)
  eden space 8192K, 0% used [0x00000000d5580000,0x00000000d5580000,0x00000000d5d80000)
  from space 512K, 68% used [0x00000000d6380000,0x00000000d63d8000,0x00000000d6400000)
  to   space 1024K, 0% used [0x00000000d6200000,0x00000000d6200000,0x00000000d6300000)
 ParOldGen       total 1251328K, used 1251226K [0x0000000080000000, 0x00000000cc600000, 0x00000000d5580000)
  object space 1251328K, 99% used [0x0000000080000000,0x00000000cc5e6a68,0x00000000cc600000)
 Metaspace       used 102141K, committed 104128K, reserved 1179648K
  class space    used 10669K, committed 11584K, reserved 1048576K
}
Event: 1630.132 GC heap before
{Heap before GC invocations=1803 (full 6):
 PSYoungGen      total 8704K, used 8544K [0x00000000d5580000, 0x00000000d6400000, 0x0000000100000000)
  eden space 8192K, 100% used [0x00000000d5580000,0x00000000d5d80000,0x00000000d5d80000)
  from space 512K, 68% used [0x00000000d6380000,0x00000000d63d8000,0x00000000d6400000)
  to   space 1024K, 0% used [0x00000000d6200000,0x00000000d6200000,0x00000000d6300000)
 ParOldGen       total 1251328K, used 1251226K [0x0000000080000000, 0x00000000cc600000, 0x00000000d5580000)
  object space 1251328K, 99% used [0x0000000080000000,0x00000000cc5e6a68,0x00000000cc600000)
 Metaspace       used 102175K, committed 104128K, reserved 1179648K
  class space    used 10669K, committed 11584K, reserved 1048576K
}
Event: 1630.136 GC heap after
{Heap after GC invocations=1803 (full 6):
 PSYoungGen      total 9216K, used 1012K [0x00000000d5580000, 0x00000000d6400000, 0x0000000100000000)
  eden space 8192K, 0% used [0x00000000d5580000,0x00000000d5580000,0x00000000d5d80000)
  from space 1024K, 98% used [0x00000000d6200000,0x00000000d62fd200,0x00000000d6300000)
  to   space 1024K, 0% used [0x00000000d6300000,0x00000000d6300000,0x00000000d6400000)
 ParOldGen       total 1251840K, used 1251354K [0x0000000080000000, 0x00000000cc680000, 0x00000000d5580000)
  object space 1251840K, 99% used [0x0000000080000000,0x00000000cc606a78,0x00000000cc680000)
 Metaspace       used 102175K, committed 104128K, reserved 1179648K
  class space    used 10669K, committed 11584K, reserved 1048576K
}
Event: 1630.288 GC heap before
{Heap before GC invocations=1804 (full 6):
 PSYoungGen      total 9216K, used 9204K [0x00000000d5580000, 0x00000000d6400000, 0x0000000100000000)
  eden space 8192K, 100% used [0x00000000d5580000,0x00000000d5d80000,0x00000000d5d80000)
  from space 1024K, 98% used [0x00000000d6200000,0x00000000d62fd200,0x00000000d6300000)
  to   space 1024K, 0% used [0x00000000d6300000,0x00000000d6300000,0x00000000d6400000)
 ParOldGen       total 1251840K, used 1251354K [0x0000000080000000, 0x00000000cc680000, 0x00000000d5580000)
  object space 1251840K, 99% used [0x0000000080000000,0x00000000cc606a78,0x00000000cc680000)
 Metaspace       used 102183K, committed 104128K, reserved 1179648K
  class space    used 10669K, committed 11584K, reserved 1048576K
}
Event: 1630.292 GC heap after
{Heap after GC invocations=1804 (full 6):
 PSYoungGen      total 9216K, used 730K [0x00000000d5580000, 0x00000000d6400000, 0x0000000100000000)
  eden space 8192K, 0% used [0x00000000d5580000,0x00000000d5580000,0x00000000d5d80000)
  from space 1024K, 71% used [0x00000000d6300000,0x00000000d63b6900,0x00000000d6400000)
  to   space 1024K, 0% used [0x00000000d6200000,0x00000000d6200000,0x00000000d6300000)
 ParOldGen       total 1252352K, used 1252225K [0x0000000080000000, 0x00000000cc700000, 0x00000000d5580000)
  object space 1252352K, 99% used [0x0000000080000000,0x00000000cc6e05c8,0x00000000cc700000)
 Metaspace       used 102183K, committed 104128K, reserved 1179648K
  class space    used 10669K, committed 11584K, reserved 1048576K
}
Event: 1630.693 GC heap before
{Heap before GC invocations=1805 (full 6):
 PSYoungGen      total 9216K, used 8922K [0x00000000d5580000, 0x00000000d6400000, 0x0000000100000000)
  eden space 8192K, 100% used [0x00000000d5580000,0x00000000d5d80000,0x00000000d5d80000)
  from space 1024K, 71% used [0x00000000d6300000,0x00000000d63b6900,0x00000000d6400000)
  to   space 1024K, 0% used [0x00000000d6200000,0x00000000d6200000,0x00000000d6300000)
 ParOldGen       total 1252352K, used 1252225K [0x0000000080000000, 0x00000000cc700000, 0x00000000d5580000)
  object space 1252352K, 99% used [0x0000000080000000,0x00000000cc6e05c8,0x00000000cc700000)
 Metaspace       used 102187K, committed 104128K, reserved 1179648K
  class space    used 10669K, committed 11584K, reserved 1048576K
}
Event: 1630.696 GC heap after
{Heap after GC invocations=1805 (full 6):
 PSYoungGen      total 9216K, used 1018K [0x00000000d5580000, 0x00000000d6380000, 0x0000000100000000)
  eden space 8192K, 0% used [0x00000000d5580000,0x00000000d5580000,0x00000000d5d80000)
  from space 1024K, 99% used [0x00000000d6200000,0x00000000d62fe900,0x00000000d6300000)
  to   space 512K, 0% used [0x00000000d6300000,0x00000000d6300000,0x00000000d6380000)
 ParOldGen       total 1253376K, used 1252891K [0x0000000080000000, 0x00000000cc800000, 0x00000000d5580000)
  object space 1253376K, 99% used [0x0000000080000000,0x00000000cc786ef8,0x00000000cc800000)
 Metaspace       used 102187K, committed 104128K, reserved 1179648K
  class space    used 10669K, committed 11584K, reserved 1048576K
}
Event: 1634.089 GC heap before
{Heap before GC invocations=1806 (full 6):
 PSYoungGen      total 9216K, used 9210K [0x00000000d5580000, 0x00000000d6380000, 0x0000000100000000)
  eden space 8192K, 100% used [0x00000000d5580000,0x00000000d5d80000,0x00000000d5d80000)
  from space 1024K, 99% used [0x00000000d6200000,0x00000000d62fe900,0x00000000d6300000)
  to   space 512K, 0% used [0x00000000d6300000,0x00000000d6300000,0x00000000d6380000)
 ParOldGen       total 1253376K, used 1252891K [0x0000000080000000, 0x00000000cc800000, 0x00000000d5580000)
  object space 1253376K, 99% used [0x0000000080000000,0x00000000cc786ef8,0x00000000cc800000)
 Metaspace       used 102245K, committed 104192K, reserved 1179648K
  class space    used 10669K, committed 11584K, reserved 1048576K
}
Event: 1634.091 GC heap after
{Heap after GC invocations=1806 (full 6):
 PSYoungGen      total 8704K, used 448K [0x00000000d5580000, 0x00000000d6380000, 0x0000000100000000)
  eden space 8192K, 0% used [0x00000000d5580000,0x00000000d5580000,0x00000000d5d80000)
  from space 512K, 87% used [0x00000000d6300000,0x00000000d6370000,0x00000000d6380000)
  to   space 1024K, 0% used [0x00000000d6180000,0x00000000d6180000,0x00000000d6280000)
 ParOldGen       total 1253888K, used 1253864K [0x0000000080000000, 0x00000000cc880000, 0x00000000d5580000)
  object space 1253888K, 99% used [0x0000000080000000,0x00000000cc87a128,0x00000000cc880000)
 Metaspace       used 102245K, committed 104192K, reserved 1179648K
  class space    used 10669K, committed 11584K, reserved 1048576K
}
Event: 1649.540 GC heap before
{Heap before GC invocations=1807 (full 6):
 PSYoungGen      total 8704K, used 8640K [0x00000000d5580000, 0x00000000d6380000, 0x0000000100000000)
  eden space 8192K, 100% used [0x00000000d5580000,0x00000000d5d80000,0x00000000d5d80000)
  from space 512K, 87% used [0x00000000d6300000,0x00000000d6370000,0x00000000d6380000)
  to   space 1024K, 0% used [0x00000000d6180000,0x00000000d6180000,0x00000000d6280000)
 ParOldGen       total 1253888K, used 1253864K [0x0000000080000000, 0x00000000cc880000, 0x00000000d5580000)
  object space 1253888K, 99% used [0x0000000080000000,0x00000000cc87a128,0x00000000cc880000)
 Metaspace       used 102246K, committed 104192K, reserved 1179648K
  class space    used 10669K, committed 11584K, reserved 1048576K
}
Event: 1649.541 GC heap after
{Heap after GC invocations=1807 (full 6):
 PSYoungGen      total 9216K, used 352K [0x00000000d5580000, 0x00000000d6380000, 0x0000000100000000)
  eden space 8192K, 0% used [0x00000000d5580000,0x00000000d5580000,0x00000000d5d80000)
  from space 1024K, 34% used [0x00000000d6180000,0x00000000d61d8000,0x00000000d6280000)
  to   space 512K, 0% used [0x00000000d6300000,0x00000000d6300000,0x00000000d6380000)
 ParOldGen       total 1254400K, used 1254184K [0x0000000080000000, 0x00000000cc900000, 0x00000000d5580000)
  object space 1254400K, 99% used [0x0000000080000000,0x00000000cc8ca128,0x00000000cc900000)
 Metaspace       used 102246K, committed 104192K, reserved 1179648K
  class space    used 10669K, committed 11584K, reserved 1048576K
}

Dll operation events (12 events):
Event: 0.022 Loaded shared library c:\Users\HOME\.vscode\extensions\redhat.java-1.54.0-win32-x64\jre\21.0.10-win32-x86_64\bin\java.dll
Event: 0.072 Loaded shared library c:\Users\HOME\.vscode\extensions\redhat.java-1.54.0-win32-x64\jre\21.0.10-win32-x86_64\bin\zip.dll
Event: 0.138 Loaded shared library C:\Users\HOME\.vscode\extensions\redhat.java-1.54.0-win32-x64\jre\21.0.10-win32-x86_64\bin\instrument.dll
Event: 0.162 Loaded shared library C:\Users\HOME\.vscode\extensions\redhat.java-1.54.0-win32-x64\jre\21.0.10-win32-x86_64\bin\net.dll
Event: 0.166 Loaded shared library C:\Users\HOME\.vscode\extensions\redhat.java-1.54.0-win32-x64\jre\21.0.10-win32-x86_64\bin\nio.dll
Event: 0.169 Loaded shared library C:\Users\HOME\.vscode\extensions\redhat.java-1.54.0-win32-x64\jre\21.0.10-win32-x86_64\bin\zip.dll
Event: 0.188 Loaded shared library C:\Users\HOME\.vscode\extensions\redhat.java-1.54.0-win32-x64\jre\21.0.10-win32-x86_64\bin\jimage.dll
Event: 0.379 Loaded shared library c:\Users\HOME\.vscode\extensions\redhat.java-1.54.0-win32-x64\jre\21.0.10-win32-x86_64\bin\verify.dll
Event: 2.731 Loaded shared library C:\Users\HOME\AppData\Roaming\Code\User\globalStorage\redhat.java\1.54.0\config_win\org.eclipse.equinox.launcher\org.eclipse.equinox.launcher.win32.win32.x86_64_1.3.0.v20260203-2149\eclipse_11919.dll
Event: 6.889 Loaded shared library C:\Users\HOME\AppData\Local\Temp\jna-2223327\jna11343003925923485414.dll
Event: 41.492 Loaded shared library C:\Users\HOME\.vscode\extensions\redhat.java-1.54.0-win32-x64\jre\21.0.10-win32-x86_64\bin\sunmscapi.dll
Event: 41.781 Loaded shared library C:\Users\HOME\.vscode\extensions\redhat.java-1.54.0-win32-x64\jre\21.0.10-win32-x86_64\bin\extnet.dll

Deoptimization events (20 events):
Event: 1555.486 Thread 0x000002c7ec009b20 Uncommon trap: trap_request=0xffffffbe fr.pc=0x000002c7d6ee387c relative=0x00000000000007fc
Event: 1555.486 Thread 0x000002c7ec009b20 Uncommon trap: reason=profile_predicate action=maybe_recompile pc=0x000002c7d6ee387c method=java.io.InputStream.read([BII)I @ 40 c2
Event: 1555.486 Thread 0x000002c7ec009b20 DEOPT PACKING pc=0x000002c7d6ee387c sp=0x000000e5ae6fec70
Event: 1555.486 Thread 0x000002c7ec009b20 DEOPT UNPACKING pc=0x000002c7d5583aa2 sp=0x000000e5ae6fec00 mode 2
Event: 1555.490 Thread 0x000002c7ec009b20 Uncommon trap: trap_request=0xffffffbe fr.pc=0x000002c7d6ee387c relative=0x00000000000007fc
Event: 1555.490 Thread 0x000002c7ec009b20 Uncommon trap: reason=profile_predicate action=maybe_recompile pc=0x000002c7d6ee387c method=java.io.InputStream.read([BII)I @ 40 c2
Event: 1555.490 Thread 0x000002c7ec009b20 DEOPT PACKING pc=0x000002c7d6ee387c sp=0x000000e5ae6fec70
Event: 1555.490 Thread 0x000002c7ec009b20 DEOPT UNPACKING pc=0x000002c7d5583aa2 sp=0x000000e5ae6fec00 mode 2
Event: 1567.933 Thread 0x000002c7ea124180 DEOPT PACKING pc=0x000002c7d037d341 sp=0x000000e5af4fe740
Event: 1567.933 Thread 0x000002c7ea124180 DEOPT UNPACKING pc=0x000002c7d5584242 sp=0x000000e5af4fdc20 mode 0
Event: 1584.826 Thread 0x000002c7ea124180 DEOPT PACKING pc=0x000002c7d037d341 sp=0x000000e5af4fe7e0
Event: 1584.826 Thread 0x000002c7ea124180 DEOPT UNPACKING pc=0x000002c7d5584242 sp=0x000000e5af4fdcc0 mode 0
Event: 1591.969 Thread 0x000002c7ea124180 Uncommon trap: trap_request=0xffffff45 fr.pc=0x000002c7d6f2fe6c relative=0x00000000000002ec
Event: 1591.969 Thread 0x000002c7ea124180 Uncommon trap: reason=unstable_if action=reinterpret pc=0x000002c7d6f2fe6c method=sun.security.provider.AbstractDrbg.engineNextBytes([BLjava/security/SecureRandomParameters;)V @ 33 c2
Event: 1591.969 Thread 0x000002c7ea124180 DEOPT PACKING pc=0x000002c7d6f2fe6c sp=0x000000e5af4feb10
Event: 1591.969 Thread 0x000002c7ea124180 DEOPT UNPACKING pc=0x000002c7d5583aa2 sp=0x000000e5af4fea40 mode 2
Event: 1598.024 Thread 0x000002c7ea124180 Uncommon trap: trap_request=0xffffffcc fr.pc=0x000002c7d6f274e4 relative=0x0000000000000fa4
Event: 1598.024 Thread 0x000002c7ea124180 Uncommon trap: reason=intrinsic_or_type_checked_inlining action=make_not_entrant pc=0x000002c7d6f274e4 method=org.eclipse.jdt.internal.compiler.parser.Parser.consumeSingleVariableDeclarator(Z)V @ 575 c2
Event: 1598.024 Thread 0x000002c7ea124180 DEOPT PACKING pc=0x000002c7d6f274e4 sp=0x000000e5af4fdec0
Event: 1598.024 Thread 0x000002c7ea124180 DEOPT UNPACKING pc=0x000002c7d5583aa2 sp=0x000000e5af4fde08 mode 2

Classes loaded (20 events):
Event: 1093.503 Loading class java/util/stream/SliceOps$1
Event: 1093.503 Loading class java/util/stream/SliceOps$1 done
Event: 1093.509 Loading class java/util/stream/SliceOps$1$1
Event: 1093.509 Loading class java/util/stream/SliceOps$1$1 done
Event: 1093.527 Loading class java/util/Timer
Event: 1093.527 Loading class java/util/Timer done
Event: 1093.527 Loading class java/util/TaskQueue
Event: 1093.528 Loading class java/util/TaskQueue done
Event: 1093.528 Loading class java/util/TimerThread
Event: 1093.528 Loading class java/util/TimerThread done
Event: 1093.528 Loading class java/util/Timer$ThreadReaper
Event: 1093.528 Loading class java/util/Timer$ThreadReaper done
Event: 1094.410 Loading class java/util/concurrent/ScheduledThreadPoolExecutor$DelayedWorkQueue$Itr
Event: 1094.410 Loading class java/util/concurrent/ScheduledThreadPoolExecutor$DelayedWorkQueue$Itr done
Event: 1095.399 Loading class jdk/internal/reflect/MethodHandleByteFieldAccessorImpl
Event: 1095.399 Loading class jdk/internal/reflect/MethodHandleByteFieldAccessorImpl done
Event: 1252.917 Loading class java/util/concurrent/CompletableFuture$AsyncRun
Event: 1252.917 Loading class java/util/concurrent/CompletableFuture$AsyncRun done
Event: 1576.777 Loading class java/nio/channels/CompletionHandler
Event: 1576.777 Loading class java/nio/channels/CompletionHandler done

Classes unloaded (17 events):
Event: 7.333 Thread 0x000002c7e2c933a0 Unloading class 0x000002c7811ad000 'java/lang/invoke/LambdaForm$MH+0x000002c7811ad000'
Event: 7.333 Thread 0x000002c7e2c933a0 Unloading class 0x000002c7811acc00 'java/lang/invoke/LambdaForm$MH+0x000002c7811acc00'
Event: 7.333 Thread 0x000002c7e2c933a0 Unloading class 0x000002c7811ac800 'java/lang/invoke/LambdaForm$MH+0x000002c7811ac800'
Event: 7.333 Thread 0x000002c7e2c933a0 Unloading class 0x000002c7811ac400 'java/lang/invoke/LambdaForm$MH+0x000002c7811ac400'
Event: 7.333 Thread 0x000002c7e2c933a0 Unloading class 0x000002c7811ac000 'java/lang/invoke/LambdaForm$BMH+0x000002c7811ac000'
Event: 7.333 Thread 0x000002c7e2c933a0 Unloading class 0x000002c7811abc00 'java/lang/invoke/LambdaForm$DMH+0x000002c7811abc00'
Event: 7.333 Thread 0x000002c7e2c933a0 Unloading class 0x000002c7811aac00 'java/lang/invoke/LambdaForm$DMH+0x000002c7811aac00'
Event: 18.023 Thread 0x000002c7e2c933a0 Unloading class 0x000002c7816b1400 'java/lang/invoke/LambdaForm$DMH+0x000002c7816b1400'
Event: 18.023 Thread 0x000002c7e2c933a0 Unloading class 0x000002c7816b1000 'java/lang/invoke/LambdaForm$DMH+0x000002c7816b1000'
Event: 18.023 Thread 0x000002c7e2c933a0 Unloading class 0x000002c7816b0c00 'java/lang/invoke/LambdaForm$DMH+0x000002c7816b0c00'
Event: 18.023 Thread 0x000002c7e2c933a0 Unloading class 0x000002c7816b0800 'java/lang/invoke/LambdaForm$DMH+0x000002c7816b0800'
Event: 156.079 Thread 0x000002c7e2c933a0 Unloading class 0x000002c781708000 'java/lang/invoke/LambdaForm$DMH+0x000002c781708000'
Event: 156.079 Thread 0x000002c7e2c933a0 Unloading class 0x000002c781705400 'java/lang/invoke/LambdaForm$MH+0x000002c781705400'
Event: 156.079 Thread 0x000002c7e2c933a0 Unloading class 0x000002c781704800 'java/lang/invoke/LambdaForm$MH+0x000002c781704800'
Event: 156.079 Thread 0x000002c7e2c933a0 Unloading class 0x000002c781704000 'java/lang/invoke/LambdaForm$MH+0x000002c781704000'
Event: 156.079 Thread 0x000002c7e2c933a0 Unloading class 0x000002c7816f8800 'java/lang/invoke/LambdaForm$MH+0x000002c7816f8800'
Event: 156.079 Thread 0x000002c7e2c933a0 Unloading class 0x000002c7816f8400 'java/lang/invoke/LambdaForm$DMH+0x000002c7816f8400'

Classes redefined (0 events):
No events

Internal exceptions (20 events):
Event: 1298.195 Thread 0x000002c7ec00b560 Exception <a 'sun/nio/fs/WindowsException'{0x00000000d561c840}> (0x00000000d561c840) 
thrown [s\src\hotspot\share\prims\jni.cpp, line 520]
Event: 1298.195 Thread 0x000002c7ec00b560 Exception <a 'sun/nio/fs/WindowsException'{0x00000000d561d328}> (0x00000000d561d328) 
thrown [s\src\hotspot\share\prims\jni.cpp, line 520]
Event: 1298.195 Thread 0x000002c7ec00b560 Exception <a 'sun/nio/fs/WindowsException'{0x00000000d561e7b8}> (0x00000000d561e7b8) 
thrown [s\src\hotspot\share\prims\jni.cpp, line 520]
Event: 1298.195 Thread 0x000002c7ec00b560 Exception <a 'sun/nio/fs/WindowsException'{0x00000000d561f2a0}> (0x00000000d561f2a0) 
thrown [s\src\hotspot\share\prims\jni.cpp, line 520]
Event: 1298.195 Thread 0x000002c7ec00b560 Exception <a 'sun/nio/fs/WindowsException'{0x00000000d5620820}> (0x00000000d5620820) 
thrown [s\src\hotspot\share\prims\jni.cpp, line 520]
Event: 1298.195 Thread 0x000002c7ec00b560 Exception <a 'sun/nio/fs/WindowsException'{0x00000000d56210e8}> (0x00000000d56210e8) 
thrown [s\src\hotspot\share\prims\jni.cpp, line 520]
Event: 1298.381 Thread 0x000002c7ec00b560 Exception <a 'sun/nio/fs/WindowsException'{0x00000000d56d6d38}> (0x00000000d56d6d38) 
thrown [s\src\hotspot\share\prims\jni.cpp, line 520]
Event: 1298.381 Thread 0x000002c7ec00b560 Exception <a 'sun/nio/fs/WindowsException'{0x00000000d56d7820}> (0x00000000d56d7820) 
thrown [s\src\hotspot\share\prims\jni.cpp, line 520]
Event: 1298.382 Thread 0x000002c7ec00b560 Exception <a 'sun/nio/fs/WindowsException'{0x00000000d56d8b20}> (0x00000000d56d8b20) 
thrown [s\src\hotspot\share\prims\jni.cpp, line 520]
Event: 1298.382 Thread 0x000002c7ec00b560 Exception <a 'sun/nio/fs/WindowsException'{0x00000000d56d93e8}> (0x00000000d56d93e8) 
thrown [s\src\hotspot\share\prims\jni.cpp, line 520]
Event: 1298.437 Thread 0x000002c7e2d70f80 Exception <a 'sun/nio/fs/WindowsException'{0x00000000d5769228}> (0x00000000d5769228) 
thrown [s\src\hotspot\share\prims\jni.cpp, line 520]
Event: 1298.437 Thread 0x000002c7e2d70f80 Exception <a 'sun/nio/fs/WindowsException'{0x00000000d57698b8}> (0x00000000d57698b8) 
thrown [s\src\hotspot\share\prims\jni.cpp, line 520]
Event: 1299.030 Thread 0x000002c7e2d71ca0 Exception <a 'sun/nio/fs/WindowsException'{0x00000000d577c3a0}> (0x00000000d577c3a0) 
thrown [s\src\hotspot\share\prims\jni.cpp, line 520]
Event: 1299.031 Thread 0x000002c7e2d71ca0 Exception <a 'sun/nio/fs/WindowsException'{0x00000000d577ca08}> (0x00000000d577ca08) 
thrown [s\src\hotspot\share\prims\jni.cpp, line 520]
Event: 1299.053 Thread 0x000002c7e2f76650 Exception <a 'sun/nio/fs/WindowsException'{0x00000000d57900b8}> (0x00000000d57900b8) 
thrown [s\src\hotspot\share\prims\jni.cpp, line 520]
Event: 1299.053 Thread 0x000002c7e2f76650 Exception <a 'sun/nio/fs/WindowsException'{0x00000000d5790bc0}> (0x00000000d5790bc0) 
thrown [s\src\hotspot\share\prims\jni.cpp, line 520]
Event: 1299.054 Thread 0x000002c7e2f76650 Exception <a 'sun/nio/fs/WindowsException'{0x00000000d5791ec0}> (0x00000000d5791ec0) 
thrown [s\src\hotspot\share\prims\jni.cpp, line 520]
Event: 1299.054 Thread 0x000002c7e2f76650 Exception <a 'sun/nio/fs/WindowsException'{0x00000000d5792788}> (0x00000000d5792788) 
thrown [s\src\hotspot\share\prims\jni.cpp, line 520]
Event: 1312.499 Thread 0x000002c7e2e36260 Exception <a 'sun/nio/fs/WindowsException'{0x00000000d55d6df0}> (0x00000000d55d6df0) 
thrown [s\src\hotspot\share\prims\jni.cpp, line 520]
Event: 1312.499 Thread 0x000002c7e2e36260 Exception <a 'sun/nio/fs/WindowsException'{0x00000000d55d7b50}> (0x00000000d55d7b50) 
thrown [s\src\hotspot\share\prims\jni.cpp, line 520]

ZGC Phase Switch (0 events):
No events

VM Operations (20 events):
Event: 1628.582 Executing safepoint VM operation: Cleanup
Event: 1628.582 Executing safepoint VM operation: Cleanup done
Event: 1629.708 Executing safepoint VM operation: ParallelGCFailedAllocation (Allocation Failure)
Event: 1629.713 Executing safepoint VM operation: ParallelGCFailedAllocation (Allocation Failure) done
Event: 1630.132 Executing safepoint VM operation: ParallelGCFailedAllocation (Allocation Failure)
Event: 1630.136 Executing safepoint VM operation: ParallelGCFailedAllocation (Allocation Failure) done
Event: 1630.288 Executing safepoint VM operation: ParallelGCFailedAllocation (Allocation Failure)
Event: 1630.292 Executing safepoint VM operation: ParallelGCFailedAllocation (Allocation Failure) done
Event: 1630.693 Executing safepoint VM operation: ParallelGCFailedAllocation (Allocation Failure)
Event: 1630.696 Executing safepoint VM operation: ParallelGCFailedAllocation (Allocation Failure) done
Event: 1631.698 Executing safepoint VM operation: Cleanup
Event: 1631.698 Executing safepoint VM operation: Cleanup done
Event: 1633.717 Executing safepoint VM operation: Cleanup
Event: 1633.717 Executing safepoint VM operation: Cleanup done
Event: 1634.089 Executing safepoint VM operation: ParallelGCFailedAllocation (Allocation Failure)
Event: 1634.091 Executing safepoint VM operation: ParallelGCFailedAllocation (Allocation Failure) done
Event: 1649.231 Executing safepoint VM operation: Cleanup
Event: 1649.231 Executing safepoint VM operation: Cleanup done
Event: 1649.540 Executing safepoint VM operation: ParallelGCFailedAllocation (Allocation Failure)
Event: 1649.541 Executing safepoint VM operation: ParallelGCFailedAllocation (Allocation Failure) done

Memory protections (0 events):
No events

Nmethod flushes (20 events):
Event: 452.286 Thread 0x000002c7e2c933a0 flushing  nmethod 0x000002c7d0bbc290
Event: 452.286 Thread 0x000002c7e2c933a0 flushing  nmethod 0x000002c7d0bbc590
Event: 452.286 Thread 0x000002c7e2c933a0 flushing  nmethod 0x000002c7d0bbcb90
Event: 452.286 Thread 0x000002c7e2c933a0 flushing  nmethod 0x000002c7d0bbce90
Event: 452.286 Thread 0x000002c7e2c933a0 flushing  nmethod 0x000002c7d0bcd090
Event: 452.286 Thread 0x000002c7e2c933a0 flushing  nmethod 0x000002c7d0bcd610
Event: 452.286 Thread 0x000002c7e2c933a0 flushing  nmethod 0x000002c7d0bce090
Event: 452.286 Thread 0x000002c7e2c933a0 flushing  nmethod 0x000002c7d0bd1490
Event: 452.286 Thread 0x000002c7e2c933a0 flushing  nmethod 0x000002c7d0bd2390
Event: 452.286 Thread 0x000002c7e2c933a0 flushing  nmethod 0x000002c7d0bd2e90
Event: 452.286 Thread 0x000002c7e2c933a0 flushing  nmethod 0x000002c7d0bd4c10
Event: 452.286 Thread 0x000002c7e2c933a0 flushing  nmethod 0x000002c7d0bd5410
Event: 452.286 Thread 0x000002c7e2c933a0 flushing osr nmethod 0x000002c7d0be2890
Event: 452.286 Thread 0x000002c7e2c933a0 flushing  nmethod 0x000002c7d0bef810
Event: 452.286 Thread 0x000002c7e2c933a0 flushing  nmethod 0x000002c7d0bf6790
Event: 452.286 Thread 0x000002c7e2c933a0 flushing  nmethod 0x000002c7d0bf7290
Event: 452.286 Thread 0x000002c7e2c933a0 flushing  nmethod 0x000002c7d0bf7990
Event: 452.286 Thread 0x000002c7e2c933a0 flushing  nmethod 0x000002c7d0bfa510
Event: 452.286 Thread 0x000002c7e2c933a0 flushing  nmethod 0x000002c7d0c0bc90
Event: 452.286 Thread 0x000002c7e2c933a0 flushing  nmethod 0x000002c7d0c6b990

Events (20 events):
Event: 1332.485 Thread 0x000002c7e2e37610 Thread exited: 0x000002c7e2e37610
Event: 1332.516 Thread 0x000002c7e2e3a400 Thread exited: 0x000002c7e2e3a400
Event: 1342.387 Thread 0x000002c7e2e3aa90 Thread exited: 0x000002c7e2e3aa90
Event: 1342.418 Thread 0x000002c7e2e3b120 Thread exited: 0x000002c7e2e3b120
Event: 1342.418 Thread 0x000002c7e2e3b7b0 Thread exited: 0x000002c7e2e3b7b0
Event: 1358.412 Thread 0x000002c7ec00b560 Thread exited: 0x000002c7ec00b560
Event: 1371.340 Thread 0x000002c7e2e3be40 Thread exited: 0x000002c7e2e3be40
Event: 1418.413 Thread 0x000002c7ea121390 Thread exited: 0x000002c7ea121390
Event: 1478.425 Thread 0x000002c7ea122740 Thread exited: 0x000002c7ea122740
Event: 1538.435 Thread 0x000002c7eab79a90 Thread exited: 0x000002c7eab79a90
Event: 1555.529 Thread 0x000002c7caf9bd70 Thread added: 0x000002c7ea159c00
Event: 1555.923 Thread 0x000002c7ea159c00 Thread exited: 0x000002c7ea159c00
Event: 1576.778 Thread 0x000002c7caf8da30 Thread added: 0x000002c7ea15cbb0
Event: 1580.242 Thread 0x000002c7ea15cbb0 Thread exited: 0x000002c7ea15cbb0
Event: 1609.079 Thread 0x000002c7caf9bd70 Thread added: 0x000002c7ea15cbb0
Event: 1609.079 Thread 0x000002c7caf9bd70 Thread added: 0x000002c7ea159c00
Event: 1609.080 Thread 0x000002c7ea15cbb0 Thread added: 0x000002c7ea15e020
Event: 1614.097 Thread 0x000002c7ea15e020 Thread exited: 0x000002c7ea15e020
Event: 1614.097 Thread 0x000002c7ea159c00 Thread exited: 0x000002c7ea159c00
Event: 1619.111 Thread 0x000002c7ea15cbb0 Thread exited: 0x000002c7ea15cbb0


Dynamic libraries:
0x00007ff737180000 - 0x00007ff73718e000 	c:\Users\HOME\.vscode\extensions\redhat.java-1.54.0-win32-x64\jre\21.0.10-win32-x86_64\bin\java.exe
0x00007ffe6d320000 - 0x00007ffe6d587000 	C:\WINDOWS\SYSTEM32\ntdll.dll
0x00007ffe6c2a0000 - 0x00007ffe6c369000 	C:\WINDOWS\System32\KERNEL32.DLL
0x00007ffe6ab30000 - 0x00007ffe6af27000 	C:\WINDOWS\System32\KERNELBASE.dll
0x00007ffe6a7b0000 - 0x00007ffe6a8fb000 	C:\WINDOWS\System32\ucrtbase.dll
0x00007ffe4f530000 - 0x00007ffe4f54e000 	c:\Users\HOME\.vscode\extensions\redhat.java-1.54.0-win32-x64\jre\21.0.10-win32-x86_64\bin\VCRUNTIME140.dll
0x00007ffe39fd0000 - 0x00007ffe39fe8000 	c:\Users\HOME\.vscode\extensions\redhat.java-1.54.0-win32-x64\jre\21.0.10-win32-x86_64\bin\jli.dll
0x00007ffe6bf30000 - 0x00007ffe6c0f6000 	C:\WINDOWS\System32\USER32.dll
0x00007ffe6b070000 - 0x00007ffe6b097000 	C:\WINDOWS\System32\win32u.dll
0x00007ffe6d2b0000 - 0x00007ffe6d2db000 	C:\WINDOWS\System32\GDI32.dll
0x00007ffe4a030000 - 0x00007ffe4a2c2000 	C:\WINDOWS\WinSxS\amd64_microsoft.windows.common-controls_6595b64144ccf1df_6.0.26100.8457_none_3e0b2faee331e92d\COMCTL32.dll
0x00007ffe69d50000 - 0x00007ffe69e7c000 	C:\WINDOWS\System32\gdi32full.dll
0x00007ffe6b4f0000 - 0x00007ffe6b599000 	C:\WINDOWS\System32\msvcrt.dll
0x00007ffe6af30000 - 0x00007ffe6afd3000 	C:\WINDOWS\System32\msvcp_win.dll
0x00007ffe6bbc0000 - 0x00007ffe6bbf2000 	C:\WINDOWS\System32\IMM32.DLL
0x00007ffe54480000 - 0x00007ffe5448c000 	c:\Users\HOME\.vscode\extensions\redhat.java-1.54.0-win32-x64\jre\21.0.10-win32-x86_64\bin\vcruntime140_1.dll
0x00007ffe39f40000 - 0x00007ffe39fcd000 	c:\Users\HOME\.vscode\extensions\redhat.java-1.54.0-win32-x64\jre\21.0.10-win32-x86_64\bin\msvcp140.dll
0x00007ffdcd560000 - 0x00007ffdce301000 	c:\Users\HOME\.vscode\extensions\redhat.java-1.54.0-win32-x64\jre\21.0.10-win32-x86_64\bin\server\jvm.dll
0x00007ffe6b0a0000 - 0x00007ffe6b156000 	C:\WINDOWS\System32\ADVAPI32.dll
0x00007ffe6cb20000 - 0x00007ffe6cbc7000 	C:\WINDOWS\System32\sechost.dll
0x00007ffe6c100000 - 0x00007ffe6c218000 	C:\WINDOWS\System32\RPCRT4.dll
0x00007ffe6be90000 - 0x00007ffe6bf10000 	C:\WINDOWS\System32\WS2_32.dll
0x00007ffe61620000 - 0x00007ffe61656000 	C:\WINDOWS\SYSTEM32\WINMM.dll
0x00007ffe61610000 - 0x00007ffe6161b000 	C:\WINDOWS\SYSTEM32\VERSION.dll
0x00007ffe69bd0000 - 0x00007ffe69c2e000 	C:\WINDOWS\SYSTEM32\POWRPROF.dll
0x00007ffe69bb0000 - 0x00007ffe69bc4000 	C:\WINDOWS\SYSTEM32\UMPDC.dll
0x00007ffe68ae0000 - 0x00007ffe68afb000 	C:\WINDOWS\SYSTEM32\kernel.appcore.dll
0x00007ffe39f30000 - 0x00007ffe39f3a000 	c:\Users\HOME\.vscode\extensions\redhat.java-1.54.0-win32-x64\jre\21.0.10-win32-x86_64\bin\jimage.dll
0x00007ffe67bd0000 - 0x00007ffe67e12000 	C:\WINDOWS\SYSTEM32\DBGHELP.DLL
0x00007ffe6cbe0000 - 0x00007ffe6cf63000 	C:\WINDOWS\System32\combase.dll
0x00007ffe6cf70000 - 0x00007ffe6d049000 	C:\WINDOWS\System32\OLEAUT32.dll
0x00007ffe56c50000 - 0x00007ffe56c8b000 	C:\WINDOWS\SYSTEM32\dbgcore.DLL
0x00007ffe6a900000 - 0x00007ffe6a9a8000 	C:\WINDOWS\System32\bcryptPrimitives.dll
0x00007ffe39f20000 - 0x00007ffe39f2f000 	c:\Users\HOME\.vscode\extensions\redhat.java-1.54.0-win32-x64\jre\21.0.10-win32-x86_64\bin\instrument.dll
0x00007ffde2eb0000 - 0x00007ffde2ed0000 	c:\Users\HOME\.vscode\extensions\redhat.java-1.54.0-win32-x64\jre\21.0.10-win32-x86_64\bin\java.dll
0x00007ffe6c370000 - 0x00007ffe6cade000 	C:\WINDOWS\System32\SHELL32.dll
0x00007ffe69e80000 - 0x00007ffe6a6ec000 	C:\WINDOWS\System32\windows.storage.dll
0x00007ffe6bc00000 - 0x00007ffe6bcf6000 	C:\WINDOWS\System32\SHCORE.dll
0x00007ffe6ba90000 - 0x00007ffe6baf6000 	C:\WINDOWS\System32\shlwapi.dll
0x00007ffe69c70000 - 0x00007ffe69c99000 	C:\WINDOWS\SYSTEM32\profapi.dll
0x00007ffde2e90000 - 0x00007ffde2ea8000 	c:\Users\HOME\.vscode\extensions\redhat.java-1.54.0-win32-x64\jre\21.0.10-win32-x86_64\bin\zip.dll
0x00007ffde2e80000 - 0x00007ffde2e90000 	C:\Users\HOME\.vscode\extensions\redhat.java-1.54.0-win32-x64\jre\21.0.10-win32-x86_64\bin\net.dll
0x00007ffe61af0000 - 0x00007ffe61c19000 	C:\WINDOWS\SYSTEM32\WINHTTP.dll
0x00007ffe69050000 - 0x00007ffe690bc000 	C:\WINDOWS\system32\mswsock.dll
0x00007ffde27b0000 - 0x00007ffde27c6000 	C:\Users\HOME\.vscode\extensions\redhat.java-1.54.0-win32-x64\jre\21.0.10-win32-x86_64\bin\nio.dll
0x00007ffde2e70000 - 0x00007ffde2e80000 	c:\Users\HOME\.vscode\extensions\redhat.java-1.54.0-win32-x64\jre\21.0.10-win32-x86_64\bin\verify.dll
0x00007ffde24d0000 - 0x00007ffde2515000 	C:\Users\HOME\AppData\Roaming\Code\User\globalStorage\redhat.java\1.54.0\config_win\org.eclipse.equinox.launcher\org.eclipse.equinox.launcher.win32.win32.x86_64_1.3.0.v20260203-2149\eclipse_11919.dll
0x00007ffe6b160000 - 0x00007ffe6b2f7000 	C:\WINDOWS\System32\ole32.dll
0x00007ffe69340000 - 0x00007ffe6935b000 	C:\WINDOWS\SYSTEM32\CRYPTSP.dll
0x00007ffe68a40000 - 0x00007ffe68a79000 	C:\WINDOWS\system32\rsaenh.dll
0x00007ffe69100000 - 0x00007ffe69133000 	C:\WINDOWS\SYSTEM32\USERENV.dll
0x00007ffe69c40000 - 0x00007ffe69c6a000 	C:\WINDOWS\SYSTEM32\bcrypt.dll
0x00007ffe69330000 - 0x00007ffe6933c000 	C:\WINDOWS\SYSTEM32\CRYPTBASE.dll
0x00007ffe684f0000 - 0x00007ffe68522000 	C:\WINDOWS\SYSTEM32\IPHLPAPI.DLL
0x00007ffe6ba80000 - 0x00007ffe6ba8a000 	C:\WINDOWS\System32\NSI.dll
0x00007ffdd8550000 - 0x00007ffdd8599000 	C:\Users\HOME\AppData\Local\Temp\jna-2223327\jna11343003925923485414.dll
0x00007ffe6bf20000 - 0x00007ffe6bf28000 	C:\WINDOWS\System32\PSAPI.DLL
0x00007ffe63810000 - 0x00007ffe6382d000 	C:\WINDOWS\SYSTEM32\dhcpcsvc6.DLL
0x00007ffe63760000 - 0x00007ffe63785000 	C:\WINDOWS\SYSTEM32\dhcpcsvc.DLL
0x00007ffe623d0000 - 0x00007ffe623de000 	C:\Users\HOME\.vscode\extensions\redhat.java-1.54.0-win32-x64\jre\21.0.10-win32-x86_64\bin\sunmscapi.dll
0x00007ffe6a9b0000 - 0x00007ffe6ab28000 	C:\WINDOWS\System32\CRYPT32.dll
0x00007ffe69550000 - 0x00007ffe69580000 	C:\WINDOWS\SYSTEM32\ncrypt.dll
0x00007ffe69500000 - 0x00007ffe6953f000 	C:\WINDOWS\SYSTEM32\NTASN1.dll
0x00007ffe1e2b0000 - 0x00007ffe1e2b8000 	C:\WINDOWS\system32\wshunix.dll
0x00007ffe62460000 - 0x00007ffe62469000 	C:\Users\HOME\.vscode\extensions\redhat.java-1.54.0-win32-x64\jre\21.0.10-win32-x86_64\bin\extnet.dll
0x00007ffe68580000 - 0x00007ffe686b2000 	C:\WINDOWS\SYSTEM32\DNSAPI.dll
0x00007ffe627a0000 - 0x00007ffe627ab000 	C:\Windows\System32\rasadhlp.dll
0x00007ffe63ab0000 - 0x00007ffe63b36000 	C:\WINDOWS\System32\fwpuclnt.dll
0x00007ffe68c00000 - 0x00007ffe68c36000 	C:\WINDOWS\SYSTEM32\ntmarta.dll

JVMTI agents:
c:\Users\HOME\.vscode\extensions\redhat.java-1.54.0-win32-x64\lombok\lombok-1.18.39-4050.jar path:c:\Users\HOME\.vscode\extensions\redhat.java-1.54.0-win32-x64\jre\21.0.10-win32-x86_64\bin\instrument.dll, loaded, initialized, instrumentlib options:none

dbghelp: loaded successfully - version: 4.0.5 - missing functions: none
symbol engine: initialized successfully - sym options: 0x614 - pdb path: .;c:\Users\HOME\.vscode\extensions\redhat.java-1.54.0-win32-x64\jre\21.0.10-win32-x86_64\bin;C:\WINDOWS\SYSTEM32;C:\WINDOWS\WinSxS\amd64_microsoft.windows.common-controls_6595b64144ccf1df_6.0.26100.8457_none_3e0b2faee331e92d;c:\Users\HOME\.vscode\extensions\redhat.java-1.54.0-win32-x64\jre\21.0.10-win32-x86_64\bin\server;C:\Users\HOME\AppData\Roaming\Code\User\globalStorage\redhat.java\1.54.0\config_win\org.eclipse.equinox.launcher\org.eclipse.equinox.launcher.win32.win32.x86_64_1.3.0.v20260203-2149;C:\Users\HOME\AppData\Local\Temp\jna-2223327

VM Arguments:
jvm_args: --add-modules=ALL-SYSTEM --add-opens=java.base/java.util=ALL-UNNAMED --add-opens=java.base/java.lang=ALL-UNNAMED --add-opens=java.base/sun.nio.fs=ALL-UNNAMED -Declipse.application=org.eclipse.jdt.ls.core.id1 -Dosgi.bundles.defaultStartLevel=4 -Declipse.product=org.eclipse.jdt.ls.core.product -Djava.import.generatesMetadataFilesAtProjectRoot=false -DDetectVMInstallationsJob.disabled=true -Dfile.encoding=utf8 -XX:+UseParallelGC -XX:GCTimeRatio=4 -XX:AdaptiveSizePolicyWeight=90 -Dsun.zip.disableMemoryMapping=true -Xmx2G -Xms100m -Xlog:disable -javaagent:c:\Users\HOME\.vscode\extensions\redhat.java-1.54.0-win32-x64\lombok\lombok-1.18.39-4050.jar -XX:+HeapDumpOnOutOfMemoryError -XX:HeapDumpPath=c:\Users\HOME\AppData\Roaming\Code\User\workspaceStorage\24419083ecbf71930fab6177e44796a6\redhat.java -Daether.dependencyCollector.impl=bf 
java_command: c:\Users\HOME\.vscode\extensions\redhat.java-1.54.0-win32-x64\server\plugins\org.eclipse.equinox.launcher_1.7.100.v20251111-0406.jar -configuration c:\Users\HOME\AppData\Roaming\Code\User\globalStorage\redhat.java\1.54.0\config_win -data c:\Users\HOME\AppData\Roaming\Code\User\workspaceStorage\24419083ecbf71930fab6177e44796a6\redhat.java\jdt_ws --pipe=\\.\pipe\lsp-4824950041858daa666ca90deef66d21-sock
java_class_path (initial): c:\Users\HOME\.vscode\extensions\redhat.java-1.54.0-win32-x64\server\plugins\org.eclipse.equinox.launcher_1.7.100.v20251111-0406.jar
Launcher Type: SUN_STANDARD

[Global flags]
    uintx AdaptiveSizePolicyWeight                 = 90                                        {product} {command line}
     intx CICompilerCount                          = 12                                        {product} {ergonomic}
    uintx GCTimeRatio                              = 4                                         {product} {command line}
     bool HeapDumpOnOutOfMemoryError               = true                                   {manageable} {command line}
    ccstr HeapDumpPath                             = c:\Users\HOME\AppData\Roaming\Code\User\workspaceStorage\24419083ecbf71930fab6177e44796a6\redhat.java         {manageable} {command line}
   size_t InitialHeapSize                          = 104857600                                 {product} {command line}
   size_t MaxHeapSize                              = 2147483648                                {product} {command line}
   size_t MaxNewSize                               = 715653120                                 {product} {ergonomic}
   size_t MinHeapDeltaBytes                        = 524288                                    {product} {ergonomic}
   size_t MinHeapSize                              = 104857600                                 {product} {command line}
   size_t NewSize                                  = 34603008                                  {product} {ergonomic}
    uintx NonNMethodCodeHeapSize                   = 7602480                                {pd product} {ergonomic}
    uintx NonProfiledCodeHeapSize                  = 122027880                              {pd product} {ergonomic}
   size_t OldSize                                  = 70254592                                  {product} {ergonomic}
    uintx ProfiledCodeHeapSize                     = 122027880                              {pd product} {ergonomic}
    uintx ReservedCodeCacheSize                    = 251658240                              {pd product} {ergonomic}
     bool SegmentedCodeCache                       = true                                      {product} {ergonomic}
   size_t SoftMaxHeapSize                          = 2147483648                             {manageable} {ergonomic}
     bool UseCompressedOops                        = true                           {product lp64_product} {ergonomic}
     bool UseLargePagesIndividualAllocation        = false                                  {pd product} {ergonomic}
     bool UseParallelGC                            = true                                      {product} {command line}

Logging:
Log output configuration:
 #0: stdout all=off uptime,level,tags foldmultilines=false
 #1: stderr all=off uptime,level,tags foldmultilines=false

Release file:
JAVA_VERSION="21.0.10" 
MODULES="java.base java.compiler java.datatransfer java.xml java.prefs java.desktop java.instrument java.logging java.management java.security.sasl java.naming java.rmi java.management.rmi java.net.http java.scripting java.security.jgss java.transaction.xa java.sql java.sql.rowset java.xml.crypto java.se java.smartcardio jdk.accessibility jdk.internal.jvmstat jdk.attach jdk.charsets jdk.internal.opt jdk.zipfs jdk.compiler jdk.crypto.ec jdk.crypto.cryptoki jdk.crypto.mscapi jdk.dynalink jdk.internal.ed jdk.editpad jdk.hotspot.agent jdk.httpserver jdk.internal.le jdk.internal.vm.ci jdk.internal.vm.compiler jdk.internal.vm.compiler.management jdk.jartool jdk.javadoc jdk.jcmd jdk.management jdk.management.agent jdk.jconsole jdk.jdeps jdk.jdwp.agent jdk.jdi jdk.jfr jdk.jshell jdk.jsobject jdk.jstatd jdk.localedata jdk.management.jfr jdk.naming.dns jdk.naming.rmi jdk.net jdk.nio.mapmode jdk.random jdk.sctp jdk.security.auth jdk.security.jgss jdk.unsupported jdk.unsupported.desktop jdk.xml.dom" 

Environment Variables:
JAVA_HOME=C:\Program Files\Java\jdk-25

CLASSPATH=C:\Program Files\Java\jdk-25
\lib
PATH=C:\Program Files\Common Files\Oracle\Java\javapath;C:\WINDOWS\system32;C:\WINDOWS;C:\WINDOWS\System32\Wbem;C:\WINDOWS\System32\WindowsPowerShell\v1.0\;C:\WINDOWS\System32\OpenSSH\;C:\Users\User\AppData\Local\Programs\Python\Python39;C:\Users\User\AppData\Local\Programs\Python\Python39\Scripts;C:\Program Files\Git\cmd;C:\Program Files\nodejs\;C:\Program Files\Graphviz\bin;C:\mingw64\bin;C:\Program Files\Java\jdk-25
\bin;C:\Program Files (x86)\Windows Kits\10\Windows Performance Toolkit\;C:\Program Files\PowerShell\7\;C:\Program Files\CMake\bin;C:\Users\HOME\AppData\Local\Programs\Python\Python37-32\Scripts\;C:\Users\HOME\AppData\Local\Programs\Python\Python37-32\;C:\Users\HOME\AppData\Local\Programs\Quarto\bin;C:\Ruby33-x64\bin;C:\Users\HOME\AppData\Local\Programs\Python\Python312\Scripts\;C:\Users\HOME\AppData\Local\Programs\Python\Python312\;C:\Users\HOME\AppData\Local\Microsoft\WindowsApps;C:\Users\HOME\anaconda3\Library\bin;C:\Users\HOME\anaconda3\Scripts;C:\Users\HOME\anaconda3;C:\Users\HOME\AppData\Local\GitHubDesktop\bin;C:\Users\HOME\AppData\Roaming\npm;C:\Users\HOME\Downloads\windows_10_cmake_Release_graphviz-install-13.1.1-win64.exe;C:\Users\HOME\AppData\Local\Programs\Microsoft VS Code\bin
USERNAME=HOME
OS=Windows_NT
PROCESSOR_IDENTIFIER=Intel64 Family 6 Model 170 Stepping 4, GenuineIntel
TMP=C:\Users\HOME\AppData\Local\Temp
TEMP=C:\Users\HOME\AppData\Local\Temp




Periodic native trim disabled

---------------  S Y S T E M  ---------------

OS:
 Windows 11 , 64 bit Build 26100 (10.0.26100.8328)
OS uptime: 0 days 0:30 hours

CPU: total 18 (initial active 18) (9 cores per cpu, 2 threads per core) family 6 model 170 stepping 4 microcode 0x1c, cx8, cmov, fxsr, ht, mmx, 3dnowpref, sse, sse2, sse3, ssse3, sse4.1, sse4.2, popcnt, lzcnt, tsc, tscinvbit, avx, avx2, aes, erms, clmul, bmi1, bmi2, adx, sha, fma, vzeroupper, clflush, clflushopt, clwb, serialize, rdtscp, rdpid, fsrm, f16c, pku, cet_ibt, cet_ss
Processor Information for processor 0
  Max Mhz: 1200, Current Mhz: 1200, Mhz Limit: 1200
Processor Information for processor 1
  Max Mhz: 1200, Current Mhz: 1200, Mhz Limit: 1200
Processor Information for processor 2
  Max Mhz: 3600, Current Mhz: 700, Mhz Limit: 684
Processor Information for processor 3
  Max Mhz: 3600, Current Mhz: 700, Mhz Limit: 684
Processor Information for processor 4
  Max Mhz: 3600, Current Mhz: 700, Mhz Limit: 684
Processor Information for processor 5
  Max Mhz: 3600, Current Mhz: 700, Mhz Limit: 684
Processor Information for processor 6
  Max Mhz: 3600, Current Mhz: 700, Mhz Limit: 684
Processor Information for processor 7
  Max Mhz: 3600, Current Mhz: 700, Mhz Limit: 684
Processor Information for processor 8
  Max Mhz: 3600, Current Mhz: 700, Mhz Limit: 684
Processor Information for processor 9
  Max Mhz: 3600, Current Mhz: 700, Mhz Limit: 684
Processor Information for processor 10
  Max Mhz: 1200, Current Mhz: 1200, Mhz Limit: 1200
Processor Information for processor 11
  Max Mhz: 1200, Current Mhz: 1200, Mhz Limit: 1200
Processor Information for processor 12
  Max Mhz: 1200, Current Mhz: 1200, Mhz Limit: 1200
Processor Information for processor 13
  Max Mhz: 1200, Current Mhz: 1200, Mhz Limit: 1200
Processor Information for processor 14
  Max Mhz: 1200, Current Mhz: 1200, Mhz Limit: 1200
Processor Information for processor 15
  Max Mhz: 1200, Current Mhz: 1200, Mhz Limit: 1200
Processor Information for processor 16
  Max Mhz: 2500, Current Mhz: 700, Mhz Limit: 700
Processor Information for processor 17
  Max Mhz: 2500, Current Mhz: 700, Mhz Limit: 700

Memory: 4k page, system-wide physical 15931M (5171M free)
TotalPageFile size 15931M (AvailPageFile size 8M)
current process WorkingSet (physical memory assigned to process): 1622M, peak: 1622M
current process commit charge ("private bytes"): 1688M, peak: 1693M

vm_info: OpenJDK 64-Bit Server VM (21.0.10+7-LTS) for windows-amd64 JRE (21.0.10+7-LTS), built on 2026-01-20T00:00:00Z by "admin" with MS VC++ 17.12 (VS2022)

END.
